Archive member included to satisfy reference by file (symbol)

/Applications/SEGGER Embedded Studio for ARM 3.34/lib/libc_v7em_fpv4_sp_d16_hard_t_le_eabi.a(libc_asm.o)
                              Output/ble_app_beacon_pca10040_s132 Debug/Obj/bsp.o (__aeabi_uldivmod)
/Applications/SEGGER Embedded Studio for ARM 3.34/lib/libc_v7em_fpv4_sp_d16_hard_t_le_eabi.a(libc2.o)
                              Output/ble_app_beacon_pca10040_s132 Debug/Obj/SEGGER_RTT_Syscalls_SES.o (vsnprintf)
/Applications/SEGGER Embedded Studio for ARM 3.34/lib/libc_v7em_fpv4_sp_d16_hard_t_le_eabi.a(libc2_asm.o)
                              Output/ble_app_beacon_pca10040_s132 Debug/Obj/nrf_atfifo.o (memcpy)
/Applications/SEGGER Embedded Studio for ARM 3.34/lib/libdebugio_v7em_fpv4_sp_d16_hard_t_le_eabi.a(libdebugio.o)
                              Output/ble_app_beacon_pca10040_s132 Debug/Obj/thumb_crt0.o (debug_fopen)
/Applications/SEGGER Embedded Studio for ARM 3.34/lib/libdebugio_mempoll_v7em_fpv4_sp_d16_hard_t_le_eabi.a(mempoll_debug_operations.o)
                              /Applications/SEGGER Embedded Studio for ARM 3.34/lib/libdebugio_v7em_fpv4_sp_d16_hard_t_le_eabi.a(libdebugio.o) (__do_debug_operation)
/Applications/SEGGER Embedded Studio for ARM 3.34/lib/libdebugio_mempoll_v7em_fpv4_sp_d16_hard_t_le_eabi.a(do_nv_debug_operation.o)
                              /Applications/SEGGER Embedded Studio for ARM 3.34/lib/libdebugio_v7em_fpv4_sp_d16_hard_t_le_eabi.a(libdebugio.o) (__do_nvdebug_operation)
/Applications/SEGGER Embedded Studio for ARM 3.34/lib/libm_v7em_fpv4_sp_d16_hard_t_le_eabi.a(libm_asm.o)
                              /Applications/SEGGER Embedded Studio for ARM 3.34/lib/libc_v7em_fpv4_sp_d16_hard_t_le_eabi.a(libc2.o) (__aeabi_i2d)
/Applications/SEGGER Embedded Studio for ARM 3.34/lib/libm_v7em_fpv4_sp_d16_hard_t_le_eabi.a(libm2.o)
                              /Applications/SEGGER Embedded Studio for ARM 3.34/lib/libvfprintf_v7em_fpv4_sp_d16_hard_t_le_eabi.o (frexp)
/Applications/SEGGER Embedded Studio for ARM 3.34/lib/libm_v7em_fpv4_sp_d16_hard_t_le_eabi.a(libm2_asm.o)
                              /Applications/SEGGER Embedded Studio for ARM 3.34/lib/libm_v7em_fpv4_sp_d16_hard_t_le_eabi.a(libm2.o) (fabs)

Discarded input sections

 .text          0x0000000000000000        0x0 Output/ble_app_beacon_pca10040_s132 Debug/Obj/thumb_crt0.o
 .data          0x0000000000000000        0x0 Output/ble_app_beacon_pca10040_s132 Debug/Obj/thumb_crt0.o
 .bss           0x0000000000000000        0x0 Output/ble_app_beacon_pca10040_s132 Debug/Obj/thumb_crt0.o
 .text.__aeabi_read_tp
                0x0000000000000000        0x8 Output/ble_app_beacon_pca10040_s132 Debug/Obj/thumb_crt0.o
 .text.__heap_lock
                0x0000000000000000        0x2 Output/ble_app_beacon_pca10040_s132 Debug/Obj/thumb_crt0.o
 .text.__heap_unlock
                0x0000000000000000        0x2 Output/ble_app_beacon_pca10040_s132 Debug/Obj/thumb_crt0.o
 .text.__printf_lock
                0x0000000000000000        0x2 Output/ble_app_beacon_pca10040_s132 Debug/Obj/thumb_crt0.o
 .text.__printf_unlock
                0x0000000000000000        0x2 Output/ble_app_beacon_pca10040_s132 Debug/Obj/thumb_crt0.o
 .text.__scanf_lock
                0x0000000000000000        0x2 Output/ble_app_beacon_pca10040_s132 Debug/Obj/thumb_crt0.o
 .text.__scanf_unlock
                0x0000000000000000        0x2 Output/ble_app_beacon_pca10040_s132 Debug/Obj/thumb_crt0.o
 .text.__debug_io_lock
                0x0000000000000000        0x2 Output/ble_app_beacon_pca10040_s132 Debug/Obj/thumb_crt0.o
 .text.__debug_io_unlock
                0x0000000000000000        0x2 Output/ble_app_beacon_pca10040_s132 Debug/Obj/thumb_crt0.o
 .text.abort    0x0000000000000000        0x2 Output/ble_app_beacon_pca10040_s132 Debug/Obj/thumb_crt0.o
 .text.__assert
                0x0000000000000000        0x2 Output/ble_app_beacon_pca10040_s132 Debug/Obj/thumb_crt0.o
 .text.__aeabi_assert
                0x0000000000000000        0x2 Output/ble_app_beacon_pca10040_s132 Debug/Obj/thumb_crt0.o
 .text.__cxa_pure_virtual
                0x0000000000000000        0x2 Output/ble_app_beacon_pca10040_s132 Debug/Obj/thumb_crt0.o
 .text.__cxa_guard_acquire
                0x0000000000000000       0x10 Output/ble_app_beacon_pca10040_s132 Debug/Obj/thumb_crt0.o
 .text.__cxa_guard_release
                0x0000000000000000        0x6 Output/ble_app_beacon_pca10040_s132 Debug/Obj/thumb_crt0.o
 .text.__cxa_guard_abort
                0x0000000000000000        0x2 Output/ble_app_beacon_pca10040_s132 Debug/Obj/thumb_crt0.o
 .text.__sync_synchronize
                0x0000000000000000        0x2 Output/ble_app_beacon_pca10040_s132 Debug/Obj/thumb_crt0.o
 .text.__getchar
                0x0000000000000000        0x4 Output/ble_app_beacon_pca10040_s132 Debug/Obj/thumb_crt0.o
 .text.__putchar
                0x0000000000000000        0x4 Output/ble_app_beacon_pca10040_s132 Debug/Obj/thumb_crt0.o
[...]
Memory Configuration

Name             Origin             Length             Attributes
UNPLACED_SECTIONS 0x0000000100000000 0x0000000000000000 xw
RAM              0x0000000020000000 0x0000000000010000 xw
FLASH            0x0000000000000000 0x0000000000080000 xw
*default*        0x0000000000000000 0xffffffffffffffff

Linker script and memory map

                0x0000000000000000                __vfprintf = __vfprintf_long
                0x0000000000000000                __vfscanf = __vfscanf_int
                0x0000000020000000                __RAM_segment_start__ = 0x20000000
                0x0000000020010000                __RAM_segment_end__ = 0x20010000
                0x0000000000010000                __RAM_segment_size__ = 0x10000
                0x0000000000000000                __FLASH_segment_start__ = 0x0
                0x0000000000080000                __FLASH_segment_end__ = 0x80000
                0x0000000000080000                __FLASH_segment_size__ = 0x80000
                0x0000000000000200                __HEAPSIZE__ = 0x200
                0x0000000000000000                __STACKSIZE_ABT__ = 0x0
                0x0000000000000000                __STACKSIZE_FIQ__ = 0x0
                0x0000000000000000                __STACKSIZE_IRQ__ = 0x0
                0x0000000000000000                __STACKSIZE_PROCESS__ = 0x0
                0x0000000000000000                __STACKSIZE_SVC__ = 0x0
                0x0000000000000000                __STACKSIZE_UND__ = 0x0
                0x0000000000000800                __STACKSIZE__ = 0x800
                0x0000000020000000                __reserved_ram_load_start__ = 0x20000000

.reserved_ram   0x0000000020000000     0x1730
                0x0000000020000000                __reserved_ram_start__ = .
 *(.reserved_ram .reserved_ram.*)
                0x0000000020001730                . = MAX (((__reserved_ram_start__ + 0x20001730) - 0x20000000), .)
 *fill*         0x0000000020000000     0x1730 
                0x0000000020001730                __reserved_ram_end__ = (__reserved_ram_start__ + SIZEOF (.reserved_ram))
                0x0000000000001730                __reserved_ram_size__ = SIZEOF (.reserved_ram)
                0x0000000020001730                __reserved_ram_load_end__ = __reserved_ram_end__
                0x0000000000000001                . = ASSERT (((__reserved_ram_start__ == __reserved_ram_end__) || ((__reserved_ram_end__ >= __RAM_segment_start__) && (__reserved_ram_end__ <= __RAM_segment_end__))), error: .reserved_ram is too large to fit in RAM memory segment)
                0x0000000020001730                __vectors_ram_load_start__ = 0x20001730

.vectors_ram    0x0000000020001730        0x0
                0x0000000020001730                __vectors_ram_start__ = .
                0x0000000020001730                __app_ram_start__ = __vectors_ram_start__
 *(.vectors_ram .vectors_ram.*)
                0x0000000020001730                __vectors_ram_end__ = (__vectors_ram_start__ + SIZEOF (.vectors_ram))
                0x0000000000000000                __vectors_ram_size__ = SIZEOF (.vectors_ram)
                0x0000000020001730                __vectors_ram_load_end__ = __vectors_ram_end__
                0x0000000000000001                . = ASSERT (((__vectors_ram_start__ == __vectors_ram_end__) || ((__vectors_ram_end__ >= __RAM_segment_start__) && (__vectors_ram_end__ <= __RAM_segment_end__))), error: .vectors_ram is too large to fit in RAM memory segment)
                0x0000000000000001                . = ASSERT ((__reserved_ram_end__ <= __vectors_ram_start__), error: section .reserved_ram overlaps absolute placed section .vectors_ram)
                0x0000000020001730                __nrf_sections_run_load_start__ = ALIGN (__vectors_ram_end__, 0x4)

.nrf_sections_run
                0x0000000020001730        0x0
                0x0000000020001730                __nrf_sections_run_start__ = .
                0x0000000020001730                __start_nrf_sections_run = __nrf_sections_run_start__
 *(.nrf_sections_run .nrf_sections_run.*)
                0x0000000020001730                __nrf_sections_run_end__ = (__nrf_sections_run_start__ + SIZEOF (.nrf_sections_run))
                0x0000000000000000                __nrf_sections_run_size__ = SIZEOF (.nrf_sections_run)
                0x0000000020001730                __nrf_sections_run_load_end__ = __nrf_sections_run_end__
                0x0000000000000001                . = ASSERT (((__nrf_sections_run_start__ == __nrf_sections_run_end__) || ((__nrf_sections_run_end__ >= __RAM_segment_start__) && (__nrf_sections_run_end__ <= __RAM_segment_end__))), error: .nrf_sections_run is too large to fit in RAM memory segment)
                0x0000000000000000                __reserved_flash_load_start__ = 0x0

.reserved_flash
                0x0000000000000000    0x23000
                0x0000000000000000                __reserved_flash_start__ = .
 *(.reserved_flash .reserved_flash.*)
                0x0000000000023000                . = MAX (((__reserved_flash_start__ + 0x23000) - 0x0), .)
 *fill*         0x0000000000000000    0x23000 
                0x0000000000023000                __reserved_flash_end__ = (__reserved_flash_start__ + SIZEOF (.reserved_flash))
                0x0000000000023000                __reserved_flash_size__ = SIZEOF (.reserved_flash)
                0x0000000000023000                __reserved_flash_load_end__ = __reserved_flash_end__
                0x0000000000000001                . = ASSERT (((__reserved_flash_start__ == __reserved_flash_end__) || ((__reserved_flash_end__ >= __FLASH_segment_start__) && (__reserved_flash_end__ <= __FLASH_segment_end__))), error: .reserved_flash is too large to fit in FLASH memory segment)
                0x0000000000023000                __vectors_load_start__ = 0x23000

.vectors        0x0000000000023000       0xdc
                0x0000000000023000                __vectors_start__ = .
 *(.vectors .vectors.*)
 .vectors       0x0000000000023000       0xdc Output/ble_app_beacon_pca10040_s132 Debug/Obj/ses_nrf52_Vectors.o
                0x0000000000023000                _vectors
                0x00000000000230dc                __vectors_end__ = (__vectors_start__ + SIZEOF (.vectors))
                0x00000000000000dc                __vectors_size__ = SIZEOF (.vectors)
                0x00000000000230dc                __vectors_load_end__ = __vectors_end__
                0x0000000000000001                . = ASSERT (((__vectors_start__ == __vectors_end__) || ((__vectors_end__ >= __FLASH_segment_start__) && (__vectors_end__ <= __FLASH_segment_end__))), error: .vectors is too large to fit in FLASH memory segment)
                0x0000000000000001                . = ASSERT ((__reserved_flash_end__ <= __vectors_start__), error: section .reserved_flash overlaps absolute placed section .vectors)
                0x00000000000230dc                __init_load_start__ = ALIGN (__vectors_end__, 0x4)

.init           0x00000000000230dc      0x218
                0x00000000000230dc                __init_start__ = .
 *(.init .init.*)
 .init          0x00000000000230dc      0x160 Output/ble_app_beacon_pca10040_s132 Debug/Obj/thumb_crt0.o
                0x00000000000230dc                _start
                0x0000000000023192                exit
 .init          0x000000000002323c       0x58 Output/ble_app_beacon_pca10040_s132 Debug/Obj/ses_nRF_Startup.o
                0x000000000002323c                Reset_Handler
                0x0000000000023260                InitializeUserMemorySections
 .init          0x0000000000023294       0x60 Output/ble_app_beacon_pca10040_s132 Debug/Obj/ses_nrf52_Vectors.o
                0x0000000000023294                NMI_Handler
                0x0000000000023296                HardFault_Handler
                0x0000000000023298                MemoryManagement_Handler
                0x000000000002329a                BusFault_Handler
                0x000000000002329c                UsageFault_Handler
                0x000000000002329e                SVC_Handler
                0x00000000000232a0                DebugMon_Handler
                0x00000000000232a2                PendSV_Handler
                0x00000000000232a4                SysTick_Handler
                0x00000000000232aa                RADIO_IRQHandler
                0x00000000000232ac                UARTE0_UART0_IRQHandler
                0x00000000000232ae                SPIM0_SPIS0_TWIM0_TWIS0_SPI0_TWI0_IRQHandler
                0x00000000000232b0                SPIM1_SPIS1_TWIM1_TWIS1_SPI1_TWI1_IRQHandler
                0x00000000000232b2                NFCT_IRQHandler
                0x00000000000232b4                GPIOTE_IRQHandler
                0x00000000000232b6                SAADC_IRQHandler
                0x00000000000232b8                TIMER0_IRQHandler
                0x00000000000232ba                TIMER1_IRQHandler
                0x00000000000232bc                TIMER2_IRQHandler
                0x00000000000232be                RTC0_IRQHandler
                0x00000000000232c0                TEMP_IRQHandler
                0x00000000000232c2                RNG_IRQHandler
                0x00000000000232c4                ECB_IRQHandler
                0x00000000000232c6                CCM_AAR_IRQHandler
                0x00000000000232c8                WDT_IRQHandler
                0x00000000000232ca                RTC1_IRQHandler
                0x00000000000232cc                QDEC_IRQHandler
                0x00000000000232ce                COMP_LPCOMP_IRQHandler
                0x00000000000232d0                SWI0_EGU0_IRQHandler
                0x00000000000232d2                SWI1_EGU1_IRQHandler
                0x00000000000232d6                SWI3_EGU3_IRQHandler
                0x00000000000232d8                SWI4_EGU4_IRQHandler
                0x00000000000232da                SWI5_EGU5_IRQHandler
                0x00000000000232dc                TIMER3_IRQHandler
                0x00000000000232de                TIMER4_IRQHandler
                0x00000000000232e0                PWM0_IRQHandler
                0x00000000000232e2                PDM_IRQHandler
                0x00000000000232e4                MWU_IRQHandler
                0x00000000000232e6                PWM1_IRQHandler
                0x00000000000232e8                PWM2_IRQHandler
                0x00000000000232ea                SPIM2_SPIS2_SPI2_IRQHandler
                0x00000000000232ec                RTC2_IRQHandler
                0x00000000000232ee                I2S_IRQHandler
                0x00000000000232f0                FPU_IRQHandler
                0x00000000000232f4                __init_end__ = (__init_start__ + SIZEOF (.init))
                0x0000000000000218                __init_size__ = SIZEOF (.init)
                0x00000000000232f4                __init_load_end__ = __init_end__
                0x0000000000000001                . = ASSERT (((__init_start__ == __init_end__) || ((__init_end__ >= __FLASH_segment_start__) && (__init_end__ <= __FLASH_segment_end__))), error: .init is too large to fit in FLASH memory segment)
                0x00000000000232f4                __init_rodata_load_start__ = ALIGN (__init_end__, 0x4)

.init_rodata    0x00000000000232f4        0x0
                0x00000000000232f4                __init_rodata_start__ = .
 *(.init_rodata .init_rodata.*)
                0x00000000000232f4                __init_rodata_end__ = (__init_rodata_start__ + SIZEOF (.init_rodata))
                0x0000000000000000                __init_rodata_size__ = SIZEOF (.init_rodata)
                0x00000000000232f4                __init_rodata_load_end__ = __init_rodata_end__
                0x0000000000000001                . = ASSERT (((__init_rodata_start__ == __init_rodata_end__) || ((__init_rodata_end__ >= __FLASH_segment_start__) && (__init_rodata_end__ <= __FLASH_segment_end__))), error: .init_rodata is too large to fit in FLASH memory segment)
                0x00000000000232f4                __text_load_start__ = ALIGN (__init_rodata_end__, 0x4)

.text           0x00000000000232f4     0x2344
                0x00000000000232f4                __text_start__ = .
 *(.text .text.* .glue_7t .glue_7 .gnu.linkonce.t.* .gcc_except_table .ARM.extab* .gnu.linkonce.armextab.*)
 .glue_7        0x00000000000232f4        0x0 linker stubs
 .glue_7t       0x00000000000232f4        0x0 linker stubs
 .text.app_error_handler
                0x00000000000232f4       0x30 Output/ble_app_beacon_pca10040_s132 Debug/Obj/app_error.o
                0x00000000000232f4                app_error_handler
 .text.app_error_save_and_stop
                0x0000000000023324       0x98 Output/ble_app_beacon_pca10040_s132 Debug/Obj/app_error.o
                0x0000000000023324                app_error_save_and_stop
 .text.app_error_fault_handler
                0x00000000000233bc       0x6c Output/ble_app_beacon_pca10040_s132 Debug/Obj/app_error_weak.o
                0x00000000000233bc                app_error_fault_handler
 .text.__sd_nvic_irq_disable
                0x0000000000023428       0x16 Output/ble_app_beacon_pca10040_s132 Debug/Obj/app_util_platform.o
 .text.__sd_nvic_irq_enable
                0x000000000002343e        0x6 Output/ble_app_beacon_pca10040_s132 Debug/Obj/app_util_platform.o
 .text.sd_nvic_critical_region_enter
                0x0000000000023444       0x74 Output/ble_app_beacon_pca10040_s132 Debug/Obj/app_util_platform.o
 .text.sd_nvic_critical_region_exit
                0x00000000000234b8       0x54 Output/ble_app_beacon_pca10040_s132 Debug/Obj/app_util_platform.o
 .text.app_util_critical_region_enter
                0x000000000002350c       0x2c Output/ble_app_beacon_pca10040_s132 Debug/Obj/app_util_platform.o
                0x000000000002350c                app_util_critical_region_enter
 .text.app_util_critical_region_exit
                0x0000000000023538       0x34 Output/ble_app_beacon_pca10040_s132 Debug/Obj/app_util_platform.o
                0x0000000000023538                app_util_critical_region_exit
 .text.privilege_level_get
                0x000000000002356c       0x3a Output/ble_app_beacon_pca10040_s132 Debug/Obj/app_util_platform.o
                0x000000000002356c                privilege_level_get
 .text.assert_nrf_callback
                0x00000000000235a6       0x2e Output/ble_app_beacon_pca10040_s132 Debug/Obj/nrf_assert.o
                0x00000000000235a6                assert_nrf_callback
 .text.nrf_section_iter_init
                0x00000000000235d4       0x54 Output/ble_app_beacon_pca10040_s132 Debug/Obj/nrf_section_iter.o
                0x00000000000235d4                nrf_section_iter_init
 .text.nrf_section_iter_next
                0x0000000000023628       0x64 Output/ble_app_beacon_pca10040_s132 Debug/Obj/nrf_section_iter.o
                0x0000000000023628                nrf_section_iter_next
 .text.NVIC_DisableIRQ
                0x000000000002368c       0x30 Output/ble_app_beacon_pca10040_s132 Debug/Obj/nrf_drv_clock.o
 .text.nrf_clock_int_disable
                0x00000000000236bc       0x14 Output/ble_app_beacon_pca10040_s132 Debug/Obj/nrf_drv_clock.o
 .text.nrf_clock_task_trigger
                0x00000000000236d0       0x1a Output/ble_app_beacon_pca10040_s132 Debug/Obj/nrf_drv_clock.o
 .text.nrf_clock_event_clear
                0x00000000000236ea       0x28 Output/ble_app_beacon_pca10040_s132 Debug/Obj/nrf_drv_clock.o
 .text.nrf_clock_event_check
                0x0000000000023712       0x22 Output/ble_app_beacon_pca10040_s132 Debug/Obj/nrf_drv_clock.o
 .text.nrf_clock_lf_src_set
                0x0000000000023734       0x1e Output/ble_app_beacon_pca10040_s132 Debug/Obj/nrf_drv_clock.o
 .text.nrf_clock_lf_is_running
                0x0000000000023752       0x1c Output/ble_app_beacon_pca10040_s132 Debug/Obj/nrf_drv_clock.o
 *fill*         0x000000000002376e        0x2 
 .text.nrf_drv_common_irq_enable_check
                0x0000000000023770       0x38 Output/ble_app_beacon_pca10040_s132 Debug/Obj/nrf_drv_clock.o
 .text.nrf_drv_common_power_clock_irq_init
                0x00000000000237a8       0x20 Output/ble_app_beacon_pca10040_s132 Debug/Obj/nrf_drv_clock.o
 .text.lfclk_stop
                0x00000000000237c8       0x40 Output/ble_app_beacon_pca10040_s132 Debug/Obj/nrf_drv_clock.o
 .text.nrf_drv_clock_init
                0x0000000000023808       0x5c Output/ble_app_beacon_pca10040_s132 Debug/Obj/nrf_drv_clock.o
                0x0000000000023808                nrf_drv_clock_init
 .text.item_dequeue
                0x0000000000023864       0x20 Output/ble_app_beacon_pca10040_s132 Debug/Obj/nrf_drv_clock.o
 .text.nrf_drv_clock_lfclk_release
                0x0000000000023884       0x68 Output/ble_app_beacon_pca10040_s132 Debug/Obj/nrf_drv_clock.o
                0x0000000000023884                nrf_drv_clock_lfclk_release
 .text.clock_clk_started_notify
                0x00000000000238ec       0x4c Output/ble_app_beacon_pca10040_s132 Debug/Obj/nrf_drv_clock.o
 .text.POWER_CLOCK_IRQHandler
                0x0000000000023938       0x5c Output/ble_app_beacon_pca10040_s132 Debug/Obj/nrf_drv_clock.o
                0x0000000000023938                POWER_CLOCK_IRQHandler
 .text.soc_evt_handler
                0x0000000000023994       0x1c Output/ble_app_beacon_pca10040_s132 Debug/Obj/nrf_drv_clock.o
 .text.sd_state_evt_handler
                0x00000000000239b0       0x94 Output/ble_app_beacon_pca10040_s132 Debug/Obj/nrf_drv_clock.o
 .text.NVIC_EnableIRQ
                0x0000000000023a44       0x2c Output/ble_app_beacon_pca10040_s132 Debug/Obj/nrf_drv_common.o
 .text.NVIC_ClearPendingIRQ
                0x0000000000023a70       0x30 Output/ble_app_beacon_pca10040_s132 Debug/Obj/nrf_drv_common.o
 .text.NVIC_SetPriority
                0x0000000000023aa0       0x50 Output/ble_app_beacon_pca10040_s132 Debug/Obj/nrf_drv_common.o
 .text.nrf_drv_common_irq_enable
                0x0000000000023af0       0x6c Output/ble_app_beacon_pca10040_s132 Debug/Obj/nrf_drv_common.o
                0x0000000000023af0                nrf_drv_common_irq_enable
 .text.sd_power_dcdc_mode_set
                0x0000000000023b5c        0x8 Output/ble_app_beacon_pca10040_s132 Debug/Obj/main.o
 .text.sd_app_evt_wait
                0x0000000000023b64        0x8 Output/ble_app_beacon_pca10040_s132 Debug/Obj/main.o
 .text.sd_ble_gap_adv_start
                0x0000000000023b6c        0x8 Output/ble_app_beacon_pca10040_s132 Debug/Obj/main.o
 .text.sd_ble_uuid_vs_add
                0x0000000000023b74        0x8 Output/ble_app_beacon_pca10040_s132 Debug/Obj/main.o
 .text.advertising_init
                0x0000000000023b7c       0xd0 Output/ble_app_beacon_pca10040_s132 Debug/Obj/main.o
 .text.ble_stack_init
                0x0000000000023c4c       0x6c Output/ble_app_beacon_pca10040_s132 Debug/Obj/main.o
 .text.log_init
                0x0000000000023cb8       0x28 Output/ble_app_beacon_pca10040_s132 Debug/Obj/main.o
 .text.power_manage
                0x0000000000023ce0       0x2c Output/ble_app_beacon_pca10040_s132 Debug/Obj/main.o
 .text.main     0x0000000000023d0c       0x1a Output/ble_app_beacon_pca10040_s132 Debug/Obj/main.o
                0x0000000000023d0c                main
 .text.sd_ble_gap_addr_get
                0x0000000000023d26        0x8 Output/ble_app_beacon_pca10040_s132 Debug/Obj/ble_advdata.o
 .text.sd_ble_gap_adv_data_set
                0x0000000000023d2e        0x8 Output/ble_app_beacon_pca10040_s132 Debug/Obj/ble_advdata.o
 .text.sd_ble_gap_appearance_get
                0x0000000000023d36        0x8 Output/ble_app_beacon_pca10040_s132 Debug/Obj/ble_advdata.o
 .text.sd_ble_gap_device_name_get
                0x0000000000023d3e        0x8 Output/ble_app_beacon_pca10040_s132 Debug/Obj/ble_advdata.o
 .text.sd_ble_uuid_encode
                0x0000000000023d46        0x8 Output/ble_app_beacon_pca10040_s132 Debug/Obj/ble_advdata.o
 .text.uint16_encode
                0x0000000000023d4e       0x2c Output/ble_app_beacon_pca10040_s132 Debug/Obj/ble_advdata.o
 .text.ble_device_addr_encode
                0x0000000000023d7a       0xce Output/ble_app_beacon_pca10040_s132 Debug/Obj/ble_advdata.o
 .text.name_encode
                0x0000000000023e48      0x13e Output/ble_app_beacon_pca10040_s132 Debug/Obj/ble_advdata.o
 .text.appearance_encode
                0x0000000000023f86       0x9c Output/ble_app_beacon_pca10040_s132 Debug/Obj/ble_advdata.o
 .text.flags_encode
                0x0000000000024022       0x7e Output/ble_app_beacon_pca10040_s132 Debug/Obj/ble_advdata.o
 .text.tx_power_level_encode
                0x00000000000240a0       0x7e Output/ble_app_beacon_pca10040_s132 Debug/Obj/ble_advdata.o
 .text.uuid_list_sized_encode
                0x000000000002411e      0x150 Output/ble_app_beacon_pca10040_s132 Debug/Obj/ble_advdata.o
 .text.uuid_list_encode
                0x000000000002426e       0x66 Output/ble_app_beacon_pca10040_s132 Debug/Obj/ble_advdata.o
 .text.conn_int_check
                0x00000000000242d4       0x78 Output/ble_app_beacon_pca10040_s132 Debug/Obj/ble_advdata.o
 .text.conn_int_encode
                0x000000000002434c       0xc0 Output/ble_app_beacon_pca10040_s132 Debug/Obj/ble_advdata.o
 .text.manuf_specific_data_encode
                0x000000000002440c       0xe0 Output/ble_app_beacon_pca10040_s132 Debug/Obj/ble_advdata.o
 .text.service_data_encode
                0x00000000000244ec      0x108 Output/ble_app_beacon_pca10040_s132 Debug/Obj/ble_advdata.o
 .text.ble_advdata_encode
                0x00000000000245f4      0x1d2 Output/ble_app_beacon_pca10040_s132 Debug/Obj/ble_advdata.o
                0x00000000000245f4                ble_advdata_encode
 .text.advdata_check
                0x00000000000247c6       0x1c Output/ble_app_beacon_pca10040_s132 Debug/Obj/ble_advdata.o
 .text.srdata_check
                0x00000000000247e2       0x18 Output/ble_app_beacon_pca10040_s132 Debug/Obj/ble_advdata.o
 .text.ble_advdata_set
                0x00000000000247fa       0xb4 Output/ble_app_beacon_pca10040_s132 Debug/Obj/ble_advdata.o
                0x00000000000247fa                ble_advdata_set
 *fill*         0x00000000000248ae        0x2 
 .text.NVIC_SystemReset
                0x00000000000248b0       0x24 Output/ble_app_beacon_pca10040_s132 Debug/Obj/system_nrf52.o
 .text.SystemCoreClockUpdate
                0x00000000000248d4       0x14 Output/ble_app_beacon_pca10040_s132 Debug/Obj/system_nrf52.o
                0x00000000000248d4                SystemCoreClockUpdate
 .text.SystemInit
                0x00000000000248e8      0x2bc Output/ble_app_beacon_pca10040_s132 Debug/Obj/system_nrf52.o
                0x00000000000248e8                SystemInit
 .text.errata_12
                0x0000000000024ba4       0x58 Output/ble_app_beacon_pca10040_s132 Debug/Obj/system_nrf52.o
 .text.errata_16
                0x0000000000024bfc       0x38 Output/ble_app_beacon_pca10040_s132 Debug/Obj/system_nrf52.o
 .text.errata_31
                0x0000000000024c34       0x58 Output/ble_app_beacon_pca10040_s132 Debug/Obj/system_nrf52.o
 .text.errata_32
                0x0000000000024c8c       0x38 Output/ble_app_beacon_pca10040_s132 Debug/Obj/system_nrf52.o
 .text.errata_36
                0x0000000000024cc4       0x58 Output/ble_app_beacon_pca10040_s132 Debug/Obj/system_nrf52.o
 .text.errata_37
                0x0000000000024d1c       0x38 Output/ble_app_beacon_pca10040_s132 Debug/Obj/system_nrf52.o
 .text.errata_57
                0x0000000000024d54       0x38 Output/ble_app_beacon_pca10040_s132 Debug/Obj/system_nrf52.o
 .text.errata_66
                0x0000000000024d8c       0x38 Output/ble_app_beacon_pca10040_s132 Debug/Obj/system_nrf52.o
 .text.errata_108
                0x0000000000024dc4       0x58 Output/ble_app_beacon_pca10040_s132 Debug/Obj/system_nrf52.o
 .text.errata_136
                0x0000000000024e1c       0x58 Output/ble_app_beacon_pca10040_s132 Debug/Obj/system_nrf52.o
 .text.NVIC_EnableIRQ
                0x0000000000024e74       0x2c Output/ble_app_beacon_pca10040_s132 Debug/Obj/nrf_sdh.o
 .text.NVIC_SetPriority
                0x0000000000024ea0       0x50 Output/ble_app_beacon_pca10040_s132 Debug/Obj/nrf_sdh.o
 .text.NVIC_GetPriority
                0x0000000000024ef0       0x48 Output/ble_app_beacon_pca10040_s132 Debug/Obj/nrf_sdh.o
 .text.nrf_section_iter_get
                0x0000000000024f38       0x24 Output/ble_app_beacon_pca10040_s132 Debug/Obj/nrf_sdh.o
 .text.sd_softdevice_enable
                0x0000000000024f5c        0x8 Output/ble_app_beacon_pca10040_s132 Debug/Obj/nrf_sdh.o
 .text.__sd_nvic_app_accessible_irq
                0x0000000000024f64       0x58 Output/ble_app_beacon_pca10040_s132 Debug/Obj/nrf_sdh.o
 .text.__sd_nvic_is_app_accessible_priority
                0x0000000000024fbc       0x2c Output/ble_app_beacon_pca10040_s132 Debug/Obj/nrf_sdh.o
 .text.sd_nvic_EnableIRQ
                0x0000000000024fe8       0x88 Output/ble_app_beacon_pca10040_s132 Debug/Obj/nrf_sdh.o
 .text.sd_nvic_SetPriority
                0x0000000000025070       0x4a Output/ble_app_beacon_pca10040_s132 Debug/Obj/nrf_sdh.o
 *fill*         0x00000000000250ba        0x2 
 .text.sdh_request_observer_notify
                0x00000000000250bc       0x64 Output/ble_app_beacon_pca10040_s132 Debug/Obj/nrf_sdh.o
 .text.sdh_state_observer_notify
                0x0000000000025120       0x58 Output/ble_app_beacon_pca10040_s132 Debug/Obj/nrf_sdh.o
 .text.softdevices_evt_irq_enable
                0x0000000000025178       0x2c Output/ble_app_beacon_pca10040_s132 Debug/Obj/nrf_sdh.o
 .text.swi_interrupt_priority_workaround
                0x00000000000251a4       0x4c Output/ble_app_beacon_pca10040_s132 Debug/Obj/nrf_sdh.o
 .text.nrf_sdh_enable_request
                0x00000000000251f0       0x88 Output/ble_app_beacon_pca10040_s132 Debug/Obj/nrf_sdh.o
                0x00000000000251f0                nrf_sdh_enable_request
 .text.nrf_sdh_is_enabled
                0x0000000000025278        0xc Output/ble_app_beacon_pca10040_s132 Debug/Obj/nrf_sdh.o
                0x0000000000025278                nrf_sdh_is_enabled
 .text.nrf_sdh_evts_poll
                0x0000000000025284       0x4c Output/ble_app_beacon_pca10040_s132 Debug/Obj/nrf_sdh.o
                0x0000000000025284                nrf_sdh_evts_poll
 .text.SWI2_EGU2_IRQHandler
                0x00000000000252d0        0xa Output/ble_app_beacon_pca10040_s132 Debug/Obj/nrf_sdh.o
                0x00000000000252d0                SWI2_EGU2_IRQHandler
 .text.sd_ble_enable
                0x00000000000252da        0x8 Output/ble_app_beacon_pca10040_s132 Debug/Obj/nrf_sdh_ble.o
 .text.sd_ble_cfg_set
                0x00000000000252e2        0x8 Output/ble_app_beacon_pca10040_s132 Debug/Obj/nrf_sdh_ble.o
 .text.sd_ble_evt_get
                0x00000000000252ea        0x8 Output/ble_app_beacon_pca10040_s132 Debug/Obj/nrf_sdh_ble.o
 *fill*         0x00000000000252f2        0x2 
 .text.nrf_section_iter_get
                0x00000000000252f4       0x24 Output/ble_app_beacon_pca10040_s132 Debug/Obj/nrf_sdh_ble.o
 .text.nrf_sdh_ble_app_ram_start_get
                0x0000000000025318       0x24 Output/ble_app_beacon_pca10040_s132 Debug/Obj/nrf_sdh_ble.o
                0x0000000000025318                nrf_sdh_ble_app_ram_start_get
 .text.nrf_sdh_ble_default_cfg_set
                0x000000000002533c       0xf0 Output/ble_app_beacon_pca10040_s132 Debug/Obj/nrf_sdh_ble.o
                0x000000000002533c                nrf_sdh_ble_default_cfg_set
 .text.nrf_sdh_ble_enable
                0x000000000002542c       0x1e Output/ble_app_beacon_pca10040_s132 Debug/Obj/nrf_sdh_ble.o
                0x000000000002542c                nrf_sdh_ble_enable
 *fill*         0x000000000002544a        0x2 
 .text.nrf_sdh_ble_evts_poll
                0x000000000002544c       0x8c Output/ble_app_beacon_pca10040_s132 Debug/Obj/nrf_sdh_ble.o
 .text.nrf_section_iter_get
                0x00000000000254d8       0x24 Output/ble_app_beacon_pca10040_s132 Debug/Obj/nrf_sdh_soc.o
 .text.sd_evt_get
                0x00000000000254fc        0x8 Output/ble_app_beacon_pca10040_s132 Debug/Obj/nrf_sdh_soc.o
 .text.nrf_sdh_soc_evts_poll
                0x0000000000025504       0x78 Output/ble_app_beacon_pca10040_s132 Debug/Obj/nrf_sdh_soc.o
 .text.libc.memcpy
                0x000000000002557c       0x54 /Applications/SEGGER Embedded Studio for ARM 3.34/lib/libc_v7em_fpv4_sp_d16_hard_t_le_eabi.a(libc2_asm.o)
                0x000000000002557c                memcpy
                0x000000000002557c                __aeabi_memcpy
                0x0000000000025588                __aeabi_memcpy4
                0x0000000000025588                __aeabi_memcpy8
 .text.libc.memset
                0x00000000000255d0       0x68 /Applications/SEGGER Embedded Studio for ARM 3.34/lib/libc_v7em_fpv4_sp_d16_hard_t_le_eabi.a(libc2_asm.o)
                0x00000000000255d0                memset
                0x0000000000025638                __text_end__ = (__text_start__ + SIZEOF (.text))
                0x0000000000002344                __text_size__ = SIZEOF (.text)
                0x0000000000025638                __text_load_end__ = __text_end__

.vfp11_veneer   0x0000000100000000        0x0
 .vfp11_veneer  0x0000000100000000        0x0 linker stubs

.v4_bx          0x0000000100000000        0x0
 .v4_bx         0x0000000100000000        0x0 linker stubs

.iplt           0x0000000100000000        0x0
 .iplt          0x0000000100000000        0x0 Output/ble_app_beacon_pca10040_s132 Debug/Obj/thumb_crt0.o
                0x0000000000000001                . = ASSERT (((__text_start__ == __text_end__) || ((__text_end__ >= __FLASH_segment_start__) && (__text_end__ <= __FLASH_segment_end__))), error: .text is too large to fit in FLASH memory segment)
                0x0000000000025638                __sdh_soc_observers_load_start__ = ALIGN (__text_end__, 0x4)

.sdh_soc_observers
                0x0000000000025638        0x8
                0x0000000000025638                __sdh_soc_observers_start__ = .
                0x0000000000025638                __start_sdh_soc_observers = __sdh_soc_observers_start__
 *(SORT(.sdh_soc_observers*))
 .sdh_soc_observers0
                0x0000000000025638        0x8 Output/ble_app_beacon_pca10040_s132 Debug/Obj/nrf_drv_clock.o
                0x0000000000025640                __sdh_soc_observers_end__ = (__sdh_soc_observers_start__ + SIZEOF (.sdh_soc_observers))
                0x0000000000000008                __sdh_soc_observers_size__ = SIZEOF (.sdh_soc_observers)
                0x0000000000025640                __stop_sdh_soc_observers = __sdh_soc_observers_end__
                0x0000000000025640                __sdh_soc_observers_load_end__ = __sdh_soc_observers_end__
                0x0000000000000001                . = ASSERT (((__sdh_soc_observers_start__ == __sdh_soc_observers_end__) || ((__sdh_soc_observers_end__ >= __FLASH_segment_start__) && (__sdh_soc_observers_end__ <= __FLASH_segment_end__))), error: .sdh_soc_observers is too large to fit in FLASH memory segment)
                0x0000000000025640                __sdh_ble_observers_load_start__ = ALIGN (__sdh_soc_observers_end__, 0x4)

.sdh_ble_observers
                0x0000000000025640        0x0
                0x0000000000025640                __sdh_ble_observers_start__ = .
                0x0000000000025640                __start_sdh_ble_observers = __sdh_ble_observers_start__
 *(SORT(.sdh_ble_observers*))
                0x0000000000025640                __sdh_ble_observers_end__ = (__sdh_ble_observers_start__ + SIZEOF (.sdh_ble_observers))
                0x0000000000000000                __sdh_ble_observers_size__ = SIZEOF (.sdh_ble_observers)
                0x0000000000025640                __stop_sdh_ble_observers = __sdh_ble_observers_end__
                0x0000000000025640                __sdh_ble_observers_load_end__ = __sdh_ble_observers_end__
                0x0000000000000001                . = ASSERT (((__sdh_ble_observers_start__ == __sdh_ble_observers_end__) || ((__sdh_ble_observers_end__ >= __FLASH_segment_start__) && (__sdh_ble_observers_end__ <= __FLASH_segment_end__))), error: .sdh_ble_observers is too large to fit in FLASH memory segment)
                0x0000000000025640                __pwr_mgmt_data_load_start__ = ALIGN (__sdh_ble_observers_end__, 0x4)

.pwr_mgmt_data  0x0000000000025640        0x0
                0x0000000000025640                __pwr_mgmt_data_start__ = .
                0x0000000000025640                __start_pwr_mgmt_data = __pwr_mgmt_data_start__
 *(SORT(.pwr_mgmt_data*))
                0x0000000000025640                __pwr_mgmt_data_end__ = (__pwr_mgmt_data_start__ + SIZEOF (.pwr_mgmt_data))
                0x0000000000000000                __pwr_mgmt_data_size__ = SIZEOF (.pwr_mgmt_data)
                0x0000000000025640                __stop_pwr_mgmt_data = __pwr_mgmt_data_end__
                0x0000000000025640                __pwr_mgmt_data_load_end__ = __pwr_mgmt_data_end__
                0x0000000000000001                . = ASSERT (((__pwr_mgmt_data_start__ == __pwr_mgmt_data_end__) || ((__pwr_mgmt_data_end__ >= __FLASH_segment_start__) && (__pwr_mgmt_data_end__ <= __FLASH_segment_end__))), error: .pwr_mgmt_data is too large to fit in FLASH memory segment)
                0x0000000000025640                __log_const_data_load_start__ = ALIGN (__pwr_mgmt_data_end__, 0x4)

.log_const_data
                0x0000000000025640        0x0
                0x0000000000025640                __log_const_data_start__ = .
                0x0000000000025640                __start_log_const_data = __log_const_data_start__
 *(SORT(.log_const_data*))
                0x0000000000025640                __log_const_data_end__ = (__log_const_data_start__ + SIZEOF (.log_const_data))
                0x0000000000000000                __log_const_data_size__ = SIZEOF (.log_const_data)
                0x0000000000025640                __stop_log_const_data = __log_const_data_end__
                0x0000000000025640                __log_const_data_load_end__ = __log_const_data_end__
                0x0000000000000001                . = ASSERT (((__log_const_data_start__ == __log_const_data_end__) || ((__log_const_data_end__ >= __FLASH_segment_start__) && (__log_const_data_end__ <= __FLASH_segment_end__))), error: .log_const_data is too large to fit in FLASH memory segment)
                0x0000000000025640                __sdh_req_observers_load_start__ = ALIGN (__log_const_data_end__, 0x4)

.sdh_req_observers
                0x0000000000025640        0x0
                0x0000000000025640                __sdh_req_observers_start__ = .
                0x0000000000025640                __start_sdh_req_observers = __sdh_req_observers_start__
 *(SORT(.sdh_req_observers*))
                0x0000000000025640                __sdh_req_observers_end__ = (__sdh_req_observers_start__ + SIZEOF (.sdh_req_observers))
                0x0000000000000000                __sdh_req_observers_size__ = SIZEOF (.sdh_req_observers)
                0x0000000000025640                __stop_sdh_req_observers = __sdh_req_observers_end__
                0x0000000000025640                __sdh_req_observers_load_end__ = __sdh_req_observers_end__
                0x0000000000000001                . = ASSERT (((__sdh_req_observers_start__ == __sdh_req_observers_end__) || ((__sdh_req_observers_end__ >= __FLASH_segment_start__) && (__sdh_req_observers_end__ <= __FLASH_segment_end__))), error: .sdh_req_observers is too large to fit in FLASH memory segment)
                0x0000000000025640                __sdh_state_observers_load_start__ = ALIGN (__sdh_req_observers_end__, 0x4)

.sdh_state_observers
                0x0000000000025640        0x8
                0x0000000000025640                __sdh_state_observers_start__ = .
                0x0000000000025640                __start_sdh_state_observers = __sdh_state_observers_start__
 *(SORT(.sdh_state_observers*))
 .sdh_state_observers0
                0x0000000000025640        0x8 Output/ble_app_beacon_pca10040_s132 Debug/Obj/nrf_drv_clock.o
                0x0000000000025648                __sdh_state_observers_end__ = (__sdh_state_observers_start__ + SIZEOF (.sdh_state_observers))
                0x0000000000000008                __sdh_state_observers_size__ = SIZEOF (.sdh_state_observers)
                0x0000000000025648                __stop_sdh_state_observers = __sdh_state_observers_end__
                0x0000000000025648                __sdh_state_observers_load_end__ = __sdh_state_observers_end__
                0x0000000000000001                . = ASSERT (((__sdh_state_observers_start__ == __sdh_state_observers_end__) || ((__sdh_state_observers_end__ >= __FLASH_segment_start__) && (__sdh_state_observers_end__ <= __FLASH_segment_end__))), error: .sdh_state_observers is too large to fit in FLASH memory segment)
                0x0000000000025648                __sdh_stack_observers_load_start__ = ALIGN (__sdh_state_observers_end__, 0x4)

.sdh_stack_observers
                0x0000000000025648       0x10
                0x0000000000025648                __sdh_stack_observers_start__ = .
                0x0000000000025648                __start_sdh_stack_observers = __sdh_stack_observers_start__
 *(SORT(.sdh_stack_observers*))
 .sdh_stack_observers0
                0x0000000000025648        0x8 Output/ble_app_beacon_pca10040_s132 Debug/Obj/nrf_sdh_ble.o
 .sdh_stack_observers0
                0x0000000000025650        0x8 Output/ble_app_beacon_pca10040_s132 Debug/Obj/nrf_sdh_soc.o
                0x0000000000025658                __sdh_stack_observers_end__ = (__sdh_stack_observers_start__ + SIZEOF (.sdh_stack_observers))
                0x0000000000000010                __sdh_stack_observers_size__ = SIZEOF (.sdh_stack_observers)
                0x0000000000025658                __stop_sdh_stack_observers = __sdh_stack_observers_end__
                0x0000000000025658                __sdh_stack_observers_load_end__ = __sdh_stack_observers_end__
                0x0000000000000001                . = ASSERT (((__sdh_stack_observers_start__ == __sdh_stack_observers_end__) || ((__sdh_stack_observers_end__ >= __FLASH_segment_start__) && (__sdh_stack_observers_end__ <= __FLASH_segment_end__))), error: .sdh_stack_observers is too large to fit in FLASH memory segment)
                0x0000000000025658                __cli_command_load_start__ = ALIGN (__sdh_stack_observers_end__, 0x4)

.cli_command    0x0000000000025658        0x0
                0x0000000000025658                __cli_command_start__ = .
                0x0000000000025658                __start_cli_command = __cli_command_start__
 *(.cli_command*)
                0x0000000000025658                __cli_command_end__ = (__cli_command_start__ + SIZEOF (.cli_command))
                0x0000000000000000                __cli_command_size__ = SIZEOF (.cli_command)
                0x0000000000025658                __stop_cli_command = __cli_command_end__
                0x0000000000025658                __cli_command_load_end__ = __cli_command_end__
                0x0000000000000001                . = ASSERT (((__cli_command_start__ == __cli_command_end__) || ((__cli_command_end__ >= __FLASH_segment_start__) && (__cli_command_end__ <= __FLASH_segment_end__))), error: .cli_command is too large to fit in FLASH memory segment)
                0x0000000000025658                __nrf_sections_load_start__ = ALIGN (__cli_command_end__, 0x4)

.nrf_sections   0x0000000000025658        0x0
                0x0000000000025658                __nrf_sections_start__ = .
                0x0000000000025658                __start_nrf_sections = __nrf_sections_start__
 *(.nrf_sections .nrf_sections.*)
                0x0000000000025658                __nrf_sections_end__ = (__nrf_sections_start__ + SIZEOF (.nrf_sections))
                0x0000000000000000                __nrf_sections_size__ = SIZEOF (.nrf_sections)
                0x0000000000025658                __nrf_sections_load_end__ = __nrf_sections_end__
                0x0000000000000001                . = ASSERT (((__nrf_sections_start__ == __nrf_sections_end__) || ((__nrf_sections_end__ >= __FLASH_segment_start__) && (__nrf_sections_end__ <= __FLASH_segment_end__))), error: .nrf_sections is too large to fit in FLASH memory segment)
                0x0000000000025658                __log_dynamic_data_load_start__ = ALIGN (__nrf_sections_end__, 0x4)

.log_dynamic_data
                0x0000000020001730        0x0 load address 0x0000000000025658
                0x0000000020001730                __log_dynamic_data_start__ = .
 *(SORT(.log_dynamic_data*))
                0x0000000020001730                __log_dynamic_data_end__ = (__log_dynamic_data_start__ + SIZEOF (.log_dynamic_data))
                0x0000000000000000                __log_dynamic_data_size__ = SIZEOF (.log_dynamic_data)
                0x0000000000025658                __log_dynamic_data_load_end__ = (__log_dynamic_data_load_start__ + SIZEOF (.log_dynamic_data))
                0x0000000000000001                . = ASSERT (((__log_dynamic_data_load_start__ == __log_dynamic_data_load_end__) || ((__log_dynamic_data_load_end__ >= __FLASH_segment_start__) && (__log_dynamic_data_load_end__ <= __FLASH_segment_end__))), error: .log_dynamic_data is too large to fit in FLASH memory segment)

.log_dynamic_data_run
                0x0000000020001730        0x0
                0x0000000020001730                __log_dynamic_data_run_start__ = .
                0x0000000020001730                __start_log_dynamic_data = __log_dynamic_data_run_start__
                0x0000000020001730                . = MAX ((__log_dynamic_data_run_start__ + SIZEOF (.log_dynamic_data)), .)
                0x0000000020001730                __log_dynamic_data_run_end__ = (__log_dynamic_data_run_start__ + SIZEOF (.log_dynamic_data_run))
                0x0000000000000000                __log_dynamic_data_run_size__ = SIZEOF (.log_dynamic_data_run)
                0x0000000020001730                __stop_log_dynamic_data = __log_dynamic_data_run_end__
                0x0000000020001730                __log_dynamic_data_run_load_end__ = __log_dynamic_data_run_end__
                0x0000000000000001                . = ASSERT (((__log_dynamic_data_run_start__ == __log_dynamic_data_run_end__) || ((__log_dynamic_data_run_end__ >= __RAM_segment_start__) && (__log_dynamic_data_run_end__ <= __RAM_segment_end__))), error: .log_dynamic_data_run is too large to fit in RAM memory segment)
                0x0000000000025658                __cli_sorted_cmd_ptrs_load_start__ = ALIGN ((__log_dynamic_data_load_start__ + SIZEOF (.log_dynamic_data)), 0x4)

.cli_sorted_cmd_ptrs
                0x0000000020001730        0x0 load address 0x0000000000025658
                0x0000000020001730                __cli_sorted_cmd_ptrs_start__ = .
 *(.cli_sorted_cmd_ptrs*)
                0x0000000020001730                __cli_sorted_cmd_ptrs_end__ = (__cli_sorted_cmd_ptrs_start__ + SIZEOF (.cli_sorted_cmd_ptrs))
                0x0000000000000000                __cli_sorted_cmd_ptrs_size__ = SIZEOF (.cli_sorted_cmd_ptrs)
                0x0000000000025658                __cli_sorted_cmd_ptrs_load_end__ = (__cli_sorted_cmd_ptrs_load_start__ + SIZEOF (.cli_sorted_cmd_ptrs))
                0x0000000000000001                . = ASSERT (((__cli_sorted_cmd_ptrs_load_start__ == __cli_sorted_cmd_ptrs_load_end__) || ((__cli_sorted_cmd_ptrs_load_end__ >= __FLASH_segment_start__) && (__cli_sorted_cmd_ptrs_load_end__ <= __FLASH_segment_end__))), error: .cli_sorted_cmd_ptrs is too large to fit in FLASH memory segment)

.cli_sorted_cmd_ptrs_run
                0x0000000020001730        0x0
                0x0000000020001730                __cli_sorted_cmd_ptrs_run_start__ = .
                0x0000000020001730                __start_cli_sorted_cmd_ptrs = __cli_sorted_cmd_ptrs_run_start__
                0x0000000020001730                . = MAX ((__cli_sorted_cmd_ptrs_run_start__ + SIZEOF (.cli_sorted_cmd_ptrs)), .)
                0x0000000020001730                __cli_sorted_cmd_ptrs_run_end__ = (__cli_sorted_cmd_ptrs_run_start__ + SIZEOF (.cli_sorted_cmd_ptrs_run))
                0x0000000000000000                __cli_sorted_cmd_ptrs_run_size__ = SIZEOF (.cli_sorted_cmd_ptrs_run)
                0x0000000020001730                __stop_cli_sorted_cmd_ptrs = __cli_sorted_cmd_ptrs_run_end__
                0x0000000020001730                __cli_sorted_cmd_ptrs_run_load_end__ = __cli_sorted_cmd_ptrs_run_end__
                0x0000000000000001                . = ASSERT (((__cli_sorted_cmd_ptrs_run_start__ == __cli_sorted_cmd_ptrs_run_end__) || ((__cli_sorted_cmd_ptrs_run_end__ >= __RAM_segment_start__) && (__cli_sorted_cmd_ptrs_run_end__ <= __RAM_segment_end__))), error: .cli_sorted_cmd_ptrs_run is too large to fit in RAM memory segment)
                0x0000000000025658                __fs_data_load_start__ = ALIGN ((__cli_sorted_cmd_ptrs_load_start__ + SIZEOF (.cli_sorted_cmd_ptrs)), 0x4)

.fs_data        0x0000000020001730        0x0 load address 0x0000000000025658
                0x0000000020001730                __fs_data_start__ = .
 *(.fs_data*)
                0x0000000020001730                __fs_data_end__ = (__fs_data_start__ + SIZEOF (.fs_data))
                0x0000000000000000                __fs_data_size__ = SIZEOF (.fs_data)
                0x0000000000025658                __fs_data_load_end__ = (__fs_data_load_start__ + SIZEOF (.fs_data))
                0x0000000000000001                . = ASSERT (((__fs_data_load_start__ == __fs_data_load_end__) || ((__fs_data_load_end__ >= __FLASH_segment_start__) && (__fs_data_load_end__ <= __FLASH_segment_end__))), error: .fs_data is too large to fit in FLASH memory segment)

.fs_data_run    0x0000000020001730        0x0
                0x0000000020001730                __fs_data_run_start__ = .
                0x0000000020001730                __start_fs_data = __fs_data_run_start__
                0x0000000020001730                . = MAX ((__fs_data_run_start__ + SIZEOF (.fs_data)), .)
                0x0000000020001730                __fs_data_run_end__ = (__fs_data_run_start__ + SIZEOF (.fs_data_run))
                0x0000000000000000                __fs_data_run_size__ = SIZEOF (.fs_data_run)
                0x0000000020001730                __stop_fs_data = __fs_data_run_end__
                0x0000000020001730                __fs_data_run_load_end__ = __fs_data_run_end__
                0x0000000000000001                . = ASSERT (((__fs_data_run_start__ == __fs_data_run_end__) || ((__fs_data_run_end__ >= __RAM_segment_start__) && (__fs_data_run_end__ <= __RAM_segment_end__))), error: .fs_data_run is too large to fit in RAM memory segment)
                0x0000000020001730                __nrf_sections_run_end_load_start__ = ALIGN (__fs_data_run_end__, 0x4)

.nrf_sections_run_end
                0x0000000020001730        0x0
                0x0000000020001730                __nrf_sections_run_end_start__ = .
                0x0000000020001730                __end_nrf_sections_run = __nrf_sections_run_end_start__
 *(.nrf_sections_run_end .nrf_sections_run_end.*)
                0x0000000020001730                __nrf_sections_run_end_end__ = (__nrf_sections_run_end_start__ + SIZEOF (.nrf_sections_run_end))
                0x0000000000000000                __nrf_sections_run_end_size__ = SIZEOF (.nrf_sections_run_end)
                0x0000000020001730                __nrf_sections_run_end_load_end__ = __nrf_sections_run_end_end__
                0x0000000000000001                . = ASSERT (((__nrf_sections_run_end_start__ == __nrf_sections_run_end_end__) || ((__nrf_sections_run_end_end__ >= __RAM_segment_start__) && (__nrf_sections_run_end_end__ <= __RAM_segment_end__))), error: .nrf_sections_run_end is too large to fit in RAM memory segment)
                0x0000000000025658                __dtors_load_start__ = ALIGN ((__fs_data_load_start__ + SIZEOF (.fs_data)), 0x4)

.dtors          0x0000000000025658        0x0
                0x0000000000025658                __dtors_start__ = .
 *(SORT(.dtors.*))
 *(.dtors)
 *(.fini_array)
 *(SORT(.fini_array.*))
                0x0000000000025658                __dtors_end__ = (__dtors_start__ + SIZEOF (.dtors))
                0x0000000000000000                __dtors_size__ = SIZEOF (.dtors)
                0x0000000000025658                __dtors_load_end__ = __dtors_end__
                0x0000000000000001                . = ASSERT (((__dtors_start__ == __dtors_end__) || ((__dtors_end__ >= __FLASH_segment_start__) && (__dtors_end__ <= __FLASH_segment_end__))), error: .dtors is too large to fit in FLASH memory segment)
                0x0000000000025658                __ctors_load_start__ = ALIGN (__dtors_end__, 0x4)

.ctors          0x0000000000025658        0x0
                0x0000000000025658                __ctors_start__ = .
 *(SORT(.ctors.*))
 *(.ctors)
 *(.init_array)
 *(SORT(.init_array.*))
                0x0000000000025658                __ctors_end__ = (__ctors_start__ + SIZEOF (.ctors))
                0x0000000000000000                __ctors_size__ = SIZEOF (.ctors)
                0x0000000000025658                __ctors_load_end__ = __ctors_end__
                0x0000000000000001                . = ASSERT (((__ctors_start__ == __ctors_end__) || ((__ctors_end__ >= __FLASH_segment_start__) && (__ctors_end__ <= __FLASH_segment_end__))), error: .ctors is too large to fit in FLASH memory segment)
                0x0000000000025658                __rodata_load_start__ = ALIGN (__ctors_end__, 0x4)

.rodata         0x0000000000025658      0x500
                0x0000000000025658                __rodata_start__ = .
 *(.rodata .rodata.* .gnu.linkonce.r.*)
 .rodata        0x0000000000025658       0x74 Output/ble_app_beacon_pca10040_s132 Debug/Obj/app_util_platform.o
 .rodata        0x00000000000256cc       0x88 Output/ble_app_beacon_pca10040_s132 Debug/Obj/nrf_section_iter.o
 .rodata        0x0000000000025754       0x73 Output/ble_app_beacon_pca10040_s132 Debug/Obj/nrf_drv_clock.o
 *fill*         0x00000000000257c7        0x1 
 .rodata        0x00000000000257c8       0x75 Output/ble_app_beacon_pca10040_s132 Debug/Obj/nrf_drv_common.o
 *fill*         0x000000000002583d        0x3 
 .rodata        0x0000000000025840       0x84 Output/ble_app_beacon_pca10040_s132 Debug/Obj/main.o
 .rodata        0x00000000000258c4       0xc8 Output/ble_app_beacon_pca10040_s132 Debug/Obj/nrf_sdh.o
 .rodata.sdh_req_observers
                0x000000000002598c        0xc Output/ble_app_beacon_pca10040_s132 Debug/Obj/nrf_sdh.o
 .rodata.sdh_state_observers
                0x0000000000025998        0xc Output/ble_app_beacon_pca10040_s132 Debug/Obj/nrf_sdh.o
 .rodata.sdh_stack_observers
                0x00000000000259a4        0xc Output/ble_app_beacon_pca10040_s132 Debug/Obj/nrf_sdh.o
 .rodata        0x00000000000259b0       0xc5 Output/ble_app_beacon_pca10040_s132 Debug/Obj/nrf_sdh_ble.o
 *fill*         0x0000000000025a75        0x3 
 .rodata.sdh_ble_observers
                0x0000000000025a78        0xc Output/ble_app_beacon_pca10040_s132 Debug/Obj/nrf_sdh_ble.o
 .rodata        0x0000000000025a84       0xc5 Output/ble_app_beacon_pca10040_s132 Debug/Obj/nrf_sdh_soc.o
 *fill*         0x0000000000025b49        0x3 
 .rodata.sdh_soc_observers
                0x0000000000025b4c        0xc Output/ble_app_beacon_pca10040_s132 Debug/Obj/nrf_sdh_soc.o
                0x0000000000025b58                __rodata_end__ = (__rodata_start__ + SIZEOF (.rodata))
                0x0000000000000500                __rodata_size__ = SIZEOF (.rodata)
                0x0000000000025b58                __rodata_load_end__ = __rodata_end__

.rel.dyn        0x0000000000025b58        0x0
 .rel.iplt      0x0000000000025b58        0x0 Output/ble_app_beacon_pca10040_s132 Debug/Obj/thumb_crt0.o
                0x0000000000000001                . = ASSERT (((__rodata_start__ == __rodata_end__) || ((__rodata_end__ >= __FLASH_segment_start__) && (__rodata_end__ <= __FLASH_segment_end__))), error: .rodata is too large to fit in FLASH memory segment)
                0x0000000000025b58                __ARM.exidx_load_start__ = ALIGN (__rodata_end__, 0x4)

.ARM.exidx      0x0000000000025b58        0x0
                0x0000000000025b58                __ARM.exidx_start__ = .
                0x0000000000025b58                __exidx_start = __ARM.exidx_start__
 *(.ARM.exidx .ARM.exidx.*)
                0x0000000000025b58                __ARM.exidx_end__ = (__ARM.exidx_start__ + SIZEOF (.ARM.exidx))
                0x0000000000000000                __ARM.exidx_size__ = SIZEOF (.ARM.exidx)
                0x0000000000025b58                __exidx_end = __ARM.exidx_end__
                0x0000000000025b58                __ARM.exidx_load_end__ = __ARM.exidx_end__
                0x0000000000000001                . = ASSERT (((__ARM.exidx_start__ == __ARM.exidx_end__) || ((__ARM.exidx_end__ >= __FLASH_segment_start__) && (__ARM.exidx_end__ <= __FLASH_segment_end__))), error: .ARM.exidx is too large to fit in FLASH memory segment)
                0x0000000000025b58                __fast_load_start__ = ALIGN (__ARM.exidx_end__, 0x4)

.fast           0x0000000020001730        0x0 load address 0x0000000000025b58
                0x0000000020001730                __fast_start__ = .
 *(.fast .fast.*)
                0x0000000020001730                __fast_end__ = (__fast_start__ + SIZEOF (.fast))
                0x0000000000000000                __fast_size__ = SIZEOF (.fast)
                0x0000000000025b58                __fast_load_end__ = (__fast_load_start__ + SIZEOF (.fast))
                0x0000000000000001                . = ASSERT (((__fast_load_start__ == __fast_load_end__) || ((__fast_load_end__ >= __FLASH_segment_start__) && (__fast_load_end__ <= __FLASH_segment_end__))), error: .fast is too large to fit in FLASH memory segment)

.fast_run       0x0000000020001730        0x0
                0x0000000020001730                __fast_run_start__ = .
                0x0000000020001730                . = MAX ((__fast_run_start__ + SIZEOF (.fast)), .)
                0x0000000020001730                __fast_run_end__ = (__fast_run_start__ + SIZEOF (.fast_run))
                0x0000000000000000                __fast_run_size__ = SIZEOF (.fast_run)
                0x0000000020001730                __fast_run_load_end__ = __fast_run_end__
                0x0000000000000001                . = ASSERT (((__fast_run_start__ == __fast_run_end__) || ((__fast_run_end__ >= __RAM_segment_start__) && (__fast_run_end__ <= __RAM_segment_end__))), error: .fast_run is too large to fit in RAM memory segment)
                0x0000000000025b58                __data_load_start__ = ALIGN ((__fast_load_start__ + SIZEOF (.fast)), 0x4)

.data           0x0000000020001730        0x8 load address 0x0000000000025b58
                0x0000000020001730                __data_start__ = .
 *(.data .data.* .gnu.linkonce.d.*)
 .data.m_adv_uuids
                0x0000000020001730        0x4 Output/ble_app_beacon_pca10040_s132 Debug/Obj/main.o
 .data.SystemCoreClock
                0x0000000020001734        0x4 Output/ble_app_beacon_pca10040_s132 Debug/Obj/system_nrf52.o
                0x0000000020001734                SystemCoreClock
                0x0000000020001738                __data_end__ = (__data_start__ + SIZEOF (.data))
                0x0000000000000008                __data_size__ = SIZEOF (.data)
                0x0000000000025b60                __data_load_end__ = (__data_load_start__ + SIZEOF (.data))

.igot.plt       0x0000000100000000        0x0
 .igot.plt      0x0000000100000000        0x0 Output/ble_app_beacon_pca10040_s132 Debug/Obj/thumb_crt0.o
                0x0000000000000001                . = ASSERT (((__data_load_start__ == __data_load_end__) || ((__data_load_end__ >= __FLASH_segment_start__) && (__data_load_end__ <= __FLASH_segment_end__))), error: .data is too large to fit in FLASH memory segment)

.data_run       0x0000000020001730        0x8 load address 0x0000000000025b58
                0x0000000020001730                __data_run_start__ = .
                0x0000000020001738                . = MAX ((__data_run_start__ + SIZEOF (.data)), .)
 *fill*         0x0000000020001730        0x8 
                0x0000000020001738                __data_run_end__ = (__data_run_start__ + SIZEOF (.data_run))
                0x0000000000000008                __data_run_size__ = SIZEOF (.data_run)
                0x0000000020001738                __data_run_load_end__ = __data_run_end__
                0x0000000000000001                . = ASSERT (((__data_run_start__ == __data_run_end__) || ((__data_run_end__ >= __RAM_segment_start__) && (__data_run_end__ <= __RAM_segment_end__))), error: .data_run is too large to fit in RAM memory segment)
                0x0000000000025b60                __tdata_load_start__ = ALIGN ((__data_load_start__ + SIZEOF (.data)), 0x4)

.tdata          0x0000000020001738        0x0 load address 0x0000000000025b60
                0x0000000020001738                __tdata_start__ = .
 *(.tdata .tdata.*)
                0x0000000020001738                __tdata_end__ = (__tdata_start__ + SIZEOF (.tdata))
                0x0000000000000000                __tdata_size__ = SIZEOF (.tdata)
                0x0000000000025b60                __tdata_load_end__ = (__tdata_load_start__ + SIZEOF (.tdata))
                0x0000000000025b60                __FLASH_segment_used_end__ = (ALIGN ((__data_load_start__ + SIZEOF (.data)), 0x4) + SIZEOF (.tdata))
                0x0000000000025b60                __FLASH_segment_used_size__ = (__FLASH_segment_used_end__ - __FLASH_segment_start__)
                0x0000000000000001                . = ASSERT (((__tdata_load_start__ == __tdata_load_end__) || ((__tdata_load_end__ >= __FLASH_segment_start__) && (__tdata_load_end__ <= __FLASH_segment_end__))), error: .tdata is too large to fit in FLASH memory segment)

.tdata_run      0x0000000020001738        0x0
                0x0000000020001738                __tdata_run_start__ = .
                0x0000000020001738                . = MAX ((__tdata_run_start__ + SIZEOF (.tdata)), .)
                0x0000000020001738                __tdata_run_end__ = (__tdata_run_start__ + SIZEOF (.tdata_run))
                0x0000000000000000                __tdata_run_size__ = SIZEOF (.tdata_run)
                0x0000000020001738                __tdata_run_load_end__ = __tdata_run_end__
                0x0000000000000001                . = ASSERT (((__tdata_run_start__ == __tdata_run_end__) || ((__tdata_run_end__ >= __RAM_segment_start__) && (__tdata_run_end__ <= __RAM_segment_end__))), error: .tdata_run is too large to fit in RAM memory segment)
                0x0000000020001738                __bss_load_start__ = ALIGN (__tdata_run_end__, 0x4)

.bss            0x0000000020001738       0x43
                0x0000000020001738                __bss_start__ = .
 *(.bss .bss.* .gnu.linkonce.b.*)
 .bss.m_error_data.7211
                0x0000000020001738       0x20 Output/ble_app_beacon_pca10040_s132 Debug/Obj/app_error.o
 .bss.nrf_nvic_state
                0x0000000020001758        0xc Output/ble_app_beacon_pca10040_s132 Debug/Obj/app_util_platform.o
                0x0000000020001758                nrf_nvic_state
 .bss.m_clock_cb
                0x0000000020001764       0x14 Output/ble_app_beacon_pca10040_s132 Debug/Obj/nrf_drv_clock.o
 .bss.m_nrf_sdh_enabled
                0x0000000020001778        0x1 Output/ble_app_beacon_pca10040_s132 Debug/Obj/nrf_sdh.o
 .bss.m_nrf_sdh_suspended
                0x0000000020001779        0x1 Output/ble_app_beacon_pca10040_s132 Debug/Obj/nrf_sdh.o
 .bss.m_nrf_sdh_continue
                0x000000002000177a        0x1 Output/ble_app_beacon_pca10040_s132 Debug/Obj/nrf_sdh.o
 *(COMMON)
                0x000000002000177b                __bss_end__ = (__bss_start__ + SIZEOF (.bss))
                0x0000000000000043                __bss_size__ = SIZEOF (.bss)
                0x000000002000177b                __bss_load_end__ = __bss_end__
                0x0000000000000001                . = ASSERT (((__bss_start__ == __bss_end__) || ((__bss_end__ >= __RAM_segment_start__) && (__bss_end__ <= __RAM_segment_end__))), error: .bss is too large to fit in RAM memory segment)
                0x000000002000177c                __tbss_load_start__ = ALIGN (__bss_end__, 0x4)

.tbss           0x000000002000177c        0x0
                0x000000002000177c                __tbss_start__ = .
 *(.tbss .tbss.*)
                0x000000002000177c                __tbss_end__ = (__tbss_start__ + SIZEOF (.tbss))
                0x0000000000000000                __tbss_size__ = SIZEOF (.tbss)
                0x000000002000177c                __tbss_load_end__ = __tbss_end__
                0x0000000000000001                . = ASSERT (((__tbss_start__ == __tbss_end__) || ((__tbss_end__ >= __RAM_segment_start__) && (__tbss_end__ <= __RAM_segment_end__))), error: .tbss is too large to fit in RAM memory segment)
                0x000000002000177c                __non_init_load_start__ = ALIGN (__tbss_end__, 0x4)

.non_init       0x000000002000177c        0x0
                0x000000002000177c                __non_init_start__ = .
 *(.non_init .non_init.*)
                0x000000002000177c                __non_init_end__ = (__non_init_start__ + SIZEOF (.non_init))
                0x0000000000000000                __non_init_size__ = SIZEOF (.non_init)
                0x000000002000177c                __non_init_load_end__ = __non_init_end__
                0x0000000000000001                . = ASSERT (((__non_init_start__ == __non_init_end__) || ((__non_init_end__ >= __RAM_segment_start__) && (__non_init_end__ <= __RAM_segment_end__))), error: .non_init is too large to fit in RAM memory segment)
                0x000000002000177c                __heap_load_start__ = ALIGN (__non_init_end__, 0x4)

.heap           0x000000002000177c      0x200
                0x000000002000177c                __heap_start__ = .
 *(.heap .heap.*)
                0x000000002000197c                . = ALIGN (MAX ((__heap_start__ + __HEAPSIZE__), .), 0x4)
 *fill*         0x000000002000177c      0x200 
                0x000000002000197c                __heap_end__ = (__heap_start__ + SIZEOF (.heap))
                0x0000000000000200                __heap_size__ = SIZEOF (.heap)
                0x000000002000197c                __heap_load_end__ = __heap_end__
                0x0000000000000001                . = ASSERT (((__heap_start__ == __heap_end__) || ((__heap_end__ >= __RAM_segment_start__) && (__heap_end__ <= __RAM_segment_end__))), error: .heap is too large to fit in RAM memory segment)
                0x000000002000f800                __stack_load_start__ = (__RAM_segment_end__ - 0x800)

.stack          0x000000002000f800      0x800
                0x000000002000f800                __stack_start__ = .
                0x000000002000f800                __StackLimit = __stack_start__
 *(.stack .stack.*)
                0x0000000020010000                . = ALIGN (MAX ((__stack_start__ + __STACKSIZE__), .), 0x8)
 *fill*         0x000000002000f800      0x800 
                0x0000000020010000                __stack_end__ = (__stack_start__ + SIZEOF (.stack))
                0x0000000000000800                __stack_size__ = SIZEOF (.stack)
                0x0000000020010000                __StackTop = __stack_end__
                0x0000000020010000                __stack_load_end__ = __stack_end__
                0x0000000000000001                . = ASSERT (((__stack_start__ == __stack_end__) || ((__stack_end__ >= __RAM_segment_start__) && (__stack_end__ <= __RAM_segment_end__))), error: .stack is too large to fit in RAM memory segment)
                0x0000000000000001                . = ASSERT ((__heap_end__ <= __stack_start__), error: section .heap overlaps absolute placed section .stack)
                0x0000000020010000                __stack_process_load_start__ = ALIGN (__stack_end__, 0x8)

.stack_process  0x0000000020010000        0x0
                0x0000000020010000                __stack_process_start__ = .
 *(.stack_process .stack_process.*)
                0x0000000020010000                . = ALIGN (MAX ((__stack_process_start__ + __STACKSIZE_PROCESS__), .), 0x8)
                0x0000000020010000                __stack_process_end__ = (__stack_process_start__ + SIZEOF (.stack_process))
                0x0000000000000000                __stack_process_size__ = SIZEOF (.stack_process)
                0x0000000020010000                __stack_process_load_end__ = __stack_process_end__
                0x0000000020010000                __RAM_segment_used_end__ = (ALIGN (__stack_end__, 0x8) + SIZEOF (.stack_process))
                0x0000000000010000                __RAM_segment_used_size__ = (__RAM_segment_used_end__ - __RAM_segment_start__)
                0x0000000000000001                . = ASSERT (((__stack_process_start__ == __stack_process_end__) || ((__stack_process_end__ >= __RAM_segment_start__) && (__stack_process_end__ <= __RAM_segment_end__))), error: .stack_process is too large to fit in RAM memory segment)
START GROUP
LOAD Output/ble_app_beacon_pca10040_s132 Debug/Obj/thumb_crt0.o
LOAD Output/ble_app_beacon_pca10040_s132 Debug/Obj/nrf_log_backend_rtt.o
LOAD Output/ble_app_beacon_pca10040_s132 Debug/Obj/nrf_log_backend_serial.o
LOAD Output/ble_app_beacon_pca10040_s132 Debug/Obj/nrf_log_backend_uart.o
LOAD Output/ble_app_beacon_pca10040_s132 Debug/Obj/nrf_log_default_backends.o
LOAD Output/ble_app_beacon_pca10040_s132 Debug/Obj/nrf_log_frontend.o
LOAD Output/ble_app_beacon_pca10040_s132 Debug/Obj/nrf_log_str_formatter.o
LOAD Output/ble_app_beacon_pca10040_s132 Debug/Obj/app_button.o
LOAD Output/ble_app_beacon_pca10040_s132 Debug/Obj/app_error.o
LOAD Output/ble_app_beacon_pca10040_s132 Debug/Obj/app_error_weak.o
LOAD Output/ble_app_beacon_pca10040_s132 Debug/Obj/app_scheduler.o
LOAD Output/ble_app_beacon_pca10040_s132 Debug/Obj/app_timer.o
LOAD Output/ble_app_beacon_pca10040_s132 Debug/Obj/app_util_platform.o
LOAD Output/ble_app_beacon_pca10040_s132 Debug/Obj/hardfault_implementation.o
LOAD Output/ble_app_beacon_pca10040_s132 Debug/Obj/nrf_assert.o
LOAD Output/ble_app_beacon_pca10040_s132 Debug/Obj/nrf_atfifo.o
LOAD Output/ble_app_beacon_pca10040_s132 Debug/Obj/nrf_balloc.o
LOAD Output/ble_app_beacon_pca10040_s132 Debug/Obj/nrf_fprintf.o
LOAD Output/ble_app_beacon_pca10040_s132 Debug/Obj/nrf_fprintf_format.o
LOAD Output/ble_app_beacon_pca10040_s132 Debug/Obj/nrf_memobj.o
LOAD Output/ble_app_beacon_pca10040_s132 Debug/Obj/nrf_pwr_mgmt.o
LOAD Output/ble_app_beacon_pca10040_s132 Debug/Obj/nrf_section_iter.o
LOAD Output/ble_app_beacon_pca10040_s132 Debug/Obj/nrf_strerror.o
LOAD Output/ble_app_beacon_pca10040_s132 Debug/Obj/boards.o
LOAD Output/ble_app_beacon_pca10040_s132 Debug/Obj/nrf_drv_clock.o
LOAD Output/ble_app_beacon_pca10040_s132 Debug/Obj/nrf_drv_common.o
LOAD Output/ble_app_beacon_pca10040_s132 Debug/Obj/nrf_drv_gpiote.o
LOAD Output/ble_app_beacon_pca10040_s132 Debug/Obj/nrf_drv_uart.o
LOAD Output/ble_app_beacon_pca10040_s132 Debug/Obj/bsp.o
LOAD Output/ble_app_beacon_pca10040_s132 Debug/Obj/bsp_nfc.o
LOAD Output/ble_app_beacon_pca10040_s132 Debug/Obj/main.o
LOAD Output/ble_app_beacon_pca10040_s132 Debug/Obj/SEGGER_RTT.o
LOAD Output/ble_app_beacon_pca10040_s132 Debug/Obj/SEGGER_RTT_Syscalls_SES.o
LOAD Output/ble_app_beacon_pca10040_s132 Debug/Obj/SEGGER_RTT_printf.o
LOAD Output/ble_app_beacon_pca10040_s132 Debug/Obj/ble_advdata.o
LOAD Output/ble_app_beacon_pca10040_s132 Debug/Obj/ble_srv_common.o
LOAD Output/ble_app_beacon_pca10040_s132 Debug/Obj/ses_nRF_Startup.o
LOAD Output/ble_app_beacon_pca10040_s132 Debug/Obj/ses_nrf52_Vectors.o
LOAD Output/ble_app_beacon_pca10040_s132 Debug/Obj/system_nrf52.o
LOAD Output/ble_app_beacon_pca10040_s132 Debug/Obj/nrf_sdh.o
LOAD Output/ble_app_beacon_pca10040_s132 Debug/Obj/nrf_sdh_ble.o
LOAD Output/ble_app_beacon_pca10040_s132 Debug/Obj/nrf_sdh_soc.o
LOAD /Applications/SEGGER Embedded Studio for ARM 3.34/lib/libdebugio_mempoll_v7em_fpv4_sp_d16_hard_t_le_eabi.a
LOAD /Applications/SEGGER Embedded Studio for ARM 3.34/lib/libm_v7em_fpv4_sp_d16_hard_t_le_eabi.a
LOAD /Applications/SEGGER Embedded Studio for ARM 3.34/lib/libc_v7em_fpv4_sp_d16_hard_t_le_eabi.a
LOAD /Applications/SEGGER Embedded Studio for ARM 3.34/lib/libcpp_v7em_fpv4_sp_d16_hard_t_le_eabi.a
LOAD /Applications/SEGGER Embedded Studio for ARM 3.34/lib/libdebugio_v7em_fpv4_sp_d16_hard_t_le_eabi.a
LOAD /Applications/SEGGER Embedded Studio for ARM 3.34/lib/libvfprintf_v7em_fpv4_sp_d16_hard_t_le_eabi.o
LOAD /Applications/SEGGER Embedded Studio for ARM 3.34/lib/libvfscanf_v7em_fpv4_sp_d16_hard_t_le_eabi.o
END GROUP
OUTPUT(Output/Debug/Exe/ble_app_beacon_pca10040_s132.elf elf32-littlearm)

.ARM.attributes
                0x0000000000000000       0x35
 .ARM.attributes
                0x0000000000000000       0x25 Output/ble_app_beacon_pca10040_s132 Debug/Obj/thumb_crt0.o
 .ARM.attributes
                0x0000000000000025       0x39 Output/ble_app_beacon_pca10040_s132 Debug/Obj/app_error.o
 .ARM.attributes
                0x000000000000005e       0x39 Output/ble_app_beacon_pca10040_s132 Debug/Obj/app_error_weak.o
 .ARM.attributes
                0x0000000000000097       0x39 Output/ble_app_beacon_pca10040_s132 Debug/Obj/app_util_platform.o
 .ARM.attributes
                0x00000000000000d0       0x39 Output/ble_app_beacon_pca10040_s132 Debug/Obj/nrf_assert.o
 .ARM.attributes
                0x0000000000000109       0x39 Output/ble_app_beacon_pca10040_s132 Debug/Obj/nrf_section_iter.o
 .ARM.attributes
                0x0000000000000142       0x39 Output/ble_app_beacon_pca10040_s132 Debug/Obj/nrf_drv_clock.o
 .ARM.attributes
                0x000000000000017b       0x39 Output/ble_app_beacon_pca10040_s132 Debug/Obj/nrf_drv_common.o
 .ARM.attributes
                0x00000000000001b4       0x39 Output/ble_app_beacon_pca10040_s132 Debug/Obj/main.o
 .ARM.attributes
                0x00000000000001ed       0x39 Output/ble_app_beacon_pca10040_s132 Debug/Obj/ble_advdata.o
 .ARM.attributes
                0x0000000000000226       0x25 Output/ble_app_beacon_pca10040_s132 Debug/Obj/ses_nRF_Startup.o
 .ARM.attributes
                0x000000000000024b       0x25 Output/ble_app_beacon_pca10040_s132 Debug/Obj/ses_nrf52_Vectors.o
 .ARM.attributes
                0x0000000000000270       0x39 Output/ble_app_beacon_pca10040_s132 Debug/Obj/system_nrf52.o
 .ARM.attributes
                0x00000000000002a9       0x39 Output/ble_app_beacon_pca10040_s132 Debug/Obj/nrf_sdh.o
 .ARM.attributes
                0x00000000000002e2       0x39 Output/ble_app_beacon_pca10040_s132 Debug/Obj/nrf_sdh_ble.o
 .ARM.attributes
                0x000000000000031b       0x39 Output/ble_app_beacon_pca10040_s132 Debug/Obj/nrf_sdh_soc.o
 .ARM.attributes
                0x0000000000000354       0x20 /Applications/SEGGER Embedded Studio for ARM 3.34/lib/libc_v7em_fpv4_sp_d16_hard_t_le_eabi.a(libc2_asm.o)

.comment        0x0000000000000000       0x4c
 .comment       0x0000000000000000       0x4c Output/ble_app_beacon_pca10040_s132 Debug/Obj/app_error.o
                                         0x4d (size before relaxing)
 .comment       0x000000000000004c       0x4d Output/ble_app_beacon_pca10040_s132 Debug/Obj/app_error_weak.o
 .comment       0x000000000000004c       0x4d Output/ble_app_beacon_pca10040_s132 Debug/Obj/app_util_platform.o
 .comment       0x000000000000004c       0x4d Output/ble_app_beacon_pca10040_s132 Debug/Obj/nrf_assert.o
 .comment       0x000000000000004c       0x4d Output/ble_app_beacon_pca10040_s132 Debug/Obj/nrf_section_iter.o
 .comment       0x000000000000004c       0x4d Output/ble_app_beacon_pca10040_s132 Debug/Obj/nrf_drv_clock.o
 .comment       0x000000000000004c       0x4d Output/ble_app_beacon_pca10040_s132 Debug/Obj/nrf_drv_common.o
 .comment       0x000000000000004c       0x4d Output/ble_app_beacon_pca10040_s132 Debug/Obj/main.o
 .comment       0x000000000000004c       0x4d Output/ble_app_beacon_pca10040_s132 Debug/Obj/ble_advdata.o
 .comment       0x000000000000004c       0x4d Output/ble_app_beacon_pca10040_s132 Debug/Obj/system_nrf52.o
 .comment       0x000000000000004c       0x4d Output/ble_app_beacon_pca10040_s132 Debug/Obj/nrf_sdh.o
 .comment       0x000000000000004c       0x4d Output/ble_app_beacon_pca10040_s132 Debug/Obj/nrf_sdh_ble.o
 .comment       0x000000000000004c       0x4d Output/ble_app_beacon_pca10040_s132 Debug/Obj/nrf_sdh_soc.o

.debug_line     0x0000000000000000     0x749f
 .debug_line    0x0000000000000000      0x2aa Output/ble_app_beacon_pca10040_s132 Debug/Obj/thumb_crt0.o
 .debug_line    0x00000000000002aa      0x356 Output/ble_app_beacon_pca10040_s132 Debug/Obj/app_error.o
 .debug_line    0x0000000000000600      0x97b Output/ble_app_beacon_pca10040_s132 Debug/Obj/app_error_weak.o
 .debug_line    0x0000000000000f7b      0x7d1 Output/ble_app_beacon_pca10040_s132 Debug/Obj/app_util_platform.o
 .debug_line    0x000000000000174c      0x314 Output/ble_app_beacon_pca10040_s132 Debug/Obj/nrf_assert.o
 .debug_line    0x0000000000001a60      0x419 Output/ble_app_beacon_pca10040_s132 Debug/Obj/nrf_section_iter.o
 .debug_line    0x0000000000001e79      0xc81 Output/ble_app_beacon_pca10040_s132 Debug/Obj/nrf_drv_clock.o
 .debug_line    0x0000000000002afa      0x808 Output/ble_app_beacon_pca10040_s132 Debug/Obj/nrf_drv_common.o
 .debug_line    0x0000000000003302     0x1011 Output/ble_app_beacon_pca10040_s132 Debug/Obj/main.o
 .debug_line    0x0000000000004313      0xc8e Output/ble_app_beacon_pca10040_s132 Debug/Obj/ble_advdata.o
 .debug_line    0x0000000000004fa1       0xc4 Output/ble_app_beacon_pca10040_s132 Debug/Obj/ses_nRF_Startup.o
 .debug_line    0x0000000000005065       0xcd Output/ble_app_beacon_pca10040_s132 Debug/Obj/ses_nrf52_Vectors.o
 .debug_line    0x0000000000005132      0x446 Output/ble_app_beacon_pca10040_s132 Debug/Obj/system_nrf52.o
 .debug_line    0x0000000000005578      0xb4b Output/ble_app_beacon_pca10040_s132 Debug/Obj/nrf_sdh.o
 .debug_line    0x00000000000060c3      0xba2 Output/ble_app_beacon_pca10040_s132 Debug/Obj/nrf_sdh_ble.o
 .debug_line    0x0000000000006c65      0x83a Output/ble_app_beacon_pca10040_s132 Debug/Obj/nrf_sdh_soc.o

.debug_info     0x0000000000000000    0x17a13
 .debug_info    0x0000000000000000       0xe3 Output/ble_app_beacon_pca10040_s132 Debug/Obj/thumb_crt0.o
 .debug_info    0x00000000000000e3      0x805 Output/ble_app_beacon_pca10040_s132 Debug/Obj/app_error.o
 .debug_info    0x00000000000008e8     0x144b Output/ble_app_beacon_pca10040_s132 Debug/Obj/app_error_weak.o
 .debug_info    0x0000000000001d33     0x18cd Output/ble_app_beacon_pca10040_s132 Debug/Obj/app_util_platform.o
 .debug_info    0x0000000000003600      0x66e Output/ble_app_beacon_pca10040_s132 Debug/Obj/nrf_assert.o
 .debug_info    0x0000000000003c6e      0x705 Output/ble_app_beacon_pca10040_s132 Debug/Obj/nrf_section_iter.o
 .debug_info    0x0000000000004373     0x1fab Output/ble_app_beacon_pca10040_s132 Debug/Obj/nrf_drv_clock.o
 .debug_info    0x000000000000631e     0x167a Output/ble_app_beacon_pca10040_s132 Debug/Obj/nrf_drv_common.o
 .debug_info    0x0000000000007998     0x3e0c Output/ble_app_beacon_pca10040_s132 Debug/Obj/main.o
 .debug_info    0x000000000000b7a4     0x3701 Output/ble_app_beacon_pca10040_s132 Debug/Obj/ble_advdata.o
 .debug_info    0x000000000000eea5      0x10c Output/ble_app_beacon_pca10040_s132 Debug/Obj/ses_nRF_Startup.o
 .debug_info    0x000000000000efb1      0x10e Output/ble_app_beacon_pca10040_s132 Debug/Obj/ses_nrf52_Vectors.o
 .debug_info    0x000000000000f0bf     0x1083 Output/ble_app_beacon_pca10040_s132 Debug/Obj/system_nrf52.o
 .debug_info    0x0000000000010142     0x1ec9 Output/ble_app_beacon_pca10040_s132 Debug/Obj/nrf_sdh.o
 .debug_info    0x000000000001200b     0x4655 Output/ble_app_beacon_pca10040_s132 Debug/Obj/nrf_sdh_ble.o
 .debug_info    0x0000000000016660     0x13b3 Output/ble_app_beacon_pca10040_s132 Debug/Obj/nrf_sdh_soc.o

.debug_abbrev   0x0000000000000000     0x1f8d
 .debug_abbrev  0x0000000000000000       0x12 Output/ble_app_beacon_pca10040_s132 Debug/Obj/thumb_crt0.o
 .debug_abbrev  0x0000000000000012      0x18c Output/ble_app_beacon_pca10040_s132 Debug/Obj/app_error.o
 .debug_abbrev  0x000000000000019e      0x210 Output/ble_app_beacon_pca10040_s132 Debug/Obj/app_error_weak.o
 .debug_abbrev  0x00000000000003ae      0x351 Output/ble_app_beacon_pca10040_s132 Debug/Obj/app_util_platform.o
 .debug_abbrev  0x00000000000006ff      0x134 Output/ble_app_beacon_pca10040_s132 Debug/Obj/nrf_assert.o
 .debug_abbrev  0x0000000000000833      0x146 Output/ble_app_beacon_pca10040_s132 Debug/Obj/nrf_section_iter.o
 .debug_abbrev  0x0000000000000979      0x3ed Output/ble_app_beacon_pca10040_s132 Debug/Obj/nrf_drv_clock.o
 .debug_abbrev  0x0000000000000d66      0x258 Output/ble_app_beacon_pca10040_s132 Debug/Obj/nrf_drv_common.o
 .debug_abbrev  0x0000000000000fbe      0x26d Output/ble_app_beacon_pca10040_s132 Debug/Obj/main.o
 .debug_abbrev  0x000000000000122b      0x2c2 Output/ble_app_beacon_pca10040_s132 Debug/Obj/ble_advdata.o
 .debug_abbrev  0x00000000000014ed       0x14 Output/ble_app_beacon_pca10040_s132 Debug/Obj/ses_nRF_Startup.o
 .debug_abbrev  0x0000000000001501       0x14 Output/ble_app_beacon_pca10040_s132 Debug/Obj/ses_nrf52_Vectors.o
 .debug_abbrev  0x0000000000001515      0x1e4 Output/ble_app_beacon_pca10040_s132 Debug/Obj/system_nrf52.o
 .debug_abbrev  0x00000000000016f9      0x358 Output/ble_app_beacon_pca10040_s132 Debug/Obj/nrf_sdh.o
 .debug_abbrev  0x0000000000001a51      0x338 Output/ble_app_beacon_pca10040_s132 Debug/Obj/nrf_sdh_ble.o
 .debug_abbrev  0x0000000000001d89      0x204 Output/ble_app_beacon_pca10040_s132 Debug/Obj/nrf_sdh_soc.o

.debug_aranges  0x0000000000000000     0x16f0
 .debug_aranges
                0x0000000000000000       0xe0 Output/ble_app_beacon_pca10040_s132 Debug/Obj/thumb_crt0.o
 .debug_aranges
                0x00000000000000e0       0x30 Output/ble_app_beacon_pca10040_s132 Debug/Obj/app_error.o
 .debug_aranges
                0x0000000000000110      0x190 Output/ble_app_beacon_pca10040_s132 Debug/Obj/app_error_weak.o
 .debug_aranges
                0x00000000000002a0      0x1c0 Output/ble_app_beacon_pca10040_s132 Debug/Obj/app_util_platform.o
 .debug_aranges
                0x0000000000000460       0x20 Output/ble_app_beacon_pca10040_s132 Debug/Obj/nrf_assert.o
 .debug_aranges
                0x0000000000000480       0x28 Output/ble_app_beacon_pca10040_s132 Debug/Obj/nrf_section_iter.o
 .debug_aranges
                0x00000000000004a8      0x270 Output/ble_app_beacon_pca10040_s132 Debug/Obj/nrf_drv_clock.o
 .debug_aranges
                0x0000000000000718      0x1a0 Output/ble_app_beacon_pca10040_s132 Debug/Obj/nrf_drv_common.o
 .debug_aranges
                0x00000000000008b8      0x3f8 Output/ble_app_beacon_pca10040_s132 Debug/Obj/main.o
 .debug_aranges
                0x0000000000000cb0      0x300 Output/ble_app_beacon_pca10040_s132 Debug/Obj/ble_advdata.o
 .debug_aranges
                0x0000000000000fb0       0x20 Output/ble_app_beacon_pca10040_s132 Debug/Obj/ses_nRF_Startup.o
 .debug_aranges
                0x0000000000000fd0       0x20 Output/ble_app_beacon_pca10040_s132 Debug/Obj/ses_nrf52_Vectors.o
 .debug_aranges
                0x0000000000000ff0       0x80 Output/ble_app_beacon_pca10040_s132 Debug/Obj/system_nrf52.o
 .debug_aranges
                0x0000000000001070      0x258 Output/ble_app_beacon_pca10040_s132 Debug/Obj/nrf_sdh.o
 .debug_aranges
                0x00000000000012c8      0x2b0 Output/ble_app_beacon_pca10040_s132 Debug/Obj/nrf_sdh_ble.o
 .debug_aranges
                0x0000000000001578      0x178 Output/ble_app_beacon_pca10040_s132 Debug/Obj/nrf_sdh_soc.o

.debug_ranges   0x0000000000000000     0x1620
 .debug_ranges  0x0000000000000000       0xd8 Output/ble_app_beacon_pca10040_s132 Debug/Obj/thumb_crt0.o
 .debug_ranges  0x00000000000000d8       0x20 Output/ble_app_beacon_pca10040_s132 Debug/Obj/app_error.o
 .debug_ranges  0x00000000000000f8      0x180 Output/ble_app_beacon_pca10040_s132 Debug/Obj/app_error_weak.o
 .debug_ranges  0x0000000000000278      0x1b0 Output/ble_app_beacon_pca10040_s132 Debug/Obj/app_util_platform.o
 .debug_ranges  0x0000000000000428       0x10 Output/ble_app_beacon_pca10040_s132 Debug/Obj/nrf_assert.o
 .debug_ranges  0x0000000000000438       0x18 Output/ble_app_beacon_pca10040_s132 Debug/Obj/nrf_section_iter.o
 .debug_ranges  0x0000000000000450      0x278 Output/ble_app_beacon_pca10040_s132 Debug/Obj/nrf_drv_clock.o
 .debug_ranges  0x00000000000006c8      0x190 Output/ble_app_beacon_pca10040_s132 Debug/Obj/nrf_drv_common.o
 .debug_ranges  0x0000000000000858      0x3e8 Output/ble_app_beacon_pca10040_s132 Debug/Obj/main.o
 .debug_ranges  0x0000000000000c40      0x2f0 Output/ble_app_beacon_pca10040_s132 Debug/Obj/ble_advdata.o
 .debug_ranges  0x0000000000000f30       0x70 Output/ble_app_beacon_pca10040_s132 Debug/Obj/system_nrf52.o
 .debug_ranges  0x0000000000000fa0      0x248 Output/ble_app_beacon_pca10040_s132 Debug/Obj/nrf_sdh.o
 .debug_ranges  0x00000000000011e8      0x2b8 Output/ble_app_beacon_pca10040_s132 Debug/Obj/nrf_sdh_ble.o
 .debug_ranges  0x00000000000014a0      0x180 Output/ble_app_beacon_pca10040_s132 Debug/Obj/nrf_sdh_soc.o

.debug_frame    0x0000000000000000     0x323c
 .debug_frame   0x0000000000000000       0x80 Output/ble_app_beacon_pca10040_s132 Debug/Obj/app_error.o
 .debug_frame   0x0000000000000080      0x318 Output/ble_app_beacon_pca10040_s132 Debug/Obj/app_error_weak.o
 .debug_frame   0x0000000000000398      0x408 Output/ble_app_beacon_pca10040_s132 Debug/Obj/app_util_platform.o
 .debug_frame   0x00000000000007a0       0x38 Output/ble_app_beacon_pca10040_s132 Debug/Obj/nrf_assert.o
 .debug_frame   0x00000000000007d8       0x60 Output/ble_app_beacon_pca10040_s132 Debug/Obj/nrf_section_iter.o
 .debug_frame   0x0000000000000838      0x6d8 Output/ble_app_beacon_pca10040_s132 Debug/Obj/nrf_drv_clock.o
 .debug_frame   0x0000000000000f10      0x39c Output/ble_app_beacon_pca10040_s132 Debug/Obj/nrf_drv_common.o
 .debug_frame   0x00000000000012ac      0x840 Output/ble_app_beacon_pca10040_s132 Debug/Obj/main.o
 .debug_frame   0x0000000000001aec      0x730 Output/ble_app_beacon_pca10040_s132 Debug/Obj/ble_advdata.o
 .debug_frame   0x000000000000221c       0xec Output/ble_app_beacon_pca10040_s132 Debug/Obj/system_nrf52.o
 .debug_frame   0x0000000000002308      0x674 Output/ble_app_beacon_pca10040_s132 Debug/Obj/nrf_sdh.o
 .debug_frame   0x000000000000297c      0x5c0 Output/ble_app_beacon_pca10040_s132 Debug/Obj/nrf_sdh_ble.o
 .debug_frame   0x0000000000002f3c      0x300 Output/ble_app_beacon_pca10040_s132 Debug/Obj/nrf_sdh_soc.o

.debug_pubnames
                0x0000000000000000     0x9743
 .debug_pubnames
                0x0000000000000000       0x82 Output/ble_app_beacon_pca10040_s132 Debug/Obj/app_error.o
 .debug_pubnames
                0x0000000000000082      0x9e2 Output/ble_app_beacon_pca10040_s132 Debug/Obj/app_error_weak.o
 .debug_pubnames
                0x0000000000000a64      0xeb0 Output/ble_app_beacon_pca10040_s132 Debug/Obj/app_util_platform.o
 .debug_pubnames
                0x0000000000001914       0x2a Output/ble_app_beacon_pca10040_s132 Debug/Obj/nrf_assert.o
 .debug_pubnames
                0x000000000000193e       0x46 Output/ble_app_beacon_pca10040_s132 Debug/Obj/nrf_section_iter.o
 .debug_pubnames
                0x0000000000001984     0x1419 Output/ble_app_beacon_pca10040_s132 Debug/Obj/nrf_drv_clock.o
 .debug_pubnames
                0x0000000000002d9d      0xcc7 Output/ble_app_beacon_pca10040_s132 Debug/Obj/nrf_drv_common.o
 .debug_pubnames
                0x0000000000003a64     0x1a91 Output/ble_app_beacon_pca10040_s132 Debug/Obj/main.o
 .debug_pubnames
                0x00000000000054f5     0x12f1 Output/ble_app_beacon_pca10040_s132 Debug/Obj/ble_advdata.o
 .debug_pubnames
                0x00000000000067e6      0x110 Output/ble_app_beacon_pca10040_s132 Debug/Obj/system_nrf52.o
 .debug_pubnames
                0x00000000000068f6     0x11ef Output/ble_app_beacon_pca10040_s132 Debug/Obj/nrf_sdh.o
 .debug_pubnames
                0x0000000000007ae5     0x1334 Output/ble_app_beacon_pca10040_s132 Debug/Obj/nrf_sdh_ble.o
 .debug_pubnames
                0x0000000000008e19      0x92a Output/ble_app_beacon_pca10040_s132 Debug/Obj/nrf_sdh_soc.o

.debug_pubtypes
                0x0000000000000000     0x4837
 .debug_pubtypes
                0x0000000000000000      0x1ef Output/ble_app_beacon_pca10040_s132 Debug/Obj/app_error.o
 .debug_pubtypes
                0x00000000000001ef      0x3a6 Output/ble_app_beacon_pca10040_s132 Debug/Obj/app_error_weak.o
 .debug_pubtypes
                0x0000000000000595      0x32e Output/ble_app_beacon_pca10040_s132 Debug/Obj/app_util_platform.o
 .debug_pubtypes
                0x00000000000008c3      0x1c5 Output/ble_app_beacon_pca10040_s132 Debug/Obj/nrf_assert.o
 .debug_pubtypes
                0x0000000000000a88      0x1fd Output/ble_app_beacon_pca10040_s132 Debug/Obj/nrf_section_iter.o
 .debug_pubtypes
                0x0000000000000c85      0x501 Output/ble_app_beacon_pca10040_s132 Debug/Obj/nrf_drv_clock.o
 .debug_pubtypes
                0x0000000000001186      0x32e Output/ble_app_beacon_pca10040_s132 Debug/Obj/nrf_drv_common.o
 .debug_pubtypes
                0x00000000000014b4      0xbe7 Output/ble_app_beacon_pca10040_s132 Debug/Obj/main.o
 .debug_pubtypes
                0x000000000000209b      0xa42 Output/ble_app_beacon_pca10040_s132 Debug/Obj/ble_advdata.o
 .debug_pubtypes
                0x0000000000002add      0x1b4 Output/ble_app_beacon_pca10040_s132 Debug/Obj/system_nrf52.o
 .debug_pubtypes
                0x0000000000002c91      0x4d3 Output/ble_app_beacon_pca10040_s132 Debug/Obj/nrf_sdh.o
 .debug_pubtypes
                0x0000000000003164     0x12e4 Output/ble_app_beacon_pca10040_s132 Debug/Obj/nrf_sdh_ble.o
 .debug_pubtypes
                0x0000000000004448      0x3ef Output/ble_app_beacon_pca10040_s132 Debug/Obj/nrf_sdh_soc.o

.debug_macro    0x0000000000000000     0x3955
 .debug_macro   0x0000000000000000      0x103 Output/ble_app_beacon_pca10040_s132 Debug/Obj/app_error.o
 .debug_macro   0x0000000000000103       0x35 Output/ble_app_beacon_pca10040_s132 Debug/Obj/app_error.o
 .debug_macro   0x0000000000000138       0x22 Output/ble_app_beacon_pca10040_s132 Debug/Obj/app_error.o
 .debug_macro   0x000000000000015a       0x71 Output/ble_app_beacon_pca10040_s132 Debug/Obj/app_error.o
 .debug_macro   0x00000000000001cb       0x2a Output/ble_app_beacon_pca10040_s132 Debug/Obj/app_error.o
 .debug_macro   0x00000000000001f5      0x24a Output/ble_app_beacon_pca10040_s132 Debug/Obj/app_error_weak.o
 .debug_macro   0x000000000000043f       0x31 Output/ble_app_beacon_pca10040_s132 Debug/Obj/app_error_weak.o
 .debug_macro   0x0000000000000470       0x10 Output/ble_app_beacon_pca10040_s132 Debug/Obj/app_error_weak.o
 .debug_macro   0x0000000000000480      0x167 Output/ble_app_beacon_pca10040_s132 Debug/Obj/app_error_weak.o
 .debug_macro   0x00000000000005e7       0x68 Output/ble_app_beacon_pca10040_s132 Debug/Obj/app_error_weak.o
 .debug_macro   0x000000000000064f       0x28 Output/ble_app_beacon_pca10040_s132 Debug/Obj/app_error_weak.o
 .debug_macro   0x0000000000000677       0x22 Output/ble_app_beacon_pca10040_s132 Debug/Obj/app_error_weak.o
 .debug_macro   0x0000000000000699       0x16 Output/ble_app_beacon_pca10040_s132 Debug/Obj/app_error_weak.o
 .debug_macro   0x00000000000006af       0x40 Output/ble_app_beacon_pca10040_s132 Debug/Obj/app_error_weak.o
 .debug_macro   0x00000000000006ef       0x70 Output/ble_app_beacon_pca10040_s132 Debug/Obj/app_error_weak.o
 .debug_macro   0x000000000000075f       0x2e Output/ble_app_beacon_pca10040_s132 Debug/Obj/app_error_weak.o
 .debug_macro   0x000000000000078d       0x10 Output/ble_app_beacon_pca10040_s132 Debug/Obj/app_error_weak.o
 .debug_macro   0x000000000000079d       0x7e Output/ble_app_beacon_pca10040_s132 Debug/Obj/app_error_weak.o
 .debug_macro   0x000000000000081b       0x8c Output/ble_app_beacon_pca10040_s132 Debug/Obj/app_error_weak.o
 .debug_macro   0x00000000000008a7       0x10 Output/ble_app_beacon_pca10040_s132 Debug/Obj/app_error_weak.o
 .debug_macro   0x00000000000008b7       0x1c Output/ble_app_beacon_pca10040_s132 Debug/Obj/app_error_weak.o
 .debug_macro   0x00000000000008d3       0x1c Output/ble_app_beacon_pca10040_s132 Debug/Obj/app_error_weak.o
 .debug_macro   0x00000000000008ef      0x10d Output/ble_app_beacon_pca10040_s132 Debug/Obj/app_error_weak.o
 .debug_macro   0x00000000000009fc      0x153 Output/ble_app_beacon_pca10040_s132 Debug/Obj/app_util_platform.o
 .debug_macro   0x0000000000000b4f      0x10c Output/ble_app_beacon_pca10040_s132 Debug/Obj/nrf_assert.o
 .debug_macro   0x0000000000000c5b      0x173 Output/ble_app_beacon_pca10040_s132 Debug/Obj/nrf_section_iter.o
 .debug_macro   0x0000000000000dce      0x253 Output/ble_app_beacon_pca10040_s132 Debug/Obj/nrf_drv_clock.o
 .debug_macro   0x0000000000001021       0x16 Output/ble_app_beacon_pca10040_s132 Debug/Obj/nrf_drv_clock.o
 .debug_macro   0x0000000000001037       0x28 Output/ble_app_beacon_pca10040_s132 Debug/Obj/nrf_drv_clock.o
 .debug_macro   0x000000000000105f       0x2a Output/ble_app_beacon_pca10040_s132 Debug/Obj/nrf_drv_clock.o
 .debug_macro   0x0000000000001089       0x1c Output/ble_app_beacon_pca10040_s132 Debug/Obj/nrf_drv_clock.o
 .debug_macro   0x00000000000010a5      0x1b5 Output/ble_app_beacon_pca10040_s132 Debug/Obj/nrf_drv_common.o
 .debug_macro   0x000000000000125a       0x1c Output/ble_app_beacon_pca10040_s132 Debug/Obj/nrf_drv_common.o
 .debug_macro   0x0000000000001276      0x4af Output/ble_app_beacon_pca10040_s132 Debug/Obj/nrf_drv_common.o
 .debug_macro   0x0000000000001725       0x22 Output/ble_app_beacon_pca10040_s132 Debug/Obj/nrf_drv_common.o
 .debug_macro   0x0000000000001747      0x2d4 Output/ble_app_beacon_pca10040_s132 Debug/Obj/main.o
 .debug_macro   0x0000000000001a1b      0x13a Output/ble_app_beacon_pca10040_s132 Debug/Obj/main.o
 .debug_macro   0x0000000000001b55      0x204 Output/ble_app_beacon_pca10040_s132 Debug/Obj/main.o
 .debug_macro   0x0000000000001d59      0x48d Output/ble_app_beacon_pca10040_s132 Debug/Obj/main.o
 .debug_macro   0x00000000000021e6       0x3a Output/ble_app_beacon_pca10040_s132 Debug/Obj/main.o
 .debug_macro   0x0000000000002220       0x86 Output/ble_app_beacon_pca10040_s132 Debug/Obj/main.o
 .debug_macro   0x00000000000022a6      0x1f9 Output/ble_app_beacon_pca10040_s132 Debug/Obj/main.o
 .debug_macro   0x000000000000249f       0x22 Output/ble_app_beacon_pca10040_s132 Debug/Obj/main.o
 .debug_macro   0x00000000000024c1       0xf3 Output/ble_app_beacon_pca10040_s132 Debug/Obj/main.o
 .debug_macro   0x00000000000025b4       0x3c Output/ble_app_beacon_pca10040_s132 Debug/Obj/main.o
 .debug_macro   0x00000000000025f0       0x1c Output/ble_app_beacon_pca10040_s132 Debug/Obj/main.o
 .debug_macro   0x000000000000260c       0x64 Output/ble_app_beacon_pca10040_s132 Debug/Obj/main.o
 .debug_macro   0x0000000000002670      0x16d Output/ble_app_beacon_pca10040_s132 Debug/Obj/main.o
 .debug_macro   0x00000000000027dd       0x10 Output/ble_app_beacon_pca10040_s132 Debug/Obj/main.o
 .debug_macro   0x00000000000027ed      0x232 Output/ble_app_beacon_pca10040_s132 Debug/Obj/ble_advdata.o
 .debug_macro   0x0000000000002a1f      0x487 Output/ble_app_beacon_pca10040_s132 Debug/Obj/ble_advdata.o
 .debug_macro   0x0000000000002ea6       0x34 Output/ble_app_beacon_pca10040_s132 Debug/Obj/ble_advdata.o
 .debug_macro   0x0000000000002eda       0x1c Output/ble_app_beacon_pca10040_s132 Debug/Obj/ble_advdata.o
 .debug_macro   0x0000000000002ef6      0x343 Output/ble_app_beacon_pca10040_s132 Debug/Obj/ble_advdata.o
 .debug_macro   0x0000000000003239       0xac Output/ble_app_beacon_pca10040_s132 Debug/Obj/system_nrf52.o
 .debug_macro   0x00000000000032e5      0x21b Output/ble_app_beacon_pca10040_s132 Debug/Obj/nrf_sdh.o
 .debug_macro   0x0000000000003500      0x24d Output/ble_app_beacon_pca10040_s132 Debug/Obj/nrf_sdh_ble.o
 .debug_macro   0x000000000000374d      0x1f2 Output/ble_app_beacon_pca10040_s132 Debug/Obj/nrf_sdh_soc.o
 .debug_macro   0x000000000000393f       0x16 Output/ble_app_beacon_pca10040_s132 Debug/Obj/nrf_sdh_soc.o

.debug_str      0x0000000000000000    0x74ed0
 .debug_str     0x0000000000000000    0x5f85f Output/ble_app_beacon_pca10040_s132 Debug/Obj/app_error.o
                                      0x604c6 (size before relaxing)
 .debug_str     0x000000000005f85f     0x930a Output/ble_app_beacon_pca10040_s132 Debug/Obj/app_error_weak.o
                                      0x69755 (size before relaxing)
 .debug_str     0x0000000000068b69      0x538 Output/ble_app_beacon_pca10040_s132 Debug/Obj/app_util_platform.o
                                      0x620e5 (size before relaxing)
 .debug_str     0x00000000000690a1       0x81 Output/ble_app_beacon_pca10040_s132 Debug/Obj/nrf_assert.o
                                      0x604bf (size before relaxing)
 .debug_str     0x0000000000069122      0x289 Output/ble_app_beacon_pca10040_s132 Debug/Obj/nrf_section_iter.o
                                      0x64fd9 (size before relaxing)
 .debug_str     0x00000000000693ab     0x1503 Output/ble_app_beacon_pca10040_s132 Debug/Obj/nrf_drv_clock.o
                                      0x69634 (size before relaxing)
 .debug_str     0x000000000006a8ae      0xa32 Output/ble_app_beacon_pca10040_s132 Debug/Obj/nrf_drv_common.o
                                      0x67010 (size before relaxing)
 .debug_str     0x000000000006b2e0     0x6f1b Output/ble_app_beacon_pca10040_s132 Debug/Obj/main.o
                                      0x701d2 (size before relaxing)
 .debug_str     0x00000000000721fb     0x15cb Output/ble_app_beacon_pca10040_s132 Debug/Obj/ble_advdata.o
                                      0x6c8da (size before relaxing)
 .debug_str     0x00000000000737c6      0x3cb Output/ble_app_beacon_pca10040_s132 Debug/Obj/system_nrf52.o
                                      0x5b3c8 (size before relaxing)
 .debug_str     0x0000000000073b91      0x432 Output/ble_app_beacon_pca10040_s132 Debug/Obj/nrf_sdh.o