Archive member included to satisfy reference by file (symbol)

/Applications/SEGGER Embedded Studio for ARM 3.34/lib/libc_v7em_fpv4_sp_d16_hard_t_le_eabi.a(libc_asm.o)
                              Output/ehsb_nordic_r_pca10040_s132 Release/Obj/bsp.o (__aeabi_uldivmod)
/Applications/SEGGER Embedded Studio for ARM 3.34/lib/libc_v7em_fpv4_sp_d16_hard_t_le_eabi.a(libc2.o)
                              Output/ehsb_nordic_r_pca10040_s132 Release/Obj/nrf_log_str_formatter.o (isprint)
/Applications/SEGGER Embedded Studio for ARM 3.34/lib/libc_v7em_fpv4_sp_d16_hard_t_le_eabi.a(libc2_asm.o)
                              Output/ehsb_nordic_r_pca10040_s132 Release/Obj/nrf_log_frontend.o (memcpy)
/Applications/SEGGER Embedded Studio for ARM 3.34/lib/libdebugio_v7em_fpv4_sp_d16_hard_t_le_eabi.a(libdebugio.o)
                              Output/ehsb_nordic_r_pca10040_s132 Release/Obj/thumb_crt0.o (debug_fopen)
/Applications/SEGGER Embedded Studio for ARM 3.34/lib/libdebugio_mempoll_v7em_fpv4_sp_d16_hard_t_le_eabi.a(mempoll_debug_operations.o)
                              /Applications/SEGGER Embedded Studio for ARM 3.34/lib/libdebugio_v7em_fpv4_sp_d16_hard_t_le_eabi.a(libdebugio.o) (__do_debug_operation)
/Applications/SEGGER Embedded Studio for ARM 3.34/lib/libdebugio_mempoll_v7em_fpv4_sp_d16_hard_t_le_eabi.a(do_nv_debug_operation.o)
                              /Applications/SEGGER Embedded Studio for ARM 3.34/lib/libdebugio_v7em_fpv4_sp_d16_hard_t_le_eabi.a(libdebugio.o) (__do_nvdebug_operation)
/Applications/SEGGER Embedded Studio for ARM 3.34/lib/libm_v7em_fpv4_sp_d16_hard_t_le_eabi.a(libm_asm.o)
                              /Applications/SEGGER Embedded Studio for ARM 3.34/lib/libc_v7em_fpv4_sp_d16_hard_t_le_eabi.a(libc2.o) (__aeabi_i2d)
/Applications/SEGGER Embedded Studio for ARM 3.34/lib/libm_v7em_fpv4_sp_d16_hard_t_le_eabi.a(libm2.o)
                              /Applications/SEGGER Embedded Studio for ARM 3.34/lib/libvfprintf_v7em_fpv4_sp_d16_hard_t_le_eabi.o (frexp)
/Applications/SEGGER Embedded Studio for ARM 3.34/lib/libm_v7em_fpv4_sp_d16_hard_t_le_eabi.a(libm2_asm.o)
                              /Applications/SEGGER Embedded Studio for ARM 3.34/lib/libm_v7em_fpv4_sp_d16_hard_t_le_eabi.a(libm2.o) (fabs)

Discarded input sections

 .text          0x0000000000000000        0x0 Output/ehsb_nordic_r_pca10040_s132 Release/Obj/thumb_crt0.o
 .data          0x0000000000000000        0x0 Output/ehsb_nordic_r_pca10040_s132 Release/Obj/thumb_crt0.o
 .bss           0x0000000000000000        0x0 Output/ehsb_nordic_r_pca10040_s132 Release/Obj/thumb_crt0.o
 .text.__aeabi_read_tp
                0x0000000000000000        0x8 Output/ehsb_nordic_r_pca10040_s132 Release/Obj/thumb_crt0.o
 .text.__heap_lock
                0x0000000000000000        0x2 Output/ehsb_nordic_r_pca10040_s132 Release/Obj/thumb_crt0.o
 .text.__heap_unlock
                0x0000000000000000        0x2 Output/ehsb_nordic_r_pca10040_s132 Release/Obj/thumb_crt0.o
 .text.__scanf_lock
                0x0000000000000000        0x2 Output/ehsb_nordic_r_pca10040_s132 Release/Obj/thumb_crt0.o
 .text.__scanf_unlock
                0x0000000000000000        0x2 Output/ehsb_nordic_r_pca10040_s132 Release/Obj/thumb_crt0.o
 .text.__debug_io_lock
                0x0000000000000000        0x2 Output/ehsb_nordic_r_pca10040_s132 Release/Obj/thumb_crt0.o
 .text.__debug_io_unlock
                0x0000000000000000        0x2 Output/ehsb_nordic_r_pca10040_s132 Release/Obj/thumb_crt0.o
 .text.abort    0x0000000000000000        0x2 Output/ehsb_nordic_r_pca10040_s132 Release/Obj/thumb_crt0.o
 .text.__assert
                0x0000000000000000        0x2 Output/ehsb_nordic_r_pca10040_s132 Release/Obj/thumb_crt0.o
 .text.__aeabi_assert
                0x0000000000000000        0x2 Output/ehsb_nordic_r_pca10040_s132 Release/Obj/thumb_crt0.o
 .text.__cxa_pure_virtual
                0x0000000000000000        0x2 Output/ehsb_nordic_r_pca10040_s132 Release/Obj/thumb_crt0.o
 .text.__cxa_guard_acquire
                0x0000000000000000       0x10 Output/ehsb_nordic_r_pca10040_s132 Release/Obj/thumb_crt0.o
 .text.__cxa_guard_release
                0x0000000000000000        0x6 Output/ehsb_nordic_r_pca10040_s132 Release/Obj/thumb_crt0.o
 .text.__cxa_guard_abort
                0x0000000000000000        0x2 Output/ehsb_nordic_r_pca10040_s132 Release/Obj/thumb_crt0.o
 .text.__sync_synchronize
                0x0000000000000000        0x2 Output/ehsb_nordic_r_pca10040_s132 Release/Obj/thumb_crt0.o
 .text.__getchar
                0x0000000000000000        0x4 Output/ehsb_nordic_r_pca10040_s132 Release/Obj/thumb_crt0.o
 .text.__putchar
                0x0000000000000000        0x4 Output/ehsb_nordic_r_pca10040_s132 Release/Obj/thumb_crt0.o
 .text.__open   0x0000000000000000        0x4 Output/ehsb_nordic_r_pca10040_s132 Release/Obj/thumb_crt0.o
 .text.__close  0x0000000000000000        0x4 Output/ehsb_nordic_r_pca10040_s132 Release/Obj/thumb_crt0.o
[...]
Memory Configuration

Name             Origin             Length             Attributes
UNPLACED_SECTIONS 0x0000000100000000 0x0000000000000000 xw
RAM              0x0000000020000000 0x0000000000010000 xw
FLASH            0x0000000000000000 0x0000000000080000 xw
*default*        0x0000000000000000 0xffffffffffffffff

Linker script and memory map

                0x00000000000280d8                __vfprintf = __vfprintf_long
                0x0000000000000000                __vfscanf = __vfscanf_int
                0x0000000020000000                __RAM_segment_start__ = 0x20000000
                0x0000000020010000                __RAM_segment_end__ = 0x20010000
                0x0000000000010000                __RAM_segment_size__ = 0x10000
                0x0000000000000000                __FLASH_segment_start__ = 0x0
                0x0000000000080000                __FLASH_segment_end__ = 0x80000
                0x0000000000080000                __FLASH_segment_size__ = 0x80000
                0x0000000000000200                __HEAPSIZE__ = 0x200
                0x0000000000000000                __STACKSIZE_ABT__ = 0x0
                0x0000000000000000                __STACKSIZE_FIQ__ = 0x0
                0x0000000000000000                __STACKSIZE_IRQ__ = 0x0
                0x0000000000000000                __STACKSIZE_PROCESS__ = 0x0
                0x0000000000000000                __STACKSIZE_SVC__ = 0x0
                0x0000000000000000                __STACKSIZE_UND__ = 0x0
                0x0000000000000800                __STACKSIZE__ = 0x800
                0x0000000020000000                __reserved_ram_load_start__ = 0x20000000

.reserved_ram   0x0000000020000000     0x2760
                0x0000000020000000                __reserved_ram_start__ = .
 *(.reserved_ram .reserved_ram.*)
                0x0000000020002760                . = MAX (((__reserved_ram_start__ + 0x20002760) - 0x20000000), .)
 *fill*         0x0000000020000000     0x2760 
                0x0000000020002760                __reserved_ram_end__ = (__reserved_ram_start__ + SIZEOF (.reserved_ram))
                0x0000000000002760                __reserved_ram_size__ = SIZEOF (.reserved_ram)
                0x0000000020002760                __reserved_ram_load_end__ = __reserved_ram_end__
                0x0000000000000001                . = ASSERT (((__reserved_ram_start__ == __reserved_ram_end__) || ((__reserved_ram_end__ >= __RAM_segment_start__) && (__reserved_ram_end__ <= __RAM_segment_end__))), error: .reserved_ram is too large to fit in RAM memory segment)
                0x0000000020002760                __vectors_ram_load_start__ = 0x20002760

.vectors_ram    0x0000000020002760        0x0
                0x0000000020002760                __vectors_ram_start__ = .
                0x0000000020002760                __app_ram_start__ = __vectors_ram_start__
 *(.vectors_ram .vectors_ram.*)
                0x0000000020002760                __vectors_ram_end__ = (__vectors_ram_start__ + SIZEOF (.vectors_ram))
                0x0000000000000000                __vectors_ram_size__ = SIZEOF (.vectors_ram)
                0x0000000020002760                __vectors_ram_load_end__ = __vectors_ram_end__
                0x0000000000000001                . = ASSERT (((__vectors_ram_start__ == __vectors_ram_end__) || ((__vectors_ram_end__ >= __RAM_segment_start__) && (__vectors_ram_end__ <= __RAM_segment_end__))), error: .vectors_ram is too large to fit in RAM memory segment)
                0x0000000000000001                . = ASSERT ((__reserved_ram_end__ <= __vectors_ram_start__), error: section .reserved_ram overlaps absolute placed section .vectors_ram)
                0x0000000020002760                __nrf_sections_run_load_start__ = ALIGN (__vectors_ram_end__, 0x4)

.nrf_sections_run
                0x0000000020002760        0x0
                0x0000000020002760                __nrf_sections_run_start__ = .
                0x0000000020002760                __start_nrf_sections_run = __nrf_sections_run_start__
 *(.nrf_sections_run .nrf_sections_run.*)
                0x0000000020002760                __nrf_sections_run_end__ = (__nrf_sections_run_start__ + SIZEOF (.nrf_sections_run))
                0x0000000000000000                __nrf_sections_run_size__ = SIZEOF (.nrf_sections_run)
                0x0000000020002760                __nrf_sections_run_load_end__ = __nrf_sections_run_end__
                0x0000000000000001                . = ASSERT (((__nrf_sections_run_start__ == __nrf_sections_run_end__) || ((__nrf_sections_run_end__ >= __RAM_segment_start__) && (__nrf_sections_run_end__ <= __RAM_segment_end__))), error: .nrf_sections_run is too large to fit in RAM memory segment)
                0x0000000000000000                __reserved_flash_load_start__ = 0x0

.reserved_flash
                0x0000000000000000    0x23000
                0x0000000000000000                __reserved_flash_start__ = .
 *(.reserved_flash .reserved_flash.*)
                0x0000000000023000                . = MAX (((__reserved_flash_start__ + 0x23000) - 0x0), .)
 *fill*         0x0000000000000000    0x23000 
                0x0000000000023000                __reserved_flash_end__ = (__reserved_flash_start__ + SIZEOF (.reserved_flash))
                0x0000000000023000                __reserved_flash_size__ = SIZEOF (.reserved_flash)
                0x0000000000023000                __reserved_flash_load_end__ = __reserved_flash_end__
                0x0000000000000001                . = ASSERT (((__reserved_flash_start__ == __reserved_flash_end__) || ((__reserved_flash_end__ >= __FLASH_segment_start__) && (__reserved_flash_end__ <= __FLASH_segment_end__))), error: .reserved_flash is too large to fit in FLASH memory segment)
                0x0000000000023000                __vectors_load_start__ = 0x23000

.vectors        0x0000000000023000       0xdc
                0x0000000000023000                __vectors_start__ = .
 *(.vectors .vectors.*)
 .vectors       0x0000000000023000       0xdc Output/ehsb_nordic_r_pca10040_s132 Release/Obj/ses_nrf52_Vectors.o
                0x0000000000023000                _vectors
                0x00000000000230dc                __vectors_end__ = (__vectors_start__ + SIZEOF (.vectors))
                0x00000000000000dc                __vectors_size__ = SIZEOF (.vectors)
                0x00000000000230dc                __vectors_load_end__ = __vectors_end__
                0x0000000000000001                . = ASSERT (((__vectors_start__ == __vectors_end__) || ((__vectors_end__ >= __FLASH_segment_start__) && (__vectors_end__ <= __FLASH_segment_end__))), error: .vectors is too large to fit in FLASH memory segment)
                0x0000000000000001                . = ASSERT ((__reserved_flash_end__ <= __vectors_start__), error: section .reserved_flash overlaps absolute placed section .vectors)
                0x00000000000230dc                __init_load_start__ = ALIGN (__vectors_end__, 0x4)

.init           0x00000000000230dc      0x218
                0x00000000000230dc                __init_start__ = .
 *(.init .init.*)
 .init          0x00000000000230dc      0x160 Output/ehsb_nordic_r_pca10040_s132 Release/Obj/thumb_crt0.o
                0x00000000000230dc                _start
                0x0000000000023192                exit
 .init          0x000000000002323c       0x58 Output/ehsb_nordic_r_pca10040_s132 Release/Obj/ses_nRF_Startup.o
                0x000000000002323c                Reset_Handler
                0x0000000000023260                InitializeUserMemorySections
 .init          0x0000000000023294       0x60 Output/ehsb_nordic_r_pca10040_s132 Release/Obj/ses_nrf52_Vectors.o
                0x0000000000023294                NMI_Handler
                0x0000000000023296                HardFault_Handler
                0x0000000000023298                MemoryManagement_Handler
                0x000000000002329a                BusFault_Handler
                0x000000000002329c                UsageFault_Handler
                0x000000000002329e                SVC_Handler
                0x00000000000232a0                DebugMon_Handler
                0x00000000000232a2                PendSV_Handler
                0x00000000000232a4                SysTick_Handler
                0x00000000000232aa                RADIO_IRQHandler
                0x00000000000232ae                SPIM0_SPIS0_TWIM0_TWIS0_SPI0_TWI0_IRQHandler
                0x00000000000232b0                SPIM1_SPIS1_TWIM1_TWIS1_SPI1_TWI1_IRQHandler
                0x00000000000232b2                NFCT_IRQHandler
                0x00000000000232b6                SAADC_IRQHandler
                0x00000000000232b8                TIMER0_IRQHandler
                0x00000000000232ba                TIMER1_IRQHandler
                0x00000000000232bc                TIMER2_IRQHandler
                0x00000000000232be                RTC0_IRQHandler
                0x00000000000232c0                TEMP_IRQHandler
                0x00000000000232c2                RNG_IRQHandler
                0x00000000000232c4                ECB_IRQHandler
                0x00000000000232c6                CCM_AAR_IRQHandler
                0x00000000000232c8                WDT_IRQHandler
                0x00000000000232cc                QDEC_IRQHandler
                0x00000000000232ce                COMP_LPCOMP_IRQHandler
                0x00000000000232d2                SWI1_EGU1_IRQHandler
                0x00000000000232d6                SWI3_EGU3_IRQHandler
                0x00000000000232d8                SWI4_EGU4_IRQHandler
                0x00000000000232da                SWI5_EGU5_IRQHandler
                0x00000000000232dc                TIMER3_IRQHandler
                0x00000000000232de                TIMER4_IRQHandler
                0x00000000000232e0                PWM0_IRQHandler
                0x00000000000232e2                PDM_IRQHandler
                0x00000000000232e4                MWU_IRQHandler
                0x00000000000232e6                PWM1_IRQHandler
                0x00000000000232e8                PWM2_IRQHandler
                0x00000000000232ea                SPIM2_SPIS2_SPI2_IRQHandler
                0x00000000000232ec                RTC2_IRQHandler
                0x00000000000232ee                I2S_IRQHandler
                0x00000000000232f0                FPU_IRQHandler
                0x00000000000232f4                __init_end__ = (__init_start__ + SIZEOF (.init))
                0x0000000000000218                __init_size__ = SIZEOF (.init)
                0x00000000000232f4                __init_load_end__ = __init_end__
                0x0000000000000001                . = ASSERT (((__init_start__ == __init_end__) || ((__init_end__ >= __FLASH_segment_start__) && (__init_end__ <= __FLASH_segment_end__))), error: .init is too large to fit in FLASH memory segment)
                0x00000000000232f4                __init_rodata_load_start__ = ALIGN (__init_end__, 0x4)

.init_rodata    0x00000000000232f4        0x0
                0x00000000000232f4                __init_rodata_start__ = .
 *(.init_rodata .init_rodata.*)
                0x00000000000232f4                __init_rodata_end__ = (__init_rodata_start__ + SIZEOF (.init_rodata))
                0x0000000000000000                __init_rodata_size__ = SIZEOF (.init_rodata)
                0x00000000000232f4                __init_rodata_load_end__ = __init_rodata_end__
                0x0000000000000001                . = ASSERT (((__init_rodata_start__ == __init_rodata_end__) || ((__init_rodata_end__ >= __FLASH_segment_start__) && (__init_rodata_end__ <= __FLASH_segment_end__))), error: .init_rodata is too large to fit in FLASH memory segment)
                0x00000000000232f4                __text_load_start__ = ALIGN (__init_rodata_end__, 0x4)

.text           0x00000000000232f4     0x5500
                0x00000000000232f4                __text_start__ = .
 *(.text .text.* .glue_7t .glue_7 .gnu.linkonce.t.* .gcc_except_table .ARM.extab* .gnu.linkonce.armextab.*)
 .glue_7        0x00000000000232f4        0x0 linker stubs
 .glue_7t       0x00000000000232f4        0x0 linker stubs
 .text.__printf_lock
                0x00000000000232f4        0x2 Output/ehsb_nordic_r_pca10040_s132 Release/Obj/thumb_crt0.o
                0x00000000000232f4                __printf_lock
 .text.__printf_unlock
                0x00000000000232f6        0x2 Output/ehsb_nordic_r_pca10040_s132 Release/Obj/thumb_crt0.o
                0x00000000000232f6                __printf_unlock
 .text.nrf_log_backend_rtt_panic_set
                0x00000000000232f8        0x2 Output/ehsb_nordic_r_pca10040_s132 Release/Obj/nrf_log_backend_rtt.o
 *fill*         0x00000000000232fa        0x2 
 .text.nrf_log_backend_rtt_put
                0x00000000000232fc       0x1c Output/ehsb_nordic_r_pca10040_s132 Release/Obj/nrf_log_backend_rtt.o
 .text.serial_tx
                0x0000000000023318       0x26 Output/ehsb_nordic_r_pca10040_s132 Release/Obj/nrf_log_backend_rtt.o
 .text.nrf_log_backend_rtt_flush
                0x000000000002333e        0x2 Output/ehsb_nordic_r_pca10040_s132 Release/Obj/nrf_log_backend_rtt.o
 .text.nrf_log_backend_rtt_init
                0x0000000000023340        0x4 Output/ehsb_nordic_r_pca10040_s132 Release/Obj/nrf_log_backend_rtt.o
                0x0000000000023340                nrf_log_backend_rtt_init
 .text.nrf_log_backend_serial_put
                0x0000000000023344       0xd4 Output/ehsb_nordic_r_pca10040_s132 Release/Obj/nrf_log_backend_serial.o
                0x0000000000023344                nrf_log_backend_serial_put
 .text.nrf_log_default_backends_init
                0x0000000000023418       0x1c Output/ehsb_nordic_r_pca10040_s132 Release/Obj/nrf_log_default_backends.o
                0x0000000000023418                nrf_log_default_backends_init
 .text.buf_prealloc
                0x0000000000023434      0x11c Output/ehsb_nordic_r_pca10040_s132 Release/Obj/nrf_log_frontend.o
 .text.nrf_log_init
                0x0000000000023550       0x54 Output/ehsb_nordic_r_pca10040_s132 Release/Obj/nrf_log_frontend.o
                0x0000000000023550                nrf_log_init
 .text.nrf_log_module_name_get
                0x00000000000235a4       0x3c Output/ehsb_nordic_r_pca10040_s132 Release/Obj/nrf_log_frontend.o
                0x00000000000235a4                nrf_log_module_name_get
 .text.nrf_log_color_id_get
                0x00000000000235e0       0x2c Output/ehsb_nordic_r_pca10040_s132 Release/Obj/nrf_log_frontend.o
                0x00000000000235e0                nrf_log_color_id_get
 .text.buffer_is_empty
                0x000000000002360c       0x14 Output/ehsb_nordic_r_pca10040_s132 Release/Obj/nrf_log_frontend.o
                0x000000000002360c                buffer_is_empty
 .text.nrf_log_frontend_dequeue
                0x0000000000023620      0x1e8 Output/ehsb_nordic_r_pca10040_s132 Release/Obj/nrf_log_frontend.o
                0x0000000000023620                nrf_log_frontend_dequeue
 .text.std_n    0x0000000000023808       0xa0 Output/ehsb_nordic_r_pca10040_s132 Release/Obj/nrf_log_frontend.o
 .text.nrf_log_frontend_std_0
                0x00000000000238a8        0x8 Output/ehsb_nordic_r_pca10040_s132 Release/Obj/nrf_log_frontend.o
                0x00000000000238a8                nrf_log_frontend_std_0
 .text.nrf_log_frontend_std_1
                0x00000000000238b0       0x14 Output/ehsb_nordic_r_pca10040_s132 Release/Obj/nrf_log_frontend.o
                0x00000000000238b0                nrf_log_frontend_std_1
 .text.nrf_log_frontend_std_2
                0x00000000000238c4       0x14 Output/ehsb_nordic_r_pca10040_s132 Release/Obj/nrf_log_frontend.o
                0x00000000000238c4                nrf_log_frontend_std_2
 .text.nrf_log_backend_add
                0x00000000000238d8       0x44 Output/ehsb_nordic_r_pca10040_s132 Release/Obj/nrf_log_frontend.o
                0x00000000000238d8                nrf_log_backend_add
 .text.nrf_log_panic
                0x000000000002391c       0x28 Output/ehsb_nordic_r_pca10040_s132 Release/Obj/nrf_log_frontend.o
                0x000000000002391c                nrf_log_panic
 .text.postfix_process
                0x0000000000023944       0x3c Output/ehsb_nordic_r_pca10040_s132 Release/Obj/nrf_log_str_formatter.o
 .text.prefix_process.part.0
                0x0000000000023980       0x50 Output/ehsb_nordic_r_pca10040_s132 Release/Obj/nrf_log_str_formatter.o
 .text.nrf_log_std_entry_process
                0x00000000000239d0       0xcc Output/ehsb_nordic_r_pca10040_s132 Release/Obj/nrf_log_str_formatter.o
                0x00000000000239d0                nrf_log_std_entry_process
 .text.nrf_log_hexdump_entry_process
                0x0000000000023a9c       0xb0 Output/ehsb_nordic_r_pca10040_s132 Release/Obj/nrf_log_str_formatter.o
                0x0000000000023a9c                nrf_log_hexdump_entry_process
 .text.app_error_handler_bare
                0x0000000000023b4c       0x1c Output/ehsb_nordic_r_pca10040_s132 Release/Obj/app_error.o
                0x0000000000023b4c                app_error_handler_bare
 .text.app_error_fault_handler
                0x0000000000023b68       0x68 Output/ehsb_nordic_r_pca10040_s132 Release/Obj/app_error_weak.o
                0x0000000000023b68                app_error_fault_handler
 .text.app_fifo_init
                0x0000000000023bd0       0x1e Output/ehsb_nordic_r_pca10040_s132 Release/Obj/app_fifo.o
                0x0000000000023bd0                app_fifo_init
 .text.app_fifo_put
                0x0000000000023bee       0x24 Output/ehsb_nordic_r_pca10040_s132 Release/Obj/app_fifo.o
                0x0000000000023bee                app_fifo_put
 .text.app_fifo_get
                0x0000000000023c12       0x22 Output/ehsb_nordic_r_pca10040_s132 Release/Obj/app_fifo.o
                0x0000000000023c12                app_fifo_get
 .text.user_op_alloc
                0x0000000000023c34       0x2c Output/ehsb_nordic_r_pca10040_s132 Release/Obj/app_timer.o
 .text.timer_stop_op_schedule
                0x0000000000023c60       0x50 Output/ehsb_nordic_r_pca10040_s132 Release/Obj/app_timer.o
 .text.nrf_delay_us.part.0.constprop.4
                0x0000000000023cb0       0x8c Output/ehsb_nordic_r_pca10040_s132 Release/Obj/app_timer.o
 .text.rtc1_stop
                0x0000000000023d3c       0x44 Output/ehsb_nordic_r_pca10040_s132 Release/Obj/app_timer.o
 .text.RTC1_IRQHandler
                0x0000000000023d80       0x9c Output/ehsb_nordic_r_pca10040_s132 Release/Obj/app_timer.o
                0x0000000000023d80                RTC1_IRQHandler
 .text.SWI0_EGU0_IRQHandler
                0x0000000000023e1c      0x2a4 Output/ehsb_nordic_r_pca10040_s132 Release/Obj/app_timer.o
                0x0000000000023e1c                SWI0_EGU0_IRQHandler
 .text.app_timer_init
                0x00000000000240c0       0x64 Output/ehsb_nordic_r_pca10040_s132 Release/Obj/app_timer.o
                0x00000000000240c0                app_timer_init
 .text.app_timer_create
                0x0000000000024124       0x24 Output/ehsb_nordic_r_pca10040_s132 Release/Obj/app_timer.o
                0x0000000000024124                app_timer_create
 .text.app_timer_start
                0x0000000000024148       0x8c Output/ehsb_nordic_r_pca10040_s132 Release/Obj/app_timer.o
                0x0000000000024148                app_timer_start
 .text.app_timer_stop
                0x00000000000241d4       0x20 Output/ehsb_nordic_r_pca10040_s132 Release/Obj/app_timer.o
                0x00000000000241d4                app_timer_stop
 .text.uart_event_handler
                0x00000000000241f4       0xc4 Output/ehsb_nordic_r_pca10040_s132 Release/Obj/app_uart_fifo.o
 .text.app_uart_init
                0x00000000000242b8       0xc4 Output/ehsb_nordic_r_pca10040_s132 Release/Obj/app_uart_fifo.o
                0x00000000000242b8                app_uart_init
 .text.app_uart_get
                0x000000000002437c       0x3c Output/ehsb_nordic_r_pca10040_s132 Release/Obj/app_uart_fifo.o
                0x000000000002437c                app_uart_get
 .text.app_uart_put
                0x00000000000243b8       0x40 Output/ehsb_nordic_r_pca10040_s132 Release/Obj/app_uart_fifo.o
                0x00000000000243b8                app_uart_put
 .text.app_util_critical_region_enter
                0x00000000000243f8       0x48 Output/ehsb_nordic_r_pca10040_s132 Release/Obj/app_util_platform.o
                0x00000000000243f8                app_util_critical_region_enter
 .text.app_util_critical_region_exit
                0x0000000000024440       0x2c Output/ehsb_nordic_r_pca10040_s132 Release/Obj/app_util_platform.o
                0x0000000000024440                app_util_critical_region_exit
 .text.nrf_atfifo_item_get
                0x000000000002446c       0x56 Output/ehsb_nordic_r_pca10040_s132 Release/Obj/nrf_atfifo.o
                0x000000000002446c                nrf_atfifo_item_get
 .text.nrf_atfifo_item_free
                0x00000000000244c2       0x20 Output/ehsb_nordic_r_pca10040_s132 Release/Obj/nrf_atfifo.o
                0x00000000000244c2                nrf_atfifo_item_free
 .text.nrf_balloc_init
                0x00000000000244e2       0x2e Output/ehsb_nordic_r_pca10040_s132 Release/Obj/nrf_balloc.o
                0x00000000000244e2                nrf_balloc_init
 .text.nrf_balloc_alloc
                0x0000000000024510       0x46 Output/ehsb_nordic_r_pca10040_s132 Release/Obj/nrf_balloc.o
                0x0000000000024510                nrf_balloc_alloc
 .text.nrf_balloc_free
                0x0000000000024556       0x32 Output/ehsb_nordic_r_pca10040_s132 Release/Obj/nrf_balloc.o
                0x0000000000024556                nrf_balloc_free
 .text.nrf_fprintf_buffer_flush
                0x0000000000024588       0x16 Output/ehsb_nordic_r_pca10040_s132 Release/Obj/nrf_fprintf.o
                0x0000000000024588                nrf_fprintf_buffer_flush
 .text.nrf_fprintf
                0x000000000002459e       0x1e Output/ehsb_nordic_r_pca10040_s132 Release/Obj/nrf_fprintf.o
                0x000000000002459e                nrf_fprintf
 .text.buffer_add
                0x00000000000245bc       0x1e Output/ehsb_nordic_r_pca10040_s132 Release/Obj/nrf_fprintf_format.o
 *fill*         0x00000000000245da        0x2 
 .text.unsigned_print
                0x00000000000245dc       0xb0 Output/ehsb_nordic_r_pca10040_s132 Release/Obj/nrf_fprintf_format.o
 .text.nrf_fprintf_fmt
                0x000000000002468c      0x280 Output/ehsb_nordic_r_pca10040_s132 Release/Obj/nrf_fprintf_format.o
                0x000000000002468c                nrf_fprintf_fmt
 .text.nrf_fstorage_is_busy
                0x000000000002490c       0x48 Output/ehsb_nordic_r_pca10040_s132 Release/Obj/nrf_fstorage.o
                0x000000000002490c                nrf_fstorage_is_busy
 .text.sd_flash_write
                0x0000000000024954        0x4 Output/ehsb_nordic_r_pca10040_s132 Release/Obj/nrf_fstorage_sd.o
 .text.sd_flash_page_erase
                0x0000000000024958        0x4 Output/ehsb_nordic_r_pca10040_s132 Release/Obj/nrf_fstorage_sd.o
 .text.event_send
                0x000000000002495c       0x4a Output/ehsb_nordic_r_pca10040_s132 Release/Obj/nrf_fstorage_sd.o
 *fill*         0x00000000000249a6        0x2 
 .text.nrf_fstorage_sdh_req_handler
                0x00000000000249a8       0x14 Output/ehsb_nordic_r_pca10040_s132 Release/Obj/nrf_fstorage_sd.o
                0x00000000000249a8                nrf_fstorage_sdh_req_handler
 .text.nrf_fstorage_sys_evt_handler
                0x00000000000249bc       0xa8 Output/ehsb_nordic_r_pca10040_s132 Release/Obj/nrf_fstorage_sd.o
                0x00000000000249bc                nrf_fstorage_sys_evt_handler
 .text.queue_process
                0x0000000000024a64       0x98 Output/ehsb_nordic_r_pca10040_s132 Release/Obj/nrf_fstorage_sd.o
 .text.nrf_fstorage_sdh_state_handler
                0x0000000000024afc       0x20 Output/ehsb_nordic_r_pca10040_s132 Release/Obj/nrf_fstorage_sd.o
                0x0000000000024afc                nrf_fstorage_sdh_state_handler
 .text.nrf_memobj_pool_init
                0x0000000000024b1c        0x4 Output/ehsb_nordic_r_pca10040_s132 Release/Obj/nrf_memobj.o
                0x0000000000024b1c                nrf_memobj_pool_init
 .text.nrf_memobj_free
                0x0000000000024b20       0x2c Output/ehsb_nordic_r_pca10040_s132 Release/Obj/nrf_memobj.o
                0x0000000000024b20                nrf_memobj_free
 .text.nrf_memobj_alloc
                0x0000000000024b4c       0x62 Output/ehsb_nordic_r_pca10040_s132 Release/Obj/nrf_memobj.o
                0x0000000000024b4c                nrf_memobj_alloc
 .text.nrf_memobj_get
                0x0000000000024bae       0x1a Output/ehsb_nordic_r_pca10040_s132 Release/Obj/nrf_memobj.o
                0x0000000000024bae                nrf_memobj_get
 .text.nrf_memobj_put
                0x0000000000024bc8       0x28 Output/ehsb_nordic_r_pca10040_s132 Release/Obj/nrf_memobj.o
                0x0000000000024bc8                nrf_memobj_put
 .text.nrf_memobj_write
                0x0000000000024bf0       0x56 Output/ehsb_nordic_r_pca10040_s132 Release/Obj/nrf_memobj.o
                0x0000000000024bf0                nrf_memobj_write
 .text.nrf_memobj_read
                0x0000000000024c46       0x54 Output/ehsb_nordic_r_pca10040_s132 Release/Obj/nrf_memobj.o
                0x0000000000024c46                nrf_memobj_read
 .text.nrf_section_iter_init
                0x0000000000024c9a       0x14 Output/ehsb_nordic_r_pca10040_s132 Release/Obj/nrf_section_iter.o
                0x0000000000024c9a                nrf_section_iter_init
 .text.nrf_section_iter_next
                0x0000000000024cae       0x18 Output/ehsb_nordic_r_pca10040_s132 Release/Obj/nrf_section_iter.o
                0x0000000000024cae                nrf_section_iter_next
 *fill*         0x0000000000024cc6        0x2 
 .text.nrf_strerror_find
                0x0000000000024cc8       0x3c Output/ehsb_nordic_r_pca10040_s132 Release/Obj/nrf_strerror.o
                0x0000000000024cc8                nrf_strerror_find
 .text.nrf_strerror_get
                0x0000000000024d04       0x14 Output/ehsb_nordic_r_pca10040_s132 Release/Obj/nrf_strerror.o
                0x0000000000024d04                nrf_strerror_get
 .text.__putchar
                0x0000000000024d18        0xe Output/ehsb_nordic_r_pca10040_s132 Release/Obj/retarget.o
                0x0000000000024d18                __putchar
 .text.sdk_mapped_flags_first_key_index_get
                0x0000000000024d26       0x1e Output/ehsb_nordic_r_pca10040_s132 Release/Obj/sdk_mapped_flags.o
                0x0000000000024d26                sdk_mapped_flags_first_key_index_get
 .text.sdk_mapped_flags_bulk_update_by_key
                0x0000000000024d44       0x40 Output/ehsb_nordic_r_pca10040_s132 Release/Obj/sdk_mapped_flags.o
                0x0000000000024d44                sdk_mapped_flags_bulk_update_by_key
 .text.sdk_mapped_flags_update_by_key
                0x0000000000024d84       0x12 Output/ehsb_nordic_r_pca10040_s132 Release/Obj/sdk_mapped_flags.o
                0x0000000000024d84                sdk_mapped_flags_update_by_key
 .text.sdk_mapped_flags_key_list_get
                0x0000000000024d96       0x30 Output/ehsb_nordic_r_pca10040_s132 Release/Obj/sdk_mapped_flags.o
                0x0000000000024d96                sdk_mapped_flags_key_list_get
 *fill*         0x0000000000024dc6        0x2 
 .text.bsp_board_led_state_get
                0x0000000000024dc8       0x1c Output/ehsb_nordic_r_pca10040_s132 Release/Obj/boards.o
                0x0000000000024dc8                bsp_board_led_state_get
 .text.bsp_board_led_on
                0x0000000000024de4       0x18 Output/ehsb_nordic_r_pca10040_s132 Release/Obj/boards.o
                0x0000000000024de4                bsp_board_led_on
 .text.bsp_board_led_off
                0x0000000000024dfc       0x18 Output/ehsb_nordic_r_pca10040_s132 Release/Obj/boards.o
                0x0000000000024dfc                bsp_board_led_off
 .text.bsp_board_leds_off
                0x0000000000024e14       0x1e Output/ehsb_nordic_r_pca10040_s132 Release/Obj/boards.o
                0x0000000000024e14                bsp_board_leds_off
 .text.bsp_board_leds_on
                0x0000000000024e32       0x1e Output/ehsb_nordic_r_pca10040_s132 Release/Obj/boards.o
                0x0000000000024e32                bsp_board_leds_on
 .text.bsp_board_led_invert
                0x0000000000024e50       0x24 Output/ehsb_nordic_r_pca10040_s132 Release/Obj/boards.o
                0x0000000000024e50                bsp_board_led_invert
 .text.clock_clk_started_notify
                0x0000000000024e74       0x28 Output/ehsb_nordic_r_pca10040_s132 Release/Obj/nrf_drv_clock.o
 .text.soc_evt_handler
                0x0000000000024e9c        0x8 Output/ehsb_nordic_r_pca10040_s132 Release/Obj/nrf_drv_clock.o
 .text.lfclk_stop
                0x0000000000024ea4       0x24 Output/ehsb_nordic_r_pca10040_s132 Release/Obj/nrf_drv_clock.o
 .text.nrf_drv_clock_init
                0x0000000000024ec8       0x44 Output/ehsb_nordic_r_pca10040_s132 Release/Obj/nrf_drv_clock.o
                0x0000000000024ec8                nrf_drv_clock_init
 .text.nrf_drv_clock_lfclk_release
                0x0000000000024f0c       0x30 Output/ehsb_nordic_r_pca10040_s132 Release/Obj/nrf_drv_clock.o
                0x0000000000024f0c                nrf_drv_clock_lfclk_release
 .text.sd_state_evt_handler
                0x0000000000024f3c       0x5c Output/ehsb_nordic_r_pca10040_s132 Release/Obj/nrf_drv_clock.o
 .text.POWER_CLOCK_IRQHandler
                0x0000000000024f98       0x5c Output/ehsb_nordic_r_pca10040_s132 Release/Obj/nrf_drv_clock.o
                0x0000000000024f98                POWER_CLOCK_IRQHandler
 .text.nrf_drv_common_irq_enable
                0x0000000000024ff4       0x4c Output/ehsb_nordic_r_pca10040_s132 Release/Obj/nrf_drv_common.o
                0x0000000000024ff4                nrf_drv_common_irq_enable
 .text.nrf_gpiote_event_clear
                0x0000000000025040       0x18 Output/ehsb_nordic_r_pca10040_s132 Release/Obj/nrf_drv_gpiote.o
 .text.nrf_gpio_cfg_sense_set
                0x0000000000025058       0x20 Output/ehsb_nordic_r_pca10040_s132 Release/Obj/nrf_drv_gpiote.o
 .text.GPIOTE_IRQHandler
                0x0000000000025078      0x184 Output/ehsb_nordic_r_pca10040_s132 Release/Obj/nrf_drv_gpiote.o
                0x0000000000025078                GPIOTE_IRQHandler
 .text.nrf_uart_event_clear
                0x00000000000251fc       0x10 Output/ehsb_nordic_r_pca10040_s132 Release/Obj/nrf_drv_uart.o
 .text.nrf_uarte_event_clear
                0x000000000002520c       0x10 Output/ehsb_nordic_r_pca10040_s132 Release/Obj/nrf_drv_uart.o
 .text.tx_byte  0x000000000002521c       0x22 Output/ehsb_nordic_r_pca10040_s132 Release/Obj/nrf_drv_uart.o
 .text.tx_done_event
                0x000000000002523e       0x20 Output/ehsb_nordic_r_pca10040_s132 Release/Obj/nrf_drv_uart.o
 .text.rx_enable.isra.1
                0x000000000002525e       0x20 Output/ehsb_nordic_r_pca10040_s132 Release/Obj/nrf_drv_uart.o
 .text.rx_byte  0x000000000002527e       0x2e Output/ehsb_nordic_r_pca10040_s132 Release/Obj/nrf_drv_uart.o
 .text.rx_done_event.constprop.6
                0x00000000000252ac       0x24 Output/ehsb_nordic_r_pca10040_s132 Release/Obj/nrf_drv_uart.o
 .text.nrf_drv_uart_init
                0x00000000000252d0      0x1b4 Output/ehsb_nordic_r_pca10040_s132 Release/Obj/nrf_drv_uart.o
                0x00000000000252d0                nrf_drv_uart_init
 .text.nrf_drv_uart_tx
                0x0000000000025484      0x108 Output/ehsb_nordic_r_pca10040_s132 Release/Obj/nrf_drv_uart.o
                0x0000000000025484                nrf_drv_uart_tx
 .text.nrf_drv_uart_tx_in_progress
                0x000000000002558c       0x18 Output/ehsb_nordic_r_pca10040_s132 Release/Obj/nrf_drv_uart.o
                0x000000000002558c                nrf_drv_uart_tx_in_progress
 .text.nrf_drv_uart_rx
                0x00000000000255a4      0x18c Output/ehsb_nordic_r_pca10040_s132 Release/Obj/nrf_drv_uart.o
                0x00000000000255a4                nrf_drv_uart_rx
 .text.nrf_drv_uart_rx_enable
                0x0000000000025730       0x28 Output/ehsb_nordic_r_pca10040_s132 Release/Obj/nrf_drv_uart.o
                0x0000000000025730                nrf_drv_uart_rx_enable
 .text.UARTE0_UART0_IRQHandler
                0x0000000000025758      0x1ec Output/ehsb_nordic_r_pca10040_s132 Release/Obj/nrf_drv_uart.o
                0x0000000000025758                UARTE0_UART0_IRQHandler
 .text.leds_off
                0x0000000000025944       0x2c Output/ehsb_nordic_r_pca10040_s132 Release/Obj/bsp.o
 .text.bsp_led_indication
                0x0000000000025970      0x1f0 Output/ehsb_nordic_r_pca10040_s132 Release/Obj/bsp.o
 .text.bsp_indication_set
                0x0000000000025b60       0x18 Output/ehsb_nordic_r_pca10040_s132 Release/Obj/bsp.o
                0x0000000000025b60                bsp_indication_set
 .text.bsp_event_to_button_action_assign
                0x0000000000025b78       0x4c Output/ehsb_nordic_r_pca10040_s132 Release/Obj/bsp.o
                0x0000000000025b78                bsp_event_to_button_action_assign
 .text.advertising_buttons_configure
                0x0000000000025bc4       0x36 Output/ehsb_nordic_r_pca10040_s132 Release/Obj/bsp_btn_ble.o
 *fill*         0x0000000000025bfa        0x2 
 .text.ble_evt_handler
                0x0000000000025bfc       0x7c Output/ehsb_nordic_r_pca10040_s132 Release/Obj/bsp_btn_ble.o
 .text.sd_ble_gap_disconnect
                0x0000000000025c78        0x4 Output/ehsb_nordic_r_pca10040_s132 Release/Obj/main.o
 .text.sd_ble_gap_ppcp_set
                0x0000000000025c7c        0x4 Output/ehsb_nordic_r_pca10040_s132 Release/Obj/main.o
 .text.sd_ble_gap_device_name_set
                0x0000000000025c80        0x4 Output/ehsb_nordic_r_pca10040_s132 Release/Obj/main.o
 .text.sd_ble_gap_sec_params_reply
                0x0000000000025c84        0x4 Output/ehsb_nordic_r_pca10040_s132 Release/Obj/main.o
 .text.sd_ble_gap_scan_start
                0x0000000000025c88        0x4 Output/ehsb_nordic_r_pca10040_s132 Release/Obj/main.o
 .text.sd_ble_gap_scan_stop
                0x0000000000025c8c        0x4 Output/ehsb_nordic_r_pca10040_s132 Release/Obj/main.o
 .text.sd_ble_gap_phy_update
                0x0000000000025c90        0x4 Output/ehsb_nordic_r_pca10040_s132 Release/Obj/main.o
 .text.sd_ble_gap_data_length_update
                0x0000000000025c94        0x4 Output/ehsb_nordic_r_pca10040_s132 Release/Obj/main.o
 .text.sd_ble_gatts_rw_authorize_reply
                0x0000000000025c98        0x4 Output/ehsb_nordic_r_pca10040_s132 Release/Obj/main.o
 .text.sd_ble_gatts_sys_attr_set
                0x0000000000025c9c        0x4 Output/ehsb_nordic_r_pca10040_s132 Release/Obj/main.o
 .text.sd_ble_user_mem_reply
                0x0000000000025ca0        0x4 Output/ehsb_nordic_r_pca10040_s132 Release/Obj/main.o
 .text.sd_app_evt_wait
                0x0000000000025ca4        0x4 Output/ehsb_nordic_r_pca10040_s132 Release/Obj/main.o
 .text.scan_led_timeout_handler
                0x0000000000025ca8       0x1c Output/ehsb_nordic_r_pca10040_s132 Release/Obj/main.o
 .text.conn_params_error_handler
                0x0000000000025cc4        0x4 Output/ehsb_nordic_r_pca10040_s132 Release/Obj/main.o
 .text.scan_start
                0x0000000000025cc8       0x24 Output/ehsb_nordic_r_pca10040_s132 Release/Obj/main.o
 .text.ble_evt_handler
                0x0000000000025cec      0x1b8 Output/ehsb_nordic_r_pca10040_s132 Release/Obj/main.o
 .text.gatt_evt_handler
                0x0000000000025ea4       0x44 Output/ehsb_nordic_r_pca10040_s132 Release/Obj/main.o
                0x0000000000025ea4                gatt_evt_handler
 .text.on_conn_params_evt
                0x0000000000025ee8       0x20 Output/ehsb_nordic_r_pca10040_s132 Release/Obj/main.o
 .text.uart_event_handle
                0x0000000000025f08       0x7c Output/ehsb_nordic_r_pca10040_s132 Release/Obj/main.o
                0x0000000000025f08                uart_event_handle
 .text.adv_led_timeout_handler
                0x0000000000025f84       0x1c Output/ehsb_nordic_r_pca10040_s132 Release/Obj/main.o
 .text.nus_data_handler
                0x0000000000025fa0       0xe0 Output/ehsb_nordic_r_pca10040_s132 Release/Obj/main.o
 .text.gatt_init
                0x0000000000026080       0x2c Output/ehsb_nordic_r_pca10040_s132 Release/Obj/main.o
                0x0000000000026080                gatt_init
 .text.startup.main
                0x00000000000260ac      0x254 Output/ehsb_nordic_r_pca10040_s132 Release/Obj/main.o
                0x00000000000260ac                main
 .text._GetAvailWriteSpace
                0x0000000000026300       0x1c Output/ehsb_nordic_r_pca10040_s132 Release/Obj/SEGGER_RTT.o
 .text._WriteNoCheck
                0x000000000002631c       0x3c Output/ehsb_nordic_r_pca10040_s132 Release/Obj/SEGGER_RTT.o
 .text._WriteBlocking
                0x0000000000026358       0x52 Output/ehsb_nordic_r_pca10040_s132 Release/Obj/SEGGER_RTT.o
 *fill*         0x00000000000263aa        0x2 
 .text._DoInit  0x00000000000263ac       0x60 Output/ehsb_nordic_r_pca10040_s132 Release/Obj/SEGGER_RTT.o
 .text.SEGGER_RTT_WriteNoLock
                0x000000000002640c       0x68 Output/ehsb_nordic_r_pca10040_s132 Release/Obj/SEGGER_RTT.o
                0x000000000002640c                SEGGER_RTT_WriteNoLock
 .text.SEGGER_RTT_Init
                0x0000000000026474        0x4 Output/ehsb_nordic_r_pca10040_s132 Release/Obj/SEGGER_RTT.o
                0x0000000000026474                SEGGER_RTT_Init
 .text.sd_ble_gap_addr_get
                0x0000000000026478        0x4 Output/ehsb_nordic_r_pca10040_s132 Release/Obj/ble_advdata.o
 .text.sd_ble_gap_adv_data_set
                0x000000000002647c        0x4 Output/ehsb_nordic_r_pca10040_s132 Release/Obj/ble_advdata.o
 .text.sd_ble_gap_appearance_get
                0x0000000000026480        0x4 Output/ehsb_nordic_r_pca10040_s132 Release/Obj/ble_advdata.o
 .text.sd_ble_gap_device_name_get
                0x0000000000026484        0x4 Output/ehsb_nordic_r_pca10040_s132 Release/Obj/ble_advdata.o
 .text.sd_ble_uuid_encode
                0x0000000000026488        0x4 Output/ehsb_nordic_r_pca10040_s132 Release/Obj/ble_advdata.o
 .text.uuid_list_sized_encode
                0x000000000002648c       0xa4 Output/ehsb_nordic_r_pca10040_s132 Release/Obj/ble_advdata.o
 .text.uuid_list_encode
                0x0000000000026530       0x34 Output/ehsb_nordic_r_pca10040_s132 Release/Obj/ble_advdata.o
 .text.ble_advdata_encode
                0x0000000000026564      0x37a Output/ehsb_nordic_r_pca10040_s132 Release/Obj/ble_advdata.o
                0x0000000000026564                ble_advdata_encode
 .text.ble_advdata_set
                0x00000000000268de       0x66 Output/ehsb_nordic_r_pca10040_s132 Release/Obj/ble_advdata.o
                0x00000000000268de                ble_advdata_set
 .text.sd_ble_gap_adv_start
                0x0000000000026944        0x4 Output/ehsb_nordic_r_pca10040_s132 Release/Obj/ble_advertising.o
 .text.ble_advertising_conn_cfg_tag_set
                0x0000000000026948        0x6 Output/ehsb_nordic_r_pca10040_s132 Release/Obj/ble_advertising.o
                0x0000000000026948                ble_advertising_conn_cfg_tag_set
 .text.ble_advertising_init
                0x000000000002694e      0x148 Output/ehsb_nordic_r_pca10040_s132 Release/Obj/ble_advertising.o
                0x000000000002694e                ble_advertising_init
 .text.ble_advertising_start
                0x0000000000026a96      0x1c0 Output/ehsb_nordic_r_pca10040_s132 Release/Obj/ble_advertising.o
                0x0000000000026a96                ble_advertising_start
 .text.ble_advertising_on_ble_evt
                0x0000000000026c56       0x64 Output/ehsb_nordic_r_pca10040_s132 Release/Obj/ble_advertising.o
                0x0000000000026c56                ble_advertising_on_ble_evt
 .text.ble_advertising_on_sys_evt
                0x0000000000026cba       0x2a Output/ehsb_nordic_r_pca10040_s132 Release/Obj/ble_advertising.o
                0x0000000000026cba                ble_advertising_on_sys_evt
 .text.sd_ble_gap_conn_param_update
                0x0000000000026ce4        0x4 Output/ehsb_nordic_r_pca10040_s132 Release/Obj/ble_conn_params.o
 .text.sd_ble_gap_disconnect
                0x0000000000026ce8        0x4 Output/ehsb_nordic_r_pca10040_s132 Release/Obj/ble_conn_params.o
 .text.sd_ble_gap_ppcp_set
                0x0000000000026cec        0x4 Output/ehsb_nordic_r_pca10040_s132 Release/Obj/ble_conn_params.o
 .text.sd_ble_gap_ppcp_get
                0x0000000000026cf0        0x4 Output/ehsb_nordic_r_pca10040_s132 Release/Obj/ble_conn_params.o
 .text.instance_get
                0x0000000000026cf4       0x14 Output/ehsb_nordic_r_pca10040_s132 Release/Obj/ble_conn_params.o
 .text.send_error_evt
                0x0000000000026d08       0x10 Output/ehsb_nordic_r_pca10040_s132 Release/Obj/ble_conn_params.o
 .text.update_timeout_handler
                0x0000000000026d18       0x6c Output/ehsb_nordic_r_pca10040_s132 Release/Obj/ble_conn_params.o
 .text.conn_params_negotiation
                0x0000000000026d84       0x48 Output/ehsb_nordic_r_pca10040_s132 Release/Obj/ble_conn_params.o
 .text.is_conn_params_ok.constprop.3
                0x0000000000026dcc       0x3c Output/ehsb_nordic_r_pca10040_s132 Release/Obj/ble_conn_params.o
 .text.ble_evt_handler
                0x0000000000026e08       0xdc Output/ehsb_nordic_r_pca10040_s132 Release/Obj/ble_conn_params.o
 .text.ble_conn_params_init
                0x0000000000026ee4       0x74 Output/ehsb_nordic_r_pca10040_s132 Release/Obj/ble_conn_params.o
                0x0000000000026ee4                ble_conn_params_init
 .text.ble_evt_handler
                0x0000000000026f58      0x108 Output/ehsb_nordic_r_pca10040_s132 Release/Obj/ble_conn_state.o
 .text.ble_srv_is_notification_enabled
                0x0000000000027060        0x8 Output/ehsb_nordic_r_pca10040_s132 Release/Obj/ble_srv_common.o
                0x0000000000027060                ble_srv_is_notification_enabled
 .text.sd_ble_gap_data_length_update
                0x0000000000027068        0x4 Output/ehsb_nordic_r_pca10040_s132 Release/Obj/nrf_ble_gatt.o
 .text.sd_ble_gattc_exchange_mtu_request
                0x000000000002706c        0x4 Output/ehsb_nordic_r_pca10040_s132 Release/Obj/nrf_ble_gatt.o
 .text.sd_ble_gatts_exchange_mtu_reply
                0x0000000000027070        0x4 Output/ehsb_nordic_r_pca10040_s132 Release/Obj/nrf_ble_gatt.o
 .text.nrf_ble_gatt_init
                0x0000000000027074       0x28 Output/ehsb_nordic_r_pca10040_s132 Release/Obj/nrf_ble_gatt.o
                0x0000000000027074                nrf_ble_gatt_init
 .text.nrf_ble_gatt_att_mtu_periph_set
                0x000000000002709c       0x18 Output/ehsb_nordic_r_pca10040_s132 Release/Obj/nrf_ble_gatt.o
                0x000000000002709c                nrf_ble_gatt_att_mtu_periph_set
 .text.nrf_ble_gatt_on_ble_evt
                0x00000000000270b4      0x1f4 Output/ehsb_nordic_r_pca10040_s132 Release/Obj/nrf_ble_gatt.o
                0x00000000000270b4                nrf_ble_gatt_on_ble_evt
 .text.errata_57
                0x00000000000272a8       0x34 Output/ehsb_nordic_r_pca10040_s132 Release/Obj/system_nrf52.o
 .text.errata_136
                0x00000000000272dc       0x40 Output/ehsb_nordic_r_pca10040_s132 Release/Obj/system_nrf52.o
 .text.SystemInit
                0x000000000002731c      0x238 Output/ehsb_nordic_r_pca10040_s132 Release/Obj/system_nrf52.o
                0x000000000002731c                SystemInit
 .text.sd_ble_gatts_service_add
                0x0000000000027554        0x4 Output/ehsb_nordic_r_pca10040_s132 Release/Obj/ble_nus.o
 .text.sd_ble_gatts_characteristic_add
                0x0000000000027558        0x4 Output/ehsb_nordic_r_pca10040_s132 Release/Obj/ble_nus.o
 .text.sd_ble_gatts_hvx
                0x000000000002755c        0x4 Output/ehsb_nordic_r_pca10040_s132 Release/Obj/ble_nus.o
 .text.sd_ble_uuid_vs_add
                0x0000000000027560        0x4 Output/ehsb_nordic_r_pca10040_s132 Release/Obj/ble_nus.o
 .text.ble_nus_on_ble_evt
                0x0000000000027564       0x96 Output/ehsb_nordic_r_pca10040_s132 Release/Obj/ble_nus.o
                0x0000000000027564                ble_nus_on_ble_evt
 *fill*         0x00000000000275fa        0x2 
 .text.ble_nus_init
                0x00000000000275fc      0x204 Output/ehsb_nordic_r_pca10040_s132 Release/Obj/ble_nus.o
                0x00000000000275fc                ble_nus_init
 .text.ble_nus_string_send
                0x0000000000027800       0x50 Output/ehsb_nordic_r_pca10040_s132 Release/Obj/ble_nus.o
                0x0000000000027800                ble_nus_string_send
 .text.sd_softdevice_enable
                0x0000000000027850        0x4 Output/ehsb_nordic_r_pca10040_s132 Release/Obj/nrf_sdh.o
 .text.sd_softdevice_disable
                0x0000000000027854        0x4 Output/ehsb_nordic_r_pca10040_s132 Release/Obj/nrf_sdh.o
 .text.sdh_request_observer_notify
                0x0000000000027858       0x30 Output/ehsb_nordic_r_pca10040_s132 Release/Obj/nrf_sdh.o
 .text.sdh_state_observer_notify
                0x0000000000027888       0x28 Output/ehsb_nordic_r_pca10040_s132 Release/Obj/nrf_sdh.o
 .text.softdevices_evt_irq_enable
                0x00000000000278b0       0x3c Output/ehsb_nordic_r_pca10040_s132 Release/Obj/nrf_sdh.o
 .text.softdevice_evt_irq_disable
                0x00000000000278ec       0x24 Output/ehsb_nordic_r_pca10040_s132 Release/Obj/nrf_sdh.o
 .text.nrf_sdh_enable_request
                0x0000000000027910       0x70 Output/ehsb_nordic_r_pca10040_s132 Release/Obj/nrf_sdh.o
                0x0000000000027910                nrf_sdh_enable_request
 .text.nrf_sdh_disable_request
                0x0000000000027980       0x48 Output/ehsb_nordic_r_pca10040_s132 Release/Obj/nrf_sdh.o
                0x0000000000027980                nrf_sdh_disable_request
 .text.nrf_sdh_request_continue
                0x00000000000279c8       0x20 Output/ehsb_nordic_r_pca10040_s132 Release/Obj/nrf_sdh.o
                0x00000000000279c8                nrf_sdh_request_continue
 .text.nrf_sdh_is_enabled
                0x00000000000279e8        0xc Output/ehsb_nordic_r_pca10040_s132 Release/Obj/nrf_sdh.o
                0x00000000000279e8                nrf_sdh_is_enabled
 .text.nrf_sdh_evts_poll
                0x00000000000279f4       0x28 Output/ehsb_nordic_r_pca10040_s132 Release/Obj/nrf_sdh.o
                0x00000000000279f4                nrf_sdh_evts_poll
 .text.SWI2_EGU2_IRQHandler
                0x0000000000027a1c        0x4 Output/ehsb_nordic_r_pca10040_s132 Release/Obj/nrf_sdh.o
                0x0000000000027a1c                SWI2_EGU2_IRQHandler
 .text.sd_ble_enable
                0x0000000000027a20        0x4 Output/ehsb_nordic_r_pca10040_s132 Release/Obj/nrf_sdh_ble.o
 .text.sd_ble_cfg_set
                0x0000000000027a24        0x4 Output/ehsb_nordic_r_pca10040_s132 Release/Obj/nrf_sdh_ble.o
 .text.sd_ble_evt_get
                0x0000000000027a28        0x4 Output/ehsb_nordic_r_pca10040_s132 Release/Obj/nrf_sdh_ble.o
 .text.nrf_sdh_ble_evts_poll
                0x0000000000027a2c       0x48 Output/ehsb_nordic_r_pca10040_s132 Release/Obj/nrf_sdh_ble.o
 .text.nrf_sdh_ble_default_cfg_set
                0x0000000000027a74      0x190 Output/ehsb_nordic_r_pca10040_s132 Release/Obj/nrf_sdh_ble.o
                0x0000000000027a74                nrf_sdh_ble_default_cfg_set
 .text.nrf_sdh_ble_enable
                0x0000000000027c04       0x74 Output/ehsb_nordic_r_pca10040_s132 Release/Obj/nrf_sdh_ble.o
                0x0000000000027c04                nrf_sdh_ble_enable
 .text.sd_evt_get
                0x0000000000027c78        0x4 Output/ehsb_nordic_r_pca10040_s132 Release/Obj/nrf_sdh_soc.o
 .text.nrf_sdh_soc_evts_poll
                0x0000000000027c7c       0x3c Output/ehsb_nordic_r_pca10040_s132 Release/Obj/nrf_sdh_soc.o
 .text.libc.__int64_udivmod
                0x0000000000027cb8       0xd0 /Applications/SEGGER Embedded Studio for ARM 3.34/lib/libc_v7em_fpv4_sp_d16_hard_t_le_eabi.a(libc_asm.o)
                0x0000000000027cb8                __int64_udivmod
                0x0000000000027cb8                __aeabi_uldivmod
                0x0000000000027cb8                __int64_udiv
                0x0000000000027cb8                __udivdi3
 .text.libc.__RAL_ascii_isctype
                0x0000000000027d88       0x1c /Applications/SEGGER Embedded Studio for ARM 3.34/lib/libc_v7em_fpv4_sp_d16_hard_t_le_eabi.a(libc2.o)
 .text.libc.__RAL_ascii_toupper
                0x0000000000027da4        0xc /Applications/SEGGER Embedded Studio for ARM 3.34/lib/libc_v7em_fpv4_sp_d16_hard_t_le_eabi.a(libc2.o)
 .text.libc.__RAL_ascii_tolower
                0x0000000000027db0        0xc /Applications/SEGGER Embedded Studio for ARM 3.34/lib/libc_v7em_fpv4_sp_d16_hard_t_le_eabi.a(libc2.o)
 .text.libc.__RAL_ascii_iswctype
                0x0000000000027dbc       0x1c /Applications/SEGGER Embedded Studio for ARM 3.34/lib/libc_v7em_fpv4_sp_d16_hard_t_le_eabi.a(libc2.o)
 .text.libc.__RAL_ascii_towupper
                0x0000000000027dd8        0xc /Applications/SEGGER Embedded Studio for ARM 3.34/lib/libc_v7em_fpv4_sp_d16_hard_t_le_eabi.a(libc2.o)
 .text.libc.__RAL_ascii_towlower
                0x0000000000027de4        0xc /Applications/SEGGER Embedded Studio for ARM 3.34/lib/libc_v7em_fpv4_sp_d16_hard_t_le_eabi.a(libc2.o)
 .text.libc.__RAL_ascii_wctomb
                0x0000000000027df0        0xe /Applications/SEGGER Embedded Studio for ARM 3.34/lib/libc_v7em_fpv4_sp_d16_hard_t_le_eabi.a(libc2.o)
                0x0000000000027df0                __RAL_ascii_wctomb
 .text.libc.__RAL_ascii_mbtowc
                0x0000000000027dfe       0x24 /Applications/SEGGER Embedded Studio for ARM 3.34/lib/libc_v7em_fpv4_sp_d16_hard_t_le_eabi.a(libc2.o)
                0x0000000000027dfe                __RAL_ascii_mbtowc
 .text.libc.__putc
                0x0000000000027e22       0x34 /Applications/SEGGER Embedded Studio for ARM 3.34/lib/libc_v7em_fpv4_sp_d16_hard_t_le_eabi.a(libc2.o)
                0x0000000000027e22                __putc
 .text.libc.__RAL_print_padding
                0x0000000000027e56       0x1c /Applications/SEGGER Embedded Studio for ARM 3.34/lib/libc_v7em_fpv4_sp_d16_hard_t_le_eabi.a(libc2.o)
                0x0000000000027e56                __RAL_print_padding
 .text.libc.__RAL_pre_padding
                0x0000000000027e72       0x1c /Applications/SEGGER Embedded Studio for ARM 3.34/lib/libc_v7em_fpv4_sp_d16_hard_t_le_eabi.a(libc2.o)
                0x0000000000027e72                __RAL_pre_padding
 *fill*         0x0000000000027e8e        0x2 
 .text.libc.__RAL_isctype
                0x0000000000027e90       0x14 /Applications/SEGGER Embedded Studio for ARM 3.34/lib/libc_v7em_fpv4_sp_d16_hard_t_le_eabi.a(libc2.o)
                0x0000000000027e90                __RAL_isctype
 .text.libc.isprint
                0x0000000000027ea4        0xa /Applications/SEGGER Embedded Studio for ARM 3.34/lib/libc_v7em_fpv4_sp_d16_hard_t_le_eabi.a(libc2.o)
                0x0000000000027ea4                isprint
 .text.libc.memcmp
                0x0000000000027eae       0x6a /Applications/SEGGER Embedded Studio for ARM 3.34/lib/libc_v7em_fpv4_sp_d16_hard_t_le_eabi.a(libc2.o)
                0x0000000000027eae                memcmp
 .text.libc.printf
                0x0000000000027f18       0x40 /Applications/SEGGER Embedded Studio for ARM 3.34/lib/libc_v7em_fpv4_sp_d16_hard_t_le_eabi.a(libc2.o)
                0x0000000000027f18                printf
 .text.libc.strnlen
                0x0000000000027f58       0x20 /Applications/SEGGER Embedded Studio for ARM 3.34/lib/libc_v7em_fpv4_sp_d16_hard_t_le_eabi.a(libc2.o)
                0x0000000000027f58                strnlen
 .text.libc.memcpy
                0x0000000000027f78       0x54 /Applications/SEGGER Embedded Studio for ARM 3.34/lib/libc_v7em_fpv4_sp_d16_hard_t_le_eabi.a(libc2_asm.o)
                0x0000000000027f78                memcpy
                0x0000000000027f78                __aeabi_memcpy
                0x0000000000027f84                __aeabi_memcpy4
                0x0000000000027f84                __aeabi_memcpy8
 .text.libc.memset
                0x0000000000027fcc       0x68 /Applications/SEGGER Embedded Studio for ARM 3.34/lib/libc_v7em_fpv4_sp_d16_hard_t_le_eabi.a(libc2_asm.o)
                0x0000000000027fcc                memset
 .text.libc.strcpy
                0x0000000000028034       0x44 /Applications/SEGGER Embedded Studio for ARM 3.34/lib/libc_v7em_fpv4_sp_d16_hard_t_le_eabi.a(libc2_asm.o)
                0x0000000000028034                strcpy
 .text.libc.strlen
                0x0000000000028078       0x60 /Applications/SEGGER Embedded Studio for ARM 3.34/lib/libc_v7em_fpv4_sp_d16_hard_t_le_eabi.a(libc2_asm.o)
                0x0000000000028078                strlen
 .text.libc.__vfprintf_long
                0x00000000000280d8      0x71c /Applications/SEGGER Embedded Studio for ARM 3.34/lib/libvfprintf_v7em_fpv4_sp_d16_hard_t_le_eabi.o
                0x00000000000280d8                __vfprintf_long
                0x00000000000287f4                __text_end__ = (__text_start__ + SIZEOF (.text))
                0x0000000000005500                __text_size__ = SIZEOF (.text)
                0x00000000000287f4                __text_load_end__ = __text_end__

.vfp11_veneer   0x0000000100000000        0x0
 .vfp11_veneer  0x0000000100000000        0x0 linker stubs

.v4_bx          0x0000000100000000        0x0
 .v4_bx         0x0000000100000000        0x0 linker stubs

.iplt           0x0000000100000000        0x0
 .iplt          0x0000000100000000        0x0 Output/ehsb_nordic_r_pca10040_s132 Release/Obj/thumb_crt0.o
                0x0000000000000001                . = ASSERT (((__text_start__ == __text_end__) || ((__text_end__ >= __FLASH_segment_start__) && (__text_end__ <= __FLASH_segment_end__))), error: .text is too large to fit in FLASH memory segment)
                0x00000000000287f4                __sdh_soc_observers_load_start__ = ALIGN (__text_end__, 0x4)

.sdh_soc_observers
                0x00000000000287f4       0x18
                0x00000000000287f4                __sdh_soc_observers_start__ = .
                0x00000000000287f4                __start_sdh_soc_observers = __sdh_soc_observers_start__
 *(SORT(.sdh_soc_observers*))
 .sdh_soc_observers0
                0x00000000000287f4        0x8 Output/ehsb_nordic_r_pca10040_s132 Release/Obj/nrf_fstorage_sd.o
 .sdh_soc_observers0
                0x00000000000287fc        0x8 Output/ehsb_nordic_r_pca10040_s132 Release/Obj/nrf_drv_clock.o
 .sdh_soc_observers1
                0x0000000000028804        0x8 Output/ehsb_nordic_r_pca10040_s132 Release/Obj/main.o
                0x000000000002880c                __sdh_soc_observers_end__ = (__sdh_soc_observers_start__ + SIZEOF (.sdh_soc_observers))
                0x0000000000000018                __sdh_soc_observers_size__ = SIZEOF (.sdh_soc_observers)
                0x000000000002880c                __stop_sdh_soc_observers = __sdh_soc_observers_end__
                0x000000000002880c                __sdh_soc_observers_load_end__ = __sdh_soc_observers_end__
                0x0000000000000001                . = ASSERT (((__sdh_soc_observers_start__ == __sdh_soc_observers_end__) || ((__sdh_soc_observers_end__ >= __FLASH_segment_start__) && (__sdh_soc_observers_end__ <= __FLASH_segment_end__))), error: .sdh_soc_observers is too large to fit in FLASH memory segment)
                0x000000000002880c                __sdh_ble_observers_load_start__ = ALIGN (__sdh_soc_observers_end__, 0x4)

.sdh_ble_observers
                0x000000000002880c       0x38
                0x000000000002880c                __sdh_ble_observers_start__ = .
                0x000000000002880c                __start_sdh_ble_observers = __sdh_ble_observers_start__
 *(SORT(.sdh_ble_observers*))
 .sdh_ble_observers0
                0x000000000002880c        0x8 Output/ehsb_nordic_r_pca10040_s132 Release/Obj/ble_conn_state.o
 .sdh_ble_observers1
                0x0000000000028814        0x8 Output/ehsb_nordic_r_pca10040_s132 Release/Obj/bsp_btn_ble.o
 .sdh_ble_observers1
                0x000000000002881c       0x10 Output/ehsb_nordic_r_pca10040_s132 Release/Obj/main.o
 .sdh_ble_observers1
                0x000000000002882c        0x8 Output/ehsb_nordic_r_pca10040_s132 Release/Obj/ble_conn_params.o
 .sdh_ble_observers2
                0x0000000000028834        0x8 Output/ehsb_nordic_r_pca10040_s132 Release/Obj/main.o
 .sdh_ble_observers3
                0x000000000002883c        0x8 Output/ehsb_nordic_r_pca10040_s132 Release/Obj/main.o
                0x0000000000028844                __sdh_ble_observers_end__ = (__sdh_ble_observers_start__ + SIZEOF (.sdh_ble_observers))
                0x0000000000000038                __sdh_ble_observers_size__ = SIZEOF (.sdh_ble_observers)
                0x0000000000028844                __stop_sdh_ble_observers = __sdh_ble_observers_end__
                0x0000000000028844                __sdh_ble_observers_load_end__ = __sdh_ble_observers_end__
                0x0000000000000001                . = ASSERT (((__sdh_ble_observers_start__ == __sdh_ble_observers_end__) || ((__sdh_ble_observers_end__ >= __FLASH_segment_start__) && (__sdh_ble_observers_end__ <= __FLASH_segment_end__))), error: .sdh_ble_observers is too large to fit in FLASH memory segment)
                0x0000000000028844                __pwr_mgmt_data_load_start__ = ALIGN (__sdh_ble_observers_end__, 0x4)

.pwr_mgmt_data  0x0000000000028844        0x0
                0x0000000000028844                __pwr_mgmt_data_start__ = .
                0x0000000000028844                __start_pwr_mgmt_data = __pwr_mgmt_data_start__
 *(SORT(.pwr_mgmt_data*))
                0x0000000000028844                __pwr_mgmt_data_end__ = (__pwr_mgmt_data_start__ + SIZEOF (.pwr_mgmt_data))
                0x0000000000000000                __pwr_mgmt_data_size__ = SIZEOF (.pwr_mgmt_data)
                0x0000000000028844                __stop_pwr_mgmt_data = __pwr_mgmt_data_end__
                0x0000000000028844                __pwr_mgmt_data_load_end__ = __pwr_mgmt_data_end__
                0x0000000000000001                . = ASSERT (((__pwr_mgmt_data_start__ == __pwr_mgmt_data_end__) || ((__pwr_mgmt_data_end__ >= __FLASH_segment_start__) && (__pwr_mgmt_data_end__ <= __FLASH_segment_end__))), error: .pwr_mgmt_data is too large to fit in FLASH memory segment)
                0x0000000000028844                __log_const_data_load_start__ = ALIGN (__pwr_mgmt_data_end__, 0x4)

.log_const_data
                0x0000000000028844       0x50
                0x0000000000028844                __log_const_data_start__ = .
                0x0000000000028844                __start_log_const_data = __log_const_data_start__
 *(SORT(.log_const_data*))
 .log_const_data_app
                0x0000000000028844        0x8 Output/ehsb_nordic_r_pca10040_s132 Release/Obj/nrf_log_frontend.o
                0x0000000000028844                m_nrf_log_app_logs_data_const
 .log_const_data_balloc
                0x000000000002884c        0x8 Output/ehsb_nordic_r_pca10040_s132 Release/Obj/nrf_balloc.o
                0x000000000002884c                m_nrf_log_balloc_logs_data_const
 .log_const_data_ble_gatt
                0x0000000000028854        0x8 Output/ehsb_nordic_r_pca10040_s132 Release/Obj/nrf_ble_gatt.o
                0x0000000000028854                m_nrf_log_ble_gatt_logs_data_const
 .log_const_data_clock
                0x000000000002885c        0x8 Output/ehsb_nordic_r_pca10040_s132 Release/Obj/nrf_drv_clock.o
                0x000000000002885c                m_nrf_log_clock_logs_data_const
 .log_const_data_gpiote
                0x0000000000028864        0x8 Output/ehsb_nordic_r_pca10040_s132 Release/Obj/nrf_drv_gpiote.o
                0x0000000000028864                m_nrf_log_gpiote_logs_data_const
 .log_const_data_nrf_sdh
                0x000000000002886c        0x8 Output/ehsb_nordic_r_pca10040_s132 Release/Obj/nrf_sdh.o
                0x000000000002886c                m_nrf_log_nrf_sdh_logs_data_const
 .log_const_data_nrf_sdh_ble
                0x0000000000028874        0x8 Output/ehsb_nordic_r_pca10040_s132 Release/Obj/nrf_sdh_ble.o
                0x0000000000028874                m_nrf_log_nrf_sdh_ble_logs_data_const
 .log_const_data_nrf_sdh_soc
                0x000000000002887c        0x8 Output/ehsb_nordic_r_pca10040_s132 Release/Obj/nrf_sdh_soc.o
                0x000000000002887c                m_nrf_log_nrf_sdh_soc_logs_data_const
 .log_const_data_pwr_mgmt
                0x0000000000028884        0x8 Output/ehsb_nordic_r_pca10040_s132 Release/Obj/nrf_pwr_mgmt.o
                0x0000000000028884                m_nrf_log_pwr_mgmt_logs_data_const
 .log_const_data_uart
                0x000000000002888c        0x8 Output/ehsb_nordic_r_pca10040_s132 Release/Obj/nrf_drv_uart.o
                0x000000000002888c                m_nrf_log_uart_logs_data_const
                0x0000000000028894                __log_const_data_end__ = (__log_const_data_start__ + SIZEOF (.log_const_data))
                0x0000000000000050                __log_const_data_size__ = SIZEOF (.log_const_data)
                0x0000000000028894                __stop_log_const_data = __log_const_data_end__
                0x0000000000028894                __log_const_data_load_end__ = __log_const_data_end__
                0x0000000000000001                . = ASSERT (((__log_const_data_start__ == __log_const_data_end__) || ((__log_const_data_end__ >= __FLASH_segment_start__) && (__log_const_data_end__ <= __FLASH_segment_end__))), error: .log_const_data is too large to fit in FLASH memory segment)
                0x0000000000028894                __sdh_req_observers_load_start__ = ALIGN (__log_const_data_end__, 0x4)

.sdh_req_observers
                0x0000000000028894        0x8
                0x0000000000028894                __sdh_req_observers_start__ = .
                0x0000000000028894                __start_sdh_req_observers = __sdh_req_observers_start__
 *(SORT(.sdh_req_observers*))
 .sdh_req_observers0
                0x0000000000028894        0x8 Output/ehsb_nordic_r_pca10040_s132 Release/Obj/nrf_fstorage_sd.o
                0x0000000000028894                m_req_obs
                0x000000000002889c                __sdh_req_observers_end__ = (__sdh_req_observers_start__ + SIZEOF (.sdh_req_observers))
                0x0000000000000008                __sdh_req_observers_size__ = SIZEOF (.sdh_req_observers)
                0x000000000002889c                __stop_sdh_req_observers = __sdh_req_observers_end__
                0x000000000002889c                __sdh_req_observers_load_end__ = __sdh_req_observers_end__
                0x0000000000000001                . = ASSERT (((__sdh_req_observers_start__ == __sdh_req_observers_end__) || ((__sdh_req_observers_end__ >= __FLASH_segment_start__) && (__sdh_req_observers_end__ <= __FLASH_segment_end__))), error: .sdh_req_observers is too large to fit in FLASH memory segment)
                0x000000000002889c                __sdh_state_observers_load_start__ = ALIGN (__sdh_req_observers_end__, 0x4)

.sdh_state_observers
                0x000000000002889c       0x10
                0x000000000002889c                __sdh_state_observers_start__ = .
                0x000000000002889c                __start_sdh_state_observers = __sdh_state_observers_start__
 *(SORT(.sdh_state_observers*))
 .sdh_state_observers0
                0x000000000002889c        0x8 Output/ehsb_nordic_r_pca10040_s132 Release/Obj/nrf_fstorage_sd.o
 .sdh_state_observers0
                0x00000000000288a4        0x8 Output/ehsb_nordic_r_pca10040_s132 Release/Obj/nrf_drv_clock.o
                0x00000000000288ac                __sdh_state_observers_end__ = (__sdh_state_observers_start__ + SIZEOF (.sdh_state_observers))
                0x0000000000000010                __sdh_state_observers_size__ = SIZEOF (.sdh_state_observers)
                0x00000000000288ac                __stop_sdh_state_observers = __sdh_state_observers_end__
                0x00000000000288ac                __sdh_state_observers_load_end__ = __sdh_state_observers_end__
                0x0000000000000001                . = ASSERT (((__sdh_state_observers_start__ == __sdh_state_observers_end__) || ((__sdh_state_observers_end__ >= __FLASH_segment_start__) && (__sdh_state_observers_end__ <= __FLASH_segment_end__))), error: .sdh_state_observers is too large to fit in FLASH memory segment)
                0x00000000000288ac                __sdh_stack_observers_load_start__ = ALIGN (__sdh_state_observers_end__, 0x4)

.sdh_stack_observers
                0x00000000000288ac       0x10
                0x00000000000288ac                __sdh_stack_observers_start__ = .
                0x00000000000288ac                __start_sdh_stack_observers = __sdh_stack_observers_start__
 *(SORT(.sdh_stack_observers*))
 .sdh_stack_observers0
                0x00000000000288ac        0x8 Output/ehsb_nordic_r_pca10040_s132 Release/Obj/nrf_sdh_ble.o
 .sdh_stack_observers0
                0x00000000000288b4        0x8 Output/ehsb_nordic_r_pca10040_s132 Release/Obj/nrf_sdh_soc.o
                0x00000000000288bc                __sdh_stack_observers_end__ = (__sdh_stack_observers_start__ + SIZEOF (.sdh_stack_observers))
                0x0000000000000010                __sdh_stack_observers_size__ = SIZEOF (.sdh_stack_observers)
                0x00000000000288bc                __stop_sdh_stack_observers = __sdh_stack_observers_end__
                0x00000000000288bc                __sdh_stack_observers_load_end__ = __sdh_stack_observers_end__
                0x0000000000000001                . = ASSERT (((__sdh_stack_observers_start__ == __sdh_stack_observers_end__) || ((__sdh_stack_observers_end__ >= __FLASH_segment_start__) && (__sdh_stack_observers_end__ <= __FLASH_segment_end__))), error: .sdh_stack_observers is too large to fit in FLASH memory segment)
                0x00000000000288bc                __cli_command_load_start__ = ALIGN (__sdh_stack_observers_end__, 0x4)

.cli_command    0x00000000000288bc        0x0
                0x00000000000288bc                __cli_command_start__ = .
                0x00000000000288bc                __start_cli_command = __cli_command_start__
 *(.cli_command*)
                0x00000000000288bc                __cli_command_end__ = (__cli_command_start__ + SIZEOF (.cli_command))
                0x0000000000000000                __cli_command_size__ = SIZEOF (.cli_command)
                0x00000000000288bc                __stop_cli_command = __cli_command_end__
                0x00000000000288bc                __cli_command_load_end__ = __cli_command_end__
                0x0000000000000001                . = ASSERT (((__cli_command_start__ == __cli_command_end__) || ((__cli_command_end__ >= __FLASH_segment_start__) && (__cli_command_end__ <= __FLASH_segment_end__))), error: .cli_command is too large to fit in FLASH memory segment)
                0x00000000000288bc                __nrf_sections_load_start__ = ALIGN (__cli_command_end__, 0x4)

.nrf_sections   0x00000000000288bc        0x0
                0x00000000000288bc                __nrf_sections_start__ = .
                0x00000000000288bc                __start_nrf_sections = __nrf_sections_start__
 *(.nrf_sections .nrf_sections.*)
                0x00000000000288bc                __nrf_sections_end__ = (__nrf_sections_start__ + SIZEOF (.nrf_sections))
                0x0000000000000000                __nrf_sections_size__ = SIZEOF (.nrf_sections)
                0x00000000000288bc                __nrf_sections_load_end__ = __nrf_sections_end__
                0x0000000000000001                . = ASSERT (((__nrf_sections_start__ == __nrf_sections_end__) || ((__nrf_sections_end__ >= __FLASH_segment_start__) && (__nrf_sections_end__ <= __FLASH_segment_end__))), error: .nrf_sections is too large to fit in FLASH memory segment)
                0x00000000000288bc                __log_dynamic_data_load_start__ = ALIGN (__nrf_sections_end__, 0x4)

.log_dynamic_data
                0x0000000020002760       0x78 load address 0x00000000000288bc
                0x0000000020002760                __log_dynamic_data_start__ = .
 *(SORT(.log_dynamic_data*))
 .log_dynamic_data_app
                0x0000000020002760        0xc Output/ehsb_nordic_r_pca10040_s132 Release/Obj/nrf_log_frontend.o
                0x0000000020002760                m_nrf_log_app_logs_data_dynamic
 .log_dynamic_data_balloc
                0x000000002000276c        0xc Output/ehsb_nordic_r_pca10040_s132 Release/Obj/nrf_balloc.o
                0x000000002000276c                m_nrf_log_balloc_logs_data_dynamic
 .log_dynamic_data_ble_gatt
                0x0000000020002778        0xc Output/ehsb_nordic_r_pca10040_s132 Release/Obj/nrf_ble_gatt.o
                0x0000000020002778                m_nrf_log_ble_gatt_logs_data_dynamic
 .log_dynamic_data_clock
                0x0000000020002784        0xc Output/ehsb_nordic_r_pca10040_s132 Release/Obj/nrf_drv_clock.o
                0x0000000020002784                m_nrf_log_clock_logs_data_dynamic
 .log_dynamic_data_gpiote
                0x0000000020002790        0xc Output/ehsb_nordic_r_pca10040_s132 Release/Obj/nrf_drv_gpiote.o
                0x0000000020002790                m_nrf_log_gpiote_logs_data_dynamic
 .log_dynamic_data_nrf_sdh
                0x000000002000279c        0xc Output/ehsb_nordic_r_pca10040_s132 Release/Obj/nrf_sdh.o
                0x000000002000279c                m_nrf_log_nrf_sdh_logs_data_dynamic
 .log_dynamic_data_nrf_sdh_ble
                0x00000000200027a8        0xc Output/ehsb_nordic_r_pca10040_s132 Release/Obj/nrf_sdh_ble.o
                0x00000000200027a8                m_nrf_log_nrf_sdh_ble_logs_data_dynamic
 .log_dynamic_data_nrf_sdh_soc
                0x00000000200027b4        0xc Output/ehsb_nordic_r_pca10040_s132 Release/Obj/nrf_sdh_soc.o
                0x00000000200027b4                m_nrf_log_nrf_sdh_soc_logs_data_dynamic
 .log_dynamic_data_pwr_mgmt
                0x00000000200027c0        0xc Output/ehsb_nordic_r_pca10040_s132 Release/Obj/nrf_pwr_mgmt.o
                0x00000000200027c0                m_nrf_log_pwr_mgmt_logs_data_dynamic
 .log_dynamic_data_uart
                0x00000000200027cc        0xc Output/ehsb_nordic_r_pca10040_s132 Release/Obj/nrf_drv_uart.o
                0x00000000200027cc                m_nrf_log_uart_logs_data_dynamic
                0x00000000200027d8                __log_dynamic_data_end__ = (__log_dynamic_data_start__ + SIZEOF (.log_dynamic_data))
                0x0000000000000078                __log_dynamic_data_size__ = SIZEOF (.log_dynamic_data)
                0x0000000000028934                __log_dynamic_data_load_end__ = (__log_dynamic_data_load_start__ + SIZEOF (.log_dynamic_data))
                0x0000000000000001                . = ASSERT (((__log_dynamic_data_load_start__ == __log_dynamic_data_load_end__) || ((__log_dynamic_data_load_end__ >= __FLASH_segment_start__) && (__log_dynamic_data_load_end__ <= __FLASH_segment_end__))), error: .log_dynamic_data is too large to fit in FLASH memory segment)

.log_dynamic_data_run
                0x0000000020002760       0x78 load address 0x00000000000288bc
                0x0000000020002760                __log_dynamic_data_run_start__ = .
                0x0000000020002760                __start_log_dynamic_data = __log_dynamic_data_run_start__
                0x00000000200027d8                . = MAX ((__log_dynamic_data_run_start__ + SIZEOF (.log_dynamic_data)), .)
 *fill*         0x0000000020002760       0x78 
                0x00000000200027d8                __log_dynamic_data_run_end__ = (__log_dynamic_data_run_start__ + SIZEOF (.log_dynamic_data_run))
                0x0000000000000078                __log_dynamic_data_run_size__ = SIZEOF (.log_dynamic_data_run)
                0x00000000200027d8                __stop_log_dynamic_data = __log_dynamic_data_run_end__
                0x00000000200027d8                __log_dynamic_data_run_load_end__ = __log_dynamic_data_run_end__
                0x0000000000000001                . = ASSERT (((__log_dynamic_data_run_start__ == __log_dynamic_data_run_end__) || ((__log_dynamic_data_run_end__ >= __RAM_segment_start__) && (__log_dynamic_data_run_end__ <= __RAM_segment_end__))), error: .log_dynamic_data_run is too large to fit in RAM memory segment)
                0x0000000000028934                __fs_data_load_start__ = ALIGN ((__log_dynamic_data_load_start__ + SIZEOF (.log_dynamic_data)), 0x4)

.fs_data        0x00000000200027d8        0x0 load address 0x0000000000028934
                0x00000000200027d8                __fs_data_start__ = .
 *(.fs_data*)
                0x00000000200027d8                __fs_data_end__ = (__fs_data_start__ + SIZEOF (.fs_data))
                0x0000000000000000                __fs_data_size__ = SIZEOF (.fs_data)
                0x0000000000028934                __fs_data_load_end__ = (__fs_data_load_start__ + SIZEOF (.fs_data))
                0x0000000000000001                . = ASSERT (((__fs_data_load_start__ == __fs_data_load_end__) || ((__fs_data_load_end__ >= __FLASH_segment_start__) && (__fs_data_load_end__ <= __FLASH_segment_end__))), error: .fs_data is too large to fit in FLASH memory segment)

.fs_data_run    0x00000000200027d8        0x0
                0x00000000200027d8                __fs_data_run_start__ = .
                0x00000000200027d8                __start_fs_data = __fs_data_run_start__
                0x00000000200027d8                . = MAX ((__fs_data_run_start__ + SIZEOF (.fs_data)), .)
                0x00000000200027d8                __fs_data_run_end__ = (__fs_data_run_start__ + SIZEOF (.fs_data_run))
                0x0000000000000000                __fs_data_run_size__ = SIZEOF (.fs_data_run)
                0x00000000200027d8                __stop_fs_data = __fs_data_run_end__
                0x00000000200027d8                __fs_data_run_load_end__ = __fs_data_run_end__
                0x0000000000000001                . = ASSERT (((__fs_data_run_start__ == __fs_data_run_end__) || ((__fs_data_run_end__ >= __RAM_segment_start__) && (__fs_data_run_end__ <= __RAM_segment_end__))), error: .fs_data_run is too large to fit in RAM memory segment)
                0x0000000000028934                __cli_sorted_cmd_ptrs_load_start__ = ALIGN ((__fs_data_load_start__ + SIZEOF (.fs_data)), 0x4)

.cli_sorted_cmd_ptrs
                0x00000000200027d8        0x0 load address 0x0000000000028934
                0x00000000200027d8                __cli_sorted_cmd_ptrs_start__ = .
 *(.cli_sorted_cmd_ptrs*)
                0x00000000200027d8                __cli_sorted_cmd_ptrs_end__ = (__cli_sorted_cmd_ptrs_start__ + SIZEOF (.cli_sorted_cmd_ptrs))
                0x0000000000000000                __cli_sorted_cmd_ptrs_size__ = SIZEOF (.cli_sorted_cmd_ptrs)
                0x0000000000028934                __cli_sorted_cmd_ptrs_load_end__ = (__cli_sorted_cmd_ptrs_load_start__ + SIZEOF (.cli_sorted_cmd_ptrs))
                0x0000000000000001                . = ASSERT (((__cli_sorted_cmd_ptrs_load_start__ == __cli_sorted_cmd_ptrs_load_end__) || ((__cli_sorted_cmd_ptrs_load_end__ >= __FLASH_segment_start__) && (__cli_sorted_cmd_ptrs_load_end__ <= __FLASH_segment_end__))), error: .cli_sorted_cmd_ptrs is too large to fit in FLASH memory segment)

.cli_sorted_cmd_ptrs_run
                0x00000000200027d8        0x0
                0x00000000200027d8                __cli_sorted_cmd_ptrs_run_start__ = .
                0x00000000200027d8                __start_cli_sorted_cmd_ptrs = __cli_sorted_cmd_ptrs_run_start__
                0x00000000200027d8                . = MAX ((__cli_sorted_cmd_ptrs_run_start__ + SIZEOF (.cli_sorted_cmd_ptrs)), .)
                0x00000000200027d8                __cli_sorted_cmd_ptrs_run_end__ = (__cli_sorted_cmd_ptrs_run_start__ + SIZEOF (.cli_sorted_cmd_ptrs_run))
                0x0000000000000000                __cli_sorted_cmd_ptrs_run_size__ = SIZEOF (.cli_sorted_cmd_ptrs_run)
                0x00000000200027d8                __stop_cli_sorted_cmd_ptrs = __cli_sorted_cmd_ptrs_run_end__
                0x00000000200027d8                __cli_sorted_cmd_ptrs_run_load_end__ = __cli_sorted_cmd_ptrs_run_end__
                0x0000000000000001                . = ASSERT (((__cli_sorted_cmd_ptrs_run_start__ == __cli_sorted_cmd_ptrs_run_end__) || ((__cli_sorted_cmd_ptrs_run_end__ >= __RAM_segment_start__) && (__cli_sorted_cmd_ptrs_run_end__ <= __RAM_segment_end__))), error: .cli_sorted_cmd_ptrs_run is too large to fit in RAM memory segment)
                0x00000000200027d8                __nrf_sections_run_end_load_start__ = ALIGN (__cli_sorted_cmd_ptrs_run_end__, 0x4)

.nrf_sections_run_end
                0x00000000200027d8        0x0
                0x00000000200027d8                __nrf_sections_run_end_start__ = .
                0x00000000200027d8                __end_nrf_sections_run = __nrf_sections_run_end_start__
 *(.nrf_sections_run_end .nrf_sections_run_end.*)
                0x00000000200027d8                __nrf_sections_run_end_end__ = (__nrf_sections_run_end_start__ + SIZEOF (.nrf_sections_run_end))
                0x0000000000000000                __nrf_sections_run_end_size__ = SIZEOF (.nrf_sections_run_end)
                0x00000000200027d8                __nrf_sections_run_end_load_end__ = __nrf_sections_run_end_end__
                0x0000000000000001                . = ASSERT (((__nrf_sections_run_end_start__ == __nrf_sections_run_end_end__) || ((__nrf_sections_run_end_end__ >= __RAM_segment_start__) && (__nrf_sections_run_end_end__ <= __RAM_segment_end__))), error: .nrf_sections_run_end is too large to fit in RAM memory segment)
                0x0000000000028934                __dtors_load_start__ = ALIGN ((__cli_sorted_cmd_ptrs_load_start__ + SIZEOF (.cli_sorted_cmd_ptrs)), 0x4)

.dtors          0x0000000000028934        0x0
                0x0000000000028934                __dtors_start__ = .
 *(SORT(.dtors.*))
 *(.dtors)
 *(.fini_array)
 *(SORT(.fini_array.*))
                0x0000000000028934                __dtors_end__ = (__dtors_start__ + SIZEOF (.dtors))
                0x0000000000000000                __dtors_size__ = SIZEOF (.dtors)
                0x0000000000028934                __dtors_load_end__ = __dtors_end__
                0x0000000000000001                . = ASSERT (((__dtors_start__ == __dtors_end__) || ((__dtors_end__ >= __FLASH_segment_start__) && (__dtors_end__ <= __FLASH_segment_end__))), error: .dtors is too large to fit in FLASH memory segment)
                0x0000000000028934                __ctors_load_start__ = ALIGN (__dtors_end__, 0x4)

.ctors          0x0000000000028934        0x0
                0x0000000000028934                __ctors_start__ = .
 *(SORT(.ctors.*))
 *(.ctors)
 *(.init_array)
 *(SORT(.init_array.*))
                0x0000000000028934                __ctors_end__ = (__ctors_start__ + SIZEOF (.ctors))
                0x0000000000000000                __ctors_size__ = SIZEOF (.ctors)
                0x0000000000028934                __ctors_load_end__ = __ctors_end__
                0x0000000000000001                . = ASSERT (((__ctors_start__ == __ctors_end__) || ((__ctors_end__ >= __FLASH_segment_start__) && (__ctors_end__ <= __FLASH_segment_end__))), error: .ctors is too large to fit in FLASH memory segment)
                0x0000000000028934                __rodata_load_start__ = ALIGN (__ctors_end__, 0x4)

.rodata         0x0000000000028934      0xc64
                0x0000000000028934                __rodata_start__ = .
 *(.rodata .rodata.* .gnu.linkonce.r.*)
 .rodata.nrf_log_backend_rtt_api
                0x0000000000028934        0xc Output/ehsb_nordic_r_pca10040_s132 Release/Obj/nrf_log_backend_rtt.o
                0x0000000000028934                nrf_log_backend_rtt_api
 .rodata.mempool
                0x0000000000028940       0x14 Output/ehsb_nordic_r_pca10040_s132 Release/Obj/nrf_log_frontend.o
 .rodata.str1.1
                0x0000000000028954        0x4 Output/ehsb_nordic_r_pca10040_s132 Release/Obj/nrf_log_frontend.o
 .rodata.m_colors
                0x0000000000028958       0x24 Output/ehsb_nordic_r_pca10040_s132 Release/Obj/nrf_log_str_formatter.o
 .rodata.nrf_log_hexdump_entry_process.str1.1
                0x000000000002897c        0xf Output/ehsb_nordic_r_pca10040_s132 Release/Obj/nrf_log_str_formatter.o
                                         0x11 (size before relaxing)
 .rodata.postfix_process.str1.1
                0x000000000002898b        0x8 Output/ehsb_nordic_r_pca10040_s132 Release/Obj/nrf_log_str_formatter.o
                                          0xb (size before relaxing)
 .rodata.prefix_process.part.0.str1.1
                0x0000000000028993        0xa Output/ehsb_nordic_r_pca10040_s132 Release/Obj/nrf_log_str_formatter.o
 *fill*         0x000000000002899d        0x3 
 .rodata.severity_names
                0x00000000000289a0       0x14 Output/ehsb_nordic_r_pca10040_s132 Release/Obj/nrf_log_str_formatter.o
 .rodata.str1.1
                0x00000000000289b4       0x53 Output/ehsb_nordic_r_pca10040_s132 Release/Obj/nrf_log_str_formatter.o
                                         0x59 (size before relaxing)
 .rodata.app_error_fault_handler.str1.1
                0x0000000000028a07       0x19 Output/ehsb_nordic_r_pca10040_s132 Release/Obj/app_error_weak.o
 .rodata        0x0000000000028a20       0x20 Output/ehsb_nordic_r_pca10040_s132 Release/Obj/app_uart_fifo.o
 .rodata.str1.1
                0x0000000000028a40        0x7 Output/ehsb_nordic_r_pca10040_s132 Release/Obj/nrf_balloc.o
 .rodata._aV2C.7446
                0x0000000000028a47       0x10 Output/ehsb_nordic_r_pca10040_s132 Release/Obj/nrf_fprintf_format.o
 .rodata.str1.1
                0x0000000000028a57        0x9 Output/ehsb_nordic_r_pca10040_s132 Release/Obj/nrf_pwr_mgmt.o
 .rodata.m_unknown_str
                0x0000000000028a60       0x13 Output/ehsb_nordic_r_pca10040_s132 Release/Obj/nrf_strerror.o
 *fill*         0x0000000000028a73        0x1 
 .rodata.nrf_strerror_array
                0x0000000000028a74       0xf0 Output/ehsb_nordic_r_pca10040_s132 Release/Obj/nrf_strerror.o
 .rodata.str1.1
                0x0000000000028b64      0x2e7 Output/ehsb_nordic_r_pca10040_s132 Release/Obj/nrf_strerror.o
 .rodata.m_board_led_list
                0x0000000000028e4b        0x4 Output/ehsb_nordic_r_pca10040_s132 Release/Obj/boards.o
 .rodata.str1.1
                0x0000000000028e4f        0x6 Output/ehsb_nordic_r_pca10040_s132 Release/Obj/nrf_drv_clock.o
 .rodata.str1.1
                0x0000000000028e55        0x7 Output/ehsb_nordic_r_pca10040_s132 Release/Obj/nrf_drv_gpiote.o
 .rodata.str1.1
                0x0000000000028e5c        0x5 Output/ehsb_nordic_r_pca10040_s132 Release/Obj/nrf_drv_uart.o
 *fill*         0x0000000000028e61        0x3 
 .rodata        0x0000000000028e64       0x18 Output/ehsb_nordic_r_pca10040_s132 Release/Obj/main.o
 .rodata.ble_evt_handler.str1.1
                0x0000000000028e7c       0x17 Output/ehsb_nordic_r_pca10040_s132 Release/Obj/main.o
 .rodata.gatt_evt_handler.str1.1
                0x0000000000028e93       0x1c Output/ehsb_nordic_r_pca10040_s132 Release/Obj/main.o
 *fill*         0x0000000000028eaf        0x1 
 .rodata.m_adv_led_timer_id
                0x0000000000028eb0        0x4 Output/ehsb_nordic_r_pca10040_s132 Release/Obj/main.o
 .rodata.m_scan_led_timer_id
                0x0000000000028eb4        0x4 Output/ehsb_nordic_r_pca10040_s132 Release/Obj/main.o
 .rodata.m_scan_params
                0x0000000000028eb8        0x8 Output/ehsb_nordic_r_pca10040_s132 Release/Obj/main.o
 .rodata.main.str1.1
                0x0000000000028ec0       0x2a Output/ehsb_nordic_r_pca10040_s132 Release/Obj/main.o
 .rodata.nus_data_handler.str1.1
                0x0000000000028eea       0x55 Output/ehsb_nordic_r_pca10040_s132 Release/Obj/main.o
 .rodata._DoInit.str1.1
                0x0000000000028f3f       0x14 Output/ehsb_nordic_r_pca10040_s132 Release/Obj/SEGGER_RTT.o
 .rodata.nrf_ble_gatt_on_ble_evt.str1.1
                0x0000000000028f53      0x12b Output/ehsb_nordic_r_pca10040_s132 Release/Obj/nrf_ble_gatt.o
 .rodata.str1.1
                0x000000000002907e        0x9 Output/ehsb_nordic_r_pca10040_s132 Release/Obj/nrf_ble_gatt.o
 .rodata        0x0000000000029087       0x10 Output/ehsb_nordic_r_pca10040_s132 Release/Obj/ble_nus.o
 .rodata        0x0000000000029097        0x4 Output/ehsb_nordic_r_pca10040_s132 Release/Obj/nrf_sdh.o
 *fill*         0x000000000002909b        0x1 
 .rodata.sdh_req_observers
                0x000000000002909c        0xc Output/ehsb_nordic_r_pca10040_s132 Release/Obj/nrf_sdh.o
 .rodata.sdh_stack_observers
                0x00000000000290a8        0xc Output/ehsb_nordic_r_pca10040_s132 Release/Obj/nrf_sdh.o
 .rodata.sdh_state_observers
                0x00000000000290b4        0xc Output/ehsb_nordic_r_pca10040_s132 Release/Obj/nrf_sdh.o
 .rodata.str1.1
                0x00000000000290c0        0x8 Output/ehsb_nordic_r_pca10040_s132 Release/Obj/nrf_sdh.o
 .rodata.nrf_sdh_ble_default_cfg_set.str1.1
                0x00000000000290c8      0x1c9 Output/ehsb_nordic_r_pca10040_s132 Release/Obj/nrf_sdh_ble.o
 .rodata.nrf_sdh_ble_enable.str1.1
                0x0000000000029291       0x6c Output/ehsb_nordic_r_pca10040_s132 Release/Obj/nrf_sdh_ble.o
 *fill*         0x00000000000292fd        0x3 
 .rodata.sdh_ble_observers
                0x0000000000029300        0xc Output/ehsb_nordic_r_pca10040_s132 Release/Obj/nrf_sdh_ble.o
 .rodata.str1.1
                0x000000000002930c        0xc Output/ehsb_nordic_r_pca10040_s132 Release/Obj/nrf_sdh_ble.o
 .rodata.sdh_soc_observers
                0x0000000000029318        0xc Output/ehsb_nordic_r_pca10040_s132 Release/Obj/nrf_sdh_soc.o
 .rodata.str1.1
                0x0000000000029324        0xc Output/ehsb_nordic_r_pca10040_s132 Release/Obj/nrf_sdh_soc.o
 .rodata.libc.__RAL_ascii_ctype_map
                0x0000000000029330       0x80 /Applications/SEGGER Embedded Studio for ARM 3.34/lib/libc_v7em_fpv4_sp_d16_hard_t_le_eabi.a(libc2.o)
                0x0000000000029330                __RAL_ascii_ctype_map
 .rodata.libc.__RAL_ascii_ctype_mask
                0x00000000000293b0        0xd /Applications/SEGGER Embedded Studio for ARM 3.34/lib/libc_v7em_fpv4_sp_d16_hard_t_le_eabi.a(libc2.o)
 *fill*         0x00000000000293bd        0x3 
 .rodata.libc.__RAL_c_locale
                0x00000000000293c0        0xc /Applications/SEGGER Embedded Studio for ARM 3.34/lib/libc_v7em_fpv4_sp_d16_hard_t_le_eabi.a(libc2.o)
                0x00000000000293c0                __RAL_c_locale
 .rodata.libc.__RAL_c_locale_abbrev_day_names
                0x00000000000293cc       0x1d /Applications/SEGGER Embedded Studio for ARM 3.34/lib/libc_v7em_fpv4_sp_d16_hard_t_le_eabi.a(libc2.o)
                0x00000000000293cc                __RAL_c_locale_abbrev_day_names
 *fill*         0x00000000000293e9        0x3 
 .rodata.libc.__RAL_c_locale_abbrev_month_names
                0x00000000000293ec       0x31 /Applications/SEGGER Embedded Studio for ARM 3.34/lib/libc_v7em_fpv4_sp_d16_hard_t_le_eabi.a(libc2.o)
                0x00000000000293ec                __RAL_c_locale_abbrev_month_names
 *fill*         0x000000000002941d        0x3 
 .rodata.libc.__RAL_c_locale_am_pm_indicator
                0x0000000000029420        0x7 /Applications/SEGGER Embedded Studio for ARM 3.34/lib/libc_v7em_fpv4_sp_d16_hard_t_le_eabi.a(libc2.o)
                0x0000000000029420                __RAL_c_locale_am_pm_indicator
 *fill*         0x0000000000029427        0x1 
 .rodata.libc.__RAL_c_locale_data
                0x0000000000029428       0x58 /Applications/SEGGER Embedded Studio for ARM 3.34/lib/libc_v7em_fpv4_sp_d16_hard_t_le_eabi.a(libc2.o)
                0x0000000000029428                __RAL_c_locale_data
 .rodata.libc.__RAL_c_locale_date_format
                0x0000000000029480        0x9 /Applications/SEGGER Embedded Studio for ARM 3.34/lib/libc_v7em_fpv4_sp_d16_hard_t_le_eabi.a(libc2.o)
                0x0000000000029480                __RAL_c_locale_date_format
 *fill*         0x0000000000029489        0x3 
 .rodata.libc.__RAL_c_locale_date_time_format
                0x000000000002948c        0xf /Applications/SEGGER Embedded Studio for ARM 3.34/lib/libc_v7em_fpv4_sp_d16_hard_t_le_eabi.a(libc2.o)
                0x000000000002948c                __RAL_c_locale_date_time_format
 *fill*         0x000000000002949b        0x1 
 .rodata.libc.__RAL_c_locale_day_names
                0x000000000002949c       0x3a /Applications/SEGGER Embedded Studio for ARM 3.34/lib/libc_v7em_fpv4_sp_d16_hard_t_le_eabi.a(libc2.o)
                0x000000000002949c                __RAL_c_locale_day_names
 *fill*         0x00000000000294d6        0x2 
 .rodata.libc.__RAL_c_locale_month_names
                0x00000000000294d8       0x57 /Applications/SEGGER Embedded Studio for ARM 3.34/lib/libc_v7em_fpv4_sp_d16_hard_t_le_eabi.a(libc2.o)
                0x00000000000294d8                __RAL_c_locale_month_names
 *fill*         0x000000000002952f        0x1 
 .rodata.libc.__RAL_c_locale_time_format
                0x0000000000029530        0x9 /Applications/SEGGER Embedded Studio for ARM 3.34/lib/libc_v7em_fpv4_sp_d16_hard_t_le_eabi.a(libc2.o)
                0x0000000000029530                __RAL_c_locale_time_format
 *fill*         0x0000000000029539        0x3 
 .rodata.libc.__RAL_codeset_ascii
                0x000000000002953c       0x20 /Applications/SEGGER Embedded Studio for ARM 3.34/lib/libc_v7em_fpv4_sp_d16_hard_t_le_eabi.a(libc2.o)
                0x000000000002953c                __RAL_codeset_ascii
 .rodata.libc.__RAL_data_empty_string
                0x000000000002955c        0x1 /Applications/SEGGER Embedded Studio for ARM 3.34/lib/libc_v7em_fpv4_sp_d16_hard_t_le_eabi.a(libc2.o)
                0x000000000002955c                __RAL_data_empty_string
 *fill*         0x000000000002955d        0x3 
 .rodata.libc.__RAL_data_utf8_period
                0x0000000000029560        0x2 /Applications/SEGGER Embedded Studio for ARM 3.34/lib/libc_v7em_fpv4_sp_d16_hard_t_le_eabi.a(libc2.o)
                0x0000000000029560                __RAL_data_utf8_period
 *fill*         0x0000000000029562        0x2 
 .rodata.libc.__RAL_find_locale.str1.4
                0x0000000000029564        0xa /Applications/SEGGER Embedded Studio for ARM 3.34/lib/libc_v7em_fpv4_sp_d16_hard_t_le_eabi.a(libc2.o)
 *fill*         0x000000000002956e        0x2 
 .rodata.libc.__RAL_hex_lc
                0x0000000000029570       0x10 /Applications/SEGGER Embedded Studio for ARM 3.34/lib/libc_v7em_fpv4_sp_d16_hard_t_le_eabi.a(libc2.o)
                0x0000000000029570                __RAL_hex_lc
 .rodata.libc.__RAL_hex_uc
                0x0000000000029580       0x10 /Applications/SEGGER Embedded Studio for ARM 3.34/lib/libc_v7em_fpv4_sp_d16_hard_t_le_eabi.a(libc2.o)
                0x0000000000029580                __RAL_hex_uc
 .rodata.libc.__vfprintf_int.str1.4
                0x0000000000029590        0x8 /Applications/SEGGER Embedded Studio for ARM 3.34/lib/libvfprintf_v7em_fpv4_sp_d16_hard_t_le_eabi.o
                                          0x7 (size before relaxing)
                0x0000000000029598                __rodata_end__ = (__rodata_start__ + SIZEOF (.rodata))
                0x0000000000000c64                __rodata_size__ = SIZEOF (.rodata)
                0x0000000000029598                __rodata_load_end__ = __rodata_end__

.rel.dyn        0x0000000000029598        0x0
 .rel.iplt      0x0000000000029598        0x0 Output/ehsb_nordic_r_pca10040_s132 Release/Obj/thumb_crt0.o
                0x0000000000000001                . = ASSERT (((__rodata_start__ == __rodata_end__) || ((__rodata_end__ >= __FLASH_segment_start__) && (__rodata_end__ <= __FLASH_segment_end__))), error: .rodata is too large to fit in FLASH memory segment)
                0x0000000000029598                __ARM.exidx_load_start__ = ALIGN (__rodata_end__, 0x4)

.ARM.exidx      0x0000000000029598        0x0
                0x0000000000029598                __ARM.exidx_start__ = .
                0x0000000000029598                __exidx_start = __ARM.exidx_start__
 *(.ARM.exidx .ARM.exidx.*)
                0x0000000000029598                __ARM.exidx_end__ = (__ARM.exidx_start__ + SIZEOF (.ARM.exidx))
                0x0000000000000000                __ARM.exidx_size__ = SIZEOF (.ARM.exidx)
                0x0000000000029598                __exidx_end = __ARM.exidx_end__
                0x0000000000029598                __ARM.exidx_load_end__ = __ARM.exidx_end__
                0x0000000000000001                . = ASSERT (((__ARM.exidx_start__ == __ARM.exidx_end__) || ((__ARM.exidx_end__ >= __FLASH_segment_start__) && (__ARM.exidx_end__ <= __FLASH_segment_end__))), error: .ARM.exidx is too large to fit in FLASH memory segment)
                0x0000000000029598                __fast_load_start__ = ALIGN (__ARM.exidx_end__, 0x4)

.fast           0x00000000200027d8        0x0 load address 0x0000000000029598
                0x00000000200027d8                __fast_start__ = .
 *(.fast .fast.*)
                0x00000000200027d8                __fast_end__ = (__fast_start__ + SIZEOF (.fast))
                0x0000000000000000                __fast_size__ = SIZEOF (.fast)
                0x0000000000029598                __fast_load_end__ = (__fast_load_start__ + SIZEOF (.fast))
                0x0000000000000001                . = ASSERT (((__fast_load_start__ == __fast_load_end__) || ((__fast_load_end__ >= __FLASH_segment_start__) && (__fast_load_end__ <= __FLASH_segment_end__))), error: .fast is too large to fit in FLASH memory segment)

.fast_run       0x00000000200027d8        0x0
                0x00000000200027d8                __fast_run_start__ = .