Archive member included to satisfy reference by file (symbol)

C:/Program Files/SEGGER/SEGGER Embedded Studio for ARM 3.34/lib/libc_v7em_fpv4_sp_d16_hard_t_le_eabi.a(libc_asm.o)
                              Output/ble_ehsb_c_pca10040_s132 Debug/Obj/bsp.o (__aeabi_uldivmod)
C:/Program Files/SEGGER/SEGGER Embedded Studio for ARM 3.34/lib/libc_v7em_fpv4_sp_d16_hard_t_le_eabi.a(libc2.o)
                              Output/ble_ehsb_c_pca10040_s132 Debug/Obj/nrf_log_str_formatter.o (isprint)
C:/Program Files/SEGGER/SEGGER Embedded Studio for ARM 3.34/lib/libc_v7em_fpv4_sp_d16_hard_t_le_eabi.a(libc2_asm.o)
                              Output/ble_ehsb_c_pca10040_s132 Debug/Obj/nrf_log_frontend.o (memcpy)
C:/Program Files/SEGGER/SEGGER Embedded Studio for ARM 3.34/lib/libdebugio_v7em_fpv4_sp_d16_hard_t_le_eabi.a(libdebugio.o)
                              Output/ble_ehsb_c_pca10040_s132 Debug/Obj/thumb_crt0.o (debug_fopen)
C:/Program Files/SEGGER/SEGGER Embedded Studio for ARM 3.34/lib/libdebugio_mempoll_v7em_fpv4_sp_d16_hard_t_le_eabi.a(mempoll_debug_operations.o)
                              C:/Program Files/SEGGER/SEGGER Embedded Studio for ARM 3.34/lib/libdebugio_v7em_fpv4_sp_d16_hard_t_le_eabi.a(libdebugio.o) (__do_debug_operation)
C:/Program Files/SEGGER/SEGGER Embedded Studio for ARM 3.34/lib/libdebugio_mempoll_v7em_fpv4_sp_d16_hard_t_le_eabi.a(do_nv_debug_operation.o)
                              C:/Program Files/SEGGER/SEGGER Embedded Studio for ARM 3.34/lib/libdebugio_v7em_fpv4_sp_d16_hard_t_le_eabi.a(libdebugio.o) (__do_nvdebug_operation)
C:/Program Files/SEGGER/SEGGER Embedded Studio for ARM 3.34/lib/libm_v7em_fpv4_sp_d16_hard_t_le_eabi.a(libm_asm.o)
                              C:/Program Files/SEGGER/SEGGER Embedded Studio for ARM 3.34/lib/libc_v7em_fpv4_sp_d16_hard_t_le_eabi.a(libc2.o) (__aeabi_i2d)
C:/Program Files/SEGGER/SEGGER Embedded Studio for ARM 3.34/lib/libm_v7em_fpv4_sp_d16_hard_t_le_eabi.a(libm2.o)
                              C:/Program Files/SEGGER/SEGGER Embedded Studio for ARM 3.34/lib/libvfprintf_v7em_fpv4_sp_d16_hard_t_le_eabi.o (frexp)
C:/Program Files/SEGGER/SEGGER Embedded Studio for ARM 3.34/lib/libm_v7em_fpv4_sp_d16_hard_t_le_eabi.a(libm2_asm.o)
                              C:/Program Files/SEGGER/SEGGER Embedded Studio for ARM 3.34/lib/libm_v7em_fpv4_sp_d16_hard_t_le_eabi.a(libm2.o) (fabs)

Discarded input sections

 .text          0x0000000000000000        0x0 Output/ble_ehsb_c_pca10040_s132 Debug/Obj/thumb_crt0.o
 .data          0x0000000000000000        0x0 Output/ble_ehsb_c_pca10040_s132 Debug/Obj/thumb_crt0.o
 .bss           0x0000000000000000        0x0 Output/ble_ehsb_c_pca10040_s132 Debug/Obj/thumb_crt0.o
 .text.__aeabi_read_tp
                0x0000000000000000        0x8 Output/ble_ehsb_c_pca10040_s132 Debug/Obj/thumb_crt0.o
 .text.__heap_lock
                0x0000000000000000        0x2 Output/ble_ehsb_c_pca10040_s132 Debug/Obj/thumb_crt0.o
 .text.__heap_unlock
                0x0000000000000000        0x2 Output/ble_ehsb_c_pca10040_s132 Debug/Obj/thumb_crt0.o
 .text.__scanf_lock
                0x0000000000000000        0x2 Output/ble_ehsb_c_pca10040_s132 Debug/Obj/thumb_crt0.o
 .text.__scanf_unlock
                0x0000000000000000        0x2 Output/ble_ehsb_c_pca10040_s132 Debug/Obj/thumb_crt0.o
 .text.__debug_io_lock
                0x0000000000000000        0x2 Output/ble_ehsb_c_pca10040_s132 Debug/Obj/thumb_crt0.o
 .text.__debug_io_unlock
                0x0000000000000000        0x2 Output/ble_ehsb_c_pca10040_s132 Debug/Obj/thumb_crt0.o
 .text.abort    0x0000000000000000        0x2 Output/ble_ehsb_c_pca10040_s132 Debug/Obj/thumb_crt0.o
 .text.__assert
                0x0000000000000000        0x2 Output/ble_ehsb_c_pca10040_s132 Debug/Obj/thumb_crt0.o
 .text.__aeabi_assert
                0x0000000000000000        0x2 Output/ble_ehsb_c_pca10040_s132 Debug/Obj/thumb_crt0.o
 .text.__cxa_pure_virtual
                0x0000000000000000        0x2 Output/ble_ehsb_c_pca10040_s132 Debug/Obj/thumb_crt0.o
 .text.__cxa_guard_acquire
                0x0000000000000000       0x10 Output/ble_ehsb_c_pca10040_s132 Debug/Obj/thumb_crt0.o
 .text.__cxa_guard_release
                0x0000000000000000        0x6 Output/ble_ehsb_c_pca10040_s132 Debug/Obj/thumb_crt0.o
 .text.__cxa_guard_abort
                0x0000000000000000        0x2 Output/ble_ehsb_c_pca10040_s132 Debug/Obj/thumb_crt0.o
 .text.__sync_synchronize
                0x0000000000000000        0x2 Output/ble_ehsb_c_pca10040_s132 Debug/Obj/thumb_crt0.o
 .text.__getchar
                0x0000000000000000        0x4 Output/ble_ehsb_c_pca10040_s132 Debug/Obj/thumb_crt0.o
 .text.__putchar
                0x0000000000000000        0x4 Output/ble_ehsb_c_pca10040_s132 Debug/Obj/thumb_crt0.o
 .text.__open   0x0000000000000000        0x4 Output/ble_ehsb_c_pca10040_s132 Debug/Obj/thumb_crt0.o
 .text.__close  0x0000000000000000        0x4 Output/ble_ehsb_c_pca10040_s132 Debug/Obj/thumb_crt0.o
[...]
Memory Configuration

Name             Origin             Length             Attributes
UNPLACED_SECTIONS 0x0000000100000000 0x0000000000000000 xw
RAM              0x0000000020000000 0x0000000000010000 xw
FLASH            0x0000000000000000 0x0000000000080000 xw
*default*        0x0000000000000000 0xffffffffffffffff

Linker script and memory map

                0x000000000002d32c                __vfprintf = __vfprintf_long
                0x0000000000000000                __vfscanf = __vfscanf_int
                0x0000000020000000                __RAM_segment_start__ = 0x20000000
                0x0000000020010000                __RAM_segment_end__ = 0x20010000
                0x0000000000010000                __RAM_segment_size__ = 0x10000
                0x0000000000000000                __FLASH_segment_start__ = 0x0
                0x0000000000080000                __FLASH_segment_end__ = 0x80000
                0x0000000000080000                __FLASH_segment_size__ = 0x80000
                0x0000000000000200                __HEAPSIZE__ = 0x200
                0x0000000000000000                __STACKSIZE_ABT__ = 0x0
                0x0000000000000000                __STACKSIZE_FIQ__ = 0x0
                0x0000000000000000                __STACKSIZE_IRQ__ = 0x0
                0x0000000000000000                __STACKSIZE_PROCESS__ = 0x0
                0x0000000000000000                __STACKSIZE_SVC__ = 0x0
                0x0000000000000000                __STACKSIZE_UND__ = 0x0
                0x0000000000000800                __STACKSIZE__ = 0x800
                0x0000000020000000                __reserved_ram_load_start__ = 0x20000000

.reserved_ram   0x0000000020000000     0x26a8
                0x0000000020000000                __reserved_ram_start__ = .
 *(.reserved_ram .reserved_ram.*)
                0x00000000200026a8                . = MAX (((__reserved_ram_start__ + 0x200026a8) - 0x20000000), .)
 *fill*         0x0000000020000000     0x26a8 
                0x00000000200026a8                __reserved_ram_end__ = (__reserved_ram_start__ + SIZEOF (.reserved_ram))
                0x00000000000026a8                __reserved_ram_size__ = SIZEOF (.reserved_ram)
                0x00000000200026a8                __reserved_ram_load_end__ = __reserved_ram_end__
                0x0000000000000001                . = ASSERT (((__reserved_ram_start__ == __reserved_ram_end__) || ((__reserved_ram_end__ >= __RAM_segment_start__) && (__reserved_ram_end__ <= __RAM_segment_end__))), error: .reserved_ram is too large to fit in RAM memory segment)
                0x00000000200026a8                __vectors_ram_load_start__ = 0x200026a8

.vectors_ram    0x00000000200026a8        0x0
                0x00000000200026a8                __vectors_ram_start__ = .
                0x00000000200026a8                __app_ram_start__ = __vectors_ram_start__
 *(.vectors_ram .vectors_ram.*)
                0x00000000200026a8                __vectors_ram_end__ = (__vectors_ram_start__ + SIZEOF (.vectors_ram))
                0x0000000000000000                __vectors_ram_size__ = SIZEOF (.vectors_ram)
                0x00000000200026a8                __vectors_ram_load_end__ = __vectors_ram_end__
                0x0000000000000001                . = ASSERT (((__vectors_ram_start__ == __vectors_ram_end__) || ((__vectors_ram_end__ >= __RAM_segment_start__) && (__vectors_ram_end__ <= __RAM_segment_end__))), error: .vectors_ram is too large to fit in RAM memory segment)
                0x0000000000000001                . = ASSERT ((__reserved_ram_end__ <= __vectors_ram_start__), error: section .reserved_ram overlaps absolute placed section .vectors_ram)
                0x00000000200026a8                __nrf_sections_run_load_start__ = ALIGN (__vectors_ram_end__, 0x4)

.nrf_sections_run
                0x00000000200026a8        0x0
                0x00000000200026a8                __nrf_sections_run_start__ = .
                0x00000000200026a8                __start_nrf_sections_run = __nrf_sections_run_start__
 *(.nrf_sections_run .nrf_sections_run.*)
                0x00000000200026a8                __nrf_sections_run_end__ = (__nrf_sections_run_start__ + SIZEOF (.nrf_sections_run))
                0x0000000000000000                __nrf_sections_run_size__ = SIZEOF (.nrf_sections_run)
                0x00000000200026a8                __nrf_sections_run_load_end__ = __nrf_sections_run_end__
                0x0000000000000001                . = ASSERT (((__nrf_sections_run_start__ == __nrf_sections_run_end__) || ((__nrf_sections_run_end__ >= __RAM_segment_start__) && (__nrf_sections_run_end__ <= __RAM_segment_end__))), error: .nrf_sections_run is too large to fit in RAM memory segment)
                0x0000000000000000                __reserved_flash_load_start__ = 0x0

.reserved_flash
                0x0000000000000000    0x23000
                0x0000000000000000                __reserved_flash_start__ = .
 *(.reserved_flash .reserved_flash.*)
                0x0000000000023000                . = MAX (((__reserved_flash_start__ + 0x23000) - 0x0), .)
 *fill*         0x0000000000000000    0x23000 
                0x0000000000023000                __reserved_flash_end__ = (__reserved_flash_start__ + SIZEOF (.reserved_flash))
                0x0000000000023000                __reserved_flash_size__ = SIZEOF (.reserved_flash)
                0x0000000000023000                __reserved_flash_load_end__ = __reserved_flash_end__
                0x0000000000000001                . = ASSERT (((__reserved_flash_start__ == __reserved_flash_end__) || ((__reserved_flash_end__ >= __FLASH_segment_start__) && (__reserved_flash_end__ <= __FLASH_segment_end__))), error: .reserved_flash is too large to fit in FLASH memory segment)
                0x0000000000023000                __vectors_load_start__ = 0x23000

.vectors        0x0000000000023000       0xdc
                0x0000000000023000                __vectors_start__ = .
 *(.vectors .vectors.*)
 .vectors       0x0000000000023000       0xdc Output/ble_ehsb_c_pca10040_s132 Debug/Obj/ses_nrf52_Vectors.o
                0x0000000000023000                _vectors
                0x00000000000230dc                __vectors_end__ = (__vectors_start__ + SIZEOF (.vectors))
                0x00000000000000dc                __vectors_size__ = SIZEOF (.vectors)
                0x00000000000230dc                __vectors_load_end__ = __vectors_end__
                0x0000000000000001                . = ASSERT (((__vectors_start__ == __vectors_end__) || ((__vectors_end__ >= __FLASH_segment_start__) && (__vectors_end__ <= __FLASH_segment_end__))), error: .vectors is too large to fit in FLASH memory segment)
                0x0000000000000001                . = ASSERT ((__reserved_flash_end__ <= __vectors_start__), error: section .reserved_flash overlaps absolute placed section .vectors)
                0x00000000000230dc                __init_load_start__ = ALIGN (__vectors_end__, 0x4)

.init           0x00000000000230dc      0x218
                0x00000000000230dc                __init_start__ = .
 *(.init .init.*)
 .init          0x00000000000230dc      0x160 Output/ble_ehsb_c_pca10040_s132 Debug/Obj/thumb_crt0.o
                0x00000000000230dc                _start
                0x0000000000023192                exit
 .init          0x000000000002323c       0x58 Output/ble_ehsb_c_pca10040_s132 Debug/Obj/ses_nRF_Startup.o
                0x000000000002323c                Reset_Handler
                0x0000000000023260                InitializeUserMemorySections
 .init          0x0000000000023294       0x60 Output/ble_ehsb_c_pca10040_s132 Debug/Obj/ses_nrf52_Vectors.o
                0x0000000000023294                NMI_Handler
                0x0000000000023296                HardFault_Handler
                0x0000000000023298                MemoryManagement_Handler
                0x000000000002329a                BusFault_Handler
                0x000000000002329c                UsageFault_Handler
                0x000000000002329e                SVC_Handler
                0x00000000000232a0                DebugMon_Handler
                0x00000000000232a2                PendSV_Handler
                0x00000000000232a4                SysTick_Handler
                0x00000000000232aa                RADIO_IRQHandler
                0x00000000000232ae                SPIM0_SPIS0_TWIM0_TWIS0_SPI0_TWI0_IRQHandler
                0x00000000000232b0                SPIM1_SPIS1_TWIM1_TWIS1_SPI1_TWI1_IRQHandler
                0x00000000000232b2                NFCT_IRQHandler
                0x00000000000232b6                SAADC_IRQHandler
                0x00000000000232b8                TIMER0_IRQHandler
                0x00000000000232ba                TIMER1_IRQHandler
                0x00000000000232bc                TIMER2_IRQHandler
                0x00000000000232be                RTC0_IRQHandler
                0x00000000000232c0                TEMP_IRQHandler
                0x00000000000232c2                RNG_IRQHandler
                0x00000000000232c4                ECB_IRQHandler
                0x00000000000232c6                CCM_AAR_IRQHandler
                0x00000000000232c8                WDT_IRQHandler
                0x00000000000232cc                QDEC_IRQHandler
                0x00000000000232ce                COMP_LPCOMP_IRQHandler
                0x00000000000232d2                SWI1_EGU1_IRQHandler
                0x00000000000232d6                SWI3_EGU3_IRQHandler
                0x00000000000232d8                SWI4_EGU4_IRQHandler
                0x00000000000232da                SWI5_EGU5_IRQHandler
                0x00000000000232dc                TIMER3_IRQHandler
                0x00000000000232de                TIMER4_IRQHandler
                0x00000000000232e0                PWM0_IRQHandler
                0x00000000000232e2                PDM_IRQHandler
                0x00000000000232e4                MWU_IRQHandler
                0x00000000000232e6                PWM1_IRQHandler
                0x00000000000232e8                PWM2_IRQHandler
                0x00000000000232ea                SPIM2_SPIS2_SPI2_IRQHandler
                0x00000000000232ec                RTC2_IRQHandler
                0x00000000000232ee                I2S_IRQHandler
                0x00000000000232f0                FPU_IRQHandler
                0x00000000000232f4                __init_end__ = (__init_start__ + SIZEOF (.init))
                0x0000000000000218                __init_size__ = SIZEOF (.init)
                0x00000000000232f4                __init_load_end__ = __init_end__
                0x0000000000000001                . = ASSERT (((__init_start__ == __init_end__) || ((__init_end__ >= __FLASH_segment_start__) && (__init_end__ <= __FLASH_segment_end__))), error: .init is too large to fit in FLASH memory segment)
                0x00000000000232f4                __init_rodata_load_start__ = ALIGN (__init_end__, 0x4)

.init_rodata    0x00000000000232f4        0x0
                0x00000000000232f4                __init_rodata_start__ = .
 *(.init_rodata .init_rodata.*)
                0x00000000000232f4                __init_rodata_end__ = (__init_rodata_start__ + SIZEOF (.init_rodata))
                0x0000000000000000                __init_rodata_size__ = SIZEOF (.init_rodata)
                0x00000000000232f4                __init_rodata_load_end__ = __init_rodata_end__
                0x0000000000000001                . = ASSERT (((__init_rodata_start__ == __init_rodata_end__) || ((__init_rodata_end__ >= __FLASH_segment_start__) && (__init_rodata_end__ <= __FLASH_segment_end__))), error: .init_rodata is too large to fit in FLASH memory segment)
                0x00000000000232f4                __text_load_start__ = ALIGN (__init_rodata_end__, 0x4)

.text           0x00000000000232f4     0xa754
                0x00000000000232f4                __text_start__ = .
 *(.text .text.* .glue_7t .glue_7 .gnu.linkonce.t.* .gcc_except_table .ARM.extab* .gnu.linkonce.armextab.*)
 .glue_7        0x00000000000232f4        0x0 linker stubs
 .glue_7t       0x00000000000232f4        0x0 linker stubs
 .text.__printf_lock
                0x00000000000232f4        0x2 Output/ble_ehsb_c_pca10040_s132 Debug/Obj/thumb_crt0.o
                0x00000000000232f4                __printf_lock
 .text.__printf_unlock
                0x00000000000232f6        0x2 Output/ble_ehsb_c_pca10040_s132 Debug/Obj/thumb_crt0.o
                0x00000000000232f6                __printf_unlock
 .text.nrf_log_backend_rtt_init
                0x00000000000232f8        0xa Output/ble_ehsb_c_pca10040_s132 Debug/Obj/nrf_log_backend_rtt.o
                0x00000000000232f8                nrf_log_backend_rtt_init
 .text.serial_tx
                0x0000000000023302       0x5e Output/ble_ehsb_c_pca10040_s132 Debug/Obj/nrf_log_backend_rtt.o
 .text.nrf_log_backend_rtt_put
                0x0000000000023360       0x28 Output/ble_ehsb_c_pca10040_s132 Debug/Obj/nrf_log_backend_rtt.o
 .text.nrf_log_backend_rtt_flush
                0x0000000000023388        0xa Output/ble_ehsb_c_pca10040_s132 Debug/Obj/nrf_log_backend_rtt.o
 .text.nrf_log_backend_rtt_panic_set
                0x0000000000023392        0xa Output/ble_ehsb_c_pca10040_s132 Debug/Obj/nrf_log_backend_rtt.o
 .text.nrf_log_backend_serial_put
                0x000000000002339c      0x14c Output/ble_ehsb_c_pca10040_s132 Debug/Obj/nrf_log_backend_serial.o
                0x000000000002339c                nrf_log_backend_serial_put
 .text.nrf_log_backend_enable
                0x00000000000234e8       0x10 Output/ble_ehsb_c_pca10040_s132 Debug/Obj/nrf_log_default_backends.o
 .text.nrf_log_default_backends_init
                0x00000000000234f8       0x3c Output/ble_ehsb_c_pca10040_s132 Debug/Obj/nrf_log_default_backends.o
                0x00000000000234f8                nrf_log_default_backends_init
 .text.nrf_log_backend_put
                0x0000000000023534       0x1c Output/ble_ehsb_c_pca10040_s132 Debug/Obj/nrf_log_frontend.o
 .text.nrf_log_backend_panic_set
                0x0000000000023550       0x18 Output/ble_ehsb_c_pca10040_s132 Debug/Obj/nrf_log_frontend.o
 .text.nrf_log_backend_id_set
                0x0000000000023568       0x18 Output/ble_ehsb_c_pca10040_s132 Debug/Obj/nrf_log_frontend.o
 .text.nrf_log_backend_id_get
                0x0000000000023580        0xe Output/ble_ehsb_c_pca10040_s132 Debug/Obj/nrf_log_frontend.o
 .text.nrf_log_backend_enable
                0x000000000002358e       0x10 Output/ble_ehsb_c_pca10040_s132 Debug/Obj/nrf_log_frontend.o
 .text.nrf_log_backend_is_enabled
                0x000000000002359e        0xe Output/ble_ehsb_c_pca10040_s132 Debug/Obj/nrf_log_frontend.o
 .text.nrf_atomic_u32_or
                0x00000000000235ac       0x30 Output/ble_ehsb_c_pca10040_s132 Debug/Obj/nrf_log_frontend.o
 .text.nrf_atomic_u32_fetch_and
                0x00000000000235dc       0x30 Output/ble_ehsb_c_pca10040_s132 Debug/Obj/nrf_log_frontend.o
 .text.nrf_atomic_flag_set
                0x000000000002360c       0x18 Output/ble_ehsb_c_pca10040_s132 Debug/Obj/nrf_log_frontend.o
 .text.nrf_atomic_flag_clear_fetch
                0x0000000000023624       0x18 Output/ble_ehsb_c_pca10040_s132 Debug/Obj/nrf_log_frontend.o
 .text.nrf_log_init
                0x000000000002363c       0x98 Output/ble_ehsb_c_pca10040_s132 Debug/Obj/nrf_log_frontend.o
                0x000000000002363c                nrf_log_init
 .text.nrf_log_module_cnt_get
                0x00000000000236d4       0x14 Output/ble_ehsb_c_pca10040_s132 Debug/Obj/nrf_log_frontend.o
                0x00000000000236d4                nrf_log_module_cnt_get
 .text.module_idx_get
                0x00000000000236e8       0x6c Output/ble_ehsb_c_pca10040_s132 Debug/Obj/nrf_log_frontend.o
 .text.nrf_log_module_name_get
                0x0000000000023754       0x40 Output/ble_ehsb_c_pca10040_s132 Debug/Obj/nrf_log_frontend.o
                0x0000000000023754                nrf_log_module_name_get
 .text.nrf_log_color_id_get
                0x0000000000023794       0x70 Output/ble_ehsb_c_pca10040_s132 Debug/Obj/nrf_log_frontend.o
                0x0000000000023794                nrf_log_color_id_get
 .text.log_skip
                0x0000000000023804      0x11c Output/ble_ehsb_c_pca10040_s132 Debug/Obj/nrf_log_frontend.o
 .text.std_header_set
                0x0000000000023920       0xc0 Output/ble_ehsb_c_pca10040_s132 Debug/Obj/nrf_log_frontend.o
 .text.buf_prealloc
                0x00000000000239e0       0xb4 Output/ble_ehsb_c_pca10040_s132 Debug/Obj/nrf_log_frontend.o
 .text.std_n    0x0000000000023a94       0x90 Output/ble_ehsb_c_pca10040_s132 Debug/Obj/nrf_log_frontend.o
 .text.nrf_log_frontend_std_0
                0x0000000000023b24       0x1c Output/ble_ehsb_c_pca10040_s132 Debug/Obj/nrf_log_frontend.o
                0x0000000000023b24                nrf_log_frontend_std_0
 .text.nrf_log_frontend_std_1
                0x0000000000023b40       0x22 Output/ble_ehsb_c_pca10040_s132 Debug/Obj/nrf_log_frontend.o
                0x0000000000023b40                nrf_log_frontend_std_1
 .text.nrf_log_frontend_std_2
                0x0000000000023b62       0x28 Output/ble_ehsb_c_pca10040_s132 Debug/Obj/nrf_log_frontend.o
                0x0000000000023b62                nrf_log_frontend_std_2
 .text.nrf_log_frontend_std_4
                0x0000000000023b8a       0x30 Output/ble_ehsb_c_pca10040_s132 Debug/Obj/nrf_log_frontend.o
                0x0000000000023b8a                nrf_log_frontend_std_4
 .text.nrf_log_frontend_std_6
                0x0000000000023bba       0x38 Output/ble_ehsb_c_pca10040_s132 Debug/Obj/nrf_log_frontend.o
                0x0000000000023bba                nrf_log_frontend_std_6
 *fill*         0x0000000000023bf2        0x2 
 .text.buffer_is_empty
                0x0000000000023bf4       0x1c Output/ble_ehsb_c_pca10040_s132 Debug/Obj/nrf_log_frontend.o
                0x0000000000023bf4                buffer_is_empty
 .text.nrf_log_frontend_dequeue
                0x0000000000023c10      0x38c Output/ble_ehsb_c_pca10040_s132 Debug/Obj/nrf_log_frontend.o
                0x0000000000023c10                nrf_log_frontend_dequeue
 .text.backend_id_assign
                0x0000000000023f9c       0x68 Output/ble_ehsb_c_pca10040_s132 Debug/Obj/nrf_log_frontend.o
 .text.nrf_log_backend_add
                0x0000000000024004       0x68 Output/ble_ehsb_c_pca10040_s132 Debug/Obj/nrf_log_frontend.o
                0x0000000000024004                nrf_log_backend_add
 .text.nrf_log_panic
                0x000000000002406c       0x3c Output/ble_ehsb_c_pca10040_s132 Debug/Obj/nrf_log_frontend.o
                0x000000000002406c                nrf_log_panic
 .text.prefix_process
                0x00000000000240a8       0x80 Output/ble_ehsb_c_pca10040_s132 Debug/Obj/nrf_log_str_formatter.o
 .text.postfix_process
                0x0000000000024128       0x68 Output/ble_ehsb_c_pca10040_s132 Debug/Obj/nrf_log_str_formatter.o
 .text.nrf_log_std_entry_process
                0x0000000000024190      0x144 Output/ble_ehsb_c_pca10040_s132 Debug/Obj/nrf_log_str_formatter.o
                0x0000000000024190                nrf_log_std_entry_process
 .text.nrf_log_hexdump_entry_process
                0x00000000000242d4       0xe8 Output/ble_ehsb_c_pca10040_s132 Debug/Obj/nrf_log_str_formatter.o
                0x00000000000242d4                nrf_log_hexdump_entry_process
 .text.detection_delay_timeout_handler
                0x00000000000243bc       0xd8 Output/ble_ehsb_c_pca10040_s132 Debug/Obj/app_button.o
 .text.gpiote_event_handler
                0x0000000000024494       0xa0 Output/ble_ehsb_c_pca10040_s132 Debug/Obj/app_button.o
 .text.app_button_init
                0x0000000000024534       0xe4 Output/ble_ehsb_c_pca10040_s132 Debug/Obj/app_button.o
                0x0000000000024534                app_button_init
 .text.app_button_enable
                0x0000000000024618       0x58 Output/ble_ehsb_c_pca10040_s132 Debug/Obj/app_button.o
                0x0000000000024618                app_button_enable
 .text.app_error_handler
                0x0000000000024670       0x30 Output/ble_ehsb_c_pca10040_s132 Debug/Obj/app_error.o
                0x0000000000024670                app_error_handler
 .text.app_error_save_and_stop
                0x00000000000246a0       0x98 Output/ble_ehsb_c_pca10040_s132 Debug/Obj/app_error.o
                0x00000000000246a0                app_error_save_and_stop
 .text.app_error_fault_handler
                0x0000000000024738      0x118 Output/ble_ehsb_c_pca10040_s132 Debug/Obj/app_error_weak.o
                0x0000000000024738                app_error_fault_handler
 .text.fifo_length
                0x0000000000024850       0x18 Output/ble_ehsb_c_pca10040_s132 Debug/Obj/app_fifo.o
 .text.fifo_put
                0x0000000000024868       0x30 Output/ble_ehsb_c_pca10040_s132 Debug/Obj/app_fifo.o
 .text.fifo_peek
                0x0000000000024898       0x2e Output/ble_ehsb_c_pca10040_s132 Debug/Obj/app_fifo.o
 .text.fifo_get
                0x00000000000248c6       0x24 Output/ble_ehsb_c_pca10040_s132 Debug/Obj/app_fifo.o
 .text.app_fifo_init
                0x00000000000248ea       0x58 Output/ble_ehsb_c_pca10040_s132 Debug/Obj/app_fifo.o
                0x00000000000248ea                app_fifo_init
 .text.app_fifo_put
                0x0000000000024942       0x36 Output/ble_ehsb_c_pca10040_s132 Debug/Obj/app_fifo.o
                0x0000000000024942                app_fifo_put
 .text.app_fifo_get
                0x0000000000024978       0x2a Output/ble_ehsb_c_pca10040_s132 Debug/Obj/app_fifo.o
                0x0000000000024978                app_fifo_get
 *fill*         0x00000000000249a2        0x2 
 .text.NVIC_EnableIRQ
                0x00000000000249a4       0x2c Output/ble_ehsb_c_pca10040_s132 Debug/Obj/app_timer.o
 .text.NVIC_DisableIRQ
                0x00000000000249d0       0x30 Output/ble_ehsb_c_pca10040_s132 Debug/Obj/app_timer.o
 .text.NVIC_SetPendingIRQ
                0x0000000000024a00       0x30 Output/ble_ehsb_c_pca10040_s132 Debug/Obj/app_timer.o
 .text.NVIC_ClearPendingIRQ
                0x0000000000024a30       0x30 Output/ble_ehsb_c_pca10040_s132 Debug/Obj/app_timer.o
 .text.NVIC_SetPriority
                0x0000000000024a60       0x50 Output/ble_ehsb_c_pca10040_s132 Debug/Obj/app_timer.o
 .text.nrf_delay_us
                0x0000000000024ab0       0xa0 Output/ble_ehsb_c_pca10040_s132 Debug/Obj/app_timer.o
 .text.rtc1_init
                0x0000000000024b50       0x24 Output/ble_ehsb_c_pca10040_s132 Debug/Obj/app_timer.o
 .text.rtc1_start
                0x0000000000024b74       0x40 Output/ble_ehsb_c_pca10040_s132 Debug/Obj/app_timer.o
 .text.rtc1_stop
                0x0000000000024bb4       0x50 Output/ble_ehsb_c_pca10040_s132 Debug/Obj/app_timer.o
 .text.rtc1_counter_get
                0x0000000000024c04       0x10 Output/ble_ehsb_c_pca10040_s132 Debug/Obj/app_timer.o
 .text.ticks_diff_get
                0x0000000000024c14       0x16 Output/ble_ehsb_c_pca10040_s132 Debug/Obj/app_timer.o
 *fill*         0x0000000000024c2a        0x2 
 .text.rtc1_compare0_set
                0x0000000000024c2c       0x18 Output/ble_ehsb_c_pca10040_s132 Debug/Obj/app_timer.o
 .text.timer_list_insert
                0x0000000000024c44       0xac Output/ble_ehsb_c_pca10040_s132 Debug/Obj/app_timer.o
 .text.timer_list_remove
                0x0000000000024cf0       0xc0 Output/ble_ehsb_c_pca10040_s132 Debug/Obj/app_timer.o
 .text.timer_timeouts_check_sched
                0x0000000000024db0        0xc Output/ble_ehsb_c_pca10040_s132 Debug/Obj/app_timer.o
 .text.timer_list_handler_sched
                0x0000000000024dbc        0xc Output/ble_ehsb_c_pca10040_s132 Debug/Obj/app_timer.o
 .text.timeout_handler_exec
                0x0000000000024dc8       0x1a Output/ble_ehsb_c_pca10040_s132 Debug/Obj/app_timer.o
 *fill*         0x0000000000024de2        0x2 
 .text.timer_timeouts_check
                0x0000000000024de4       0xc8 Output/ble_ehsb_c_pca10040_s132 Debug/Obj/app_timer.o
 .text.elapsed_ticks_acquire
                0x0000000000024eac       0x78 Output/ble_ehsb_c_pca10040_s132 Debug/Obj/app_timer.o
 .text.expired_timers_handler
                0x0000000000024f24       0x94 Output/ble_ehsb_c_pca10040_s132 Debug/Obj/app_timer.o
 .text.list_insertions_handler
                0x0000000000024fb8      0x1bc Output/ble_ehsb_c_pca10040_s132 Debug/Obj/app_timer.o
 .text.compare_reg_update
                0x0000000000025174       0xb0 Output/ble_ehsb_c_pca10040_s132 Debug/Obj/app_timer.o
 .text.timer_list_handler
                0x0000000000025224       0x80 Output/ble_ehsb_c_pca10040_s132 Debug/Obj/app_timer.o
 .text.user_op_enque
                0x00000000000252a4       0x1c Output/ble_ehsb_c_pca10040_s132 Debug/Obj/app_timer.o
 .text.user_op_alloc
                0x00000000000252c0       0x5c Output/ble_ehsb_c_pca10040_s132 Debug/Obj/app_timer.o
 .text.timer_start_op_schedule
                0x000000000002531c       0x88 Output/ble_ehsb_c_pca10040_s132 Debug/Obj/app_timer.o
 .text.timer_stop_op_schedule
                0x00000000000253a4       0x6e Output/ble_ehsb_c_pca10040_s132 Debug/Obj/app_timer.o
 *fill*         0x0000000000025412        0x2 
 .text.RTC1_IRQHandler
                0x0000000000025414       0x40 Output/ble_ehsb_c_pca10040_s132 Debug/Obj/app_timer.o
                0x0000000000025414                RTC1_IRQHandler
 .text.SWI0_EGU0_IRQHandler
                0x0000000000025454        0xa Output/ble_ehsb_c_pca10040_s132 Debug/Obj/app_timer.o
                0x0000000000025454                SWI0_EGU0_IRQHandler
 *fill*         0x000000000002545e        0x2 
 .text.app_timer_init
                0x0000000000025460       0x68 Output/ble_ehsb_c_pca10040_s132 Debug/Obj/app_timer.o
                0x0000000000025460                app_timer_init
 .text.app_timer_create
                0x00000000000254c8       0x60 Output/ble_ehsb_c_pca10040_s132 Debug/Obj/app_timer.o
                0x00000000000254c8                app_timer_create
 .text.app_timer_start
                0x0000000000025528       0x64 Output/ble_ehsb_c_pca10040_s132 Debug/Obj/app_timer.o
                0x0000000000025528                app_timer_start
 .text.app_timer_stop
                0x000000000002558c       0x44 Output/ble_ehsb_c_pca10040_s132 Debug/Obj/app_timer.o
                0x000000000002558c                app_timer_stop
 .text.fifo_length
                0x00000000000255d0       0x18 Output/ble_ehsb_c_pca10040_s132 Debug/Obj/app_uart_fifo.o
 .text.uart_event_handler
                0x00000000000255e8       0xf8 Output/ble_ehsb_c_pca10040_s132 Debug/Obj/app_uart_fifo.o
 .text.app_uart_init
                0x00000000000256e0      0x128 Output/ble_ehsb_c_pca10040_s132 Debug/Obj/app_uart_fifo.o
                0x00000000000256e0                app_uart_init
 .text.app_uart_get
                0x0000000000025808       0x74 Output/ble_ehsb_c_pca10040_s132 Debug/Obj/app_uart_fifo.o
                0x0000000000025808                app_uart_get
 .text.app_uart_put
                0x000000000002587c       0x60 Output/ble_ehsb_c_pca10040_s132 Debug/Obj/app_uart_fifo.o
                0x000000000002587c                app_uart_put
 .text.__sd_nvic_irq_disable
                0x00000000000258dc       0x16 Output/ble_ehsb_c_pca10040_s132 Debug/Obj/app_util_platform.o
 .text.__sd_nvic_irq_enable
                0x00000000000258f2        0x6 Output/ble_ehsb_c_pca10040_s132 Debug/Obj/app_util_platform.o
 .text.sd_nvic_critical_region_enter
                0x00000000000258f8       0x74 Output/ble_ehsb_c_pca10040_s132 Debug/Obj/app_util_platform.o
 .text.sd_nvic_critical_region_exit
                0x000000000002596c       0x54 Output/ble_ehsb_c_pca10040_s132 Debug/Obj/app_util_platform.o
 .text.app_util_critical_region_enter
                0x00000000000259c0       0x2c Output/ble_ehsb_c_pca10040_s132 Debug/Obj/app_util_platform.o
                0x00000000000259c0                app_util_critical_region_enter
 .text.app_util_critical_region_exit
                0x00000000000259ec       0x34 Output/ble_ehsb_c_pca10040_s132 Debug/Obj/app_util_platform.o
                0x00000000000259ec                app_util_critical_region_exit
 .text.privilege_level_get
                0x0000000000025a20       0x3a Output/ble_ehsb_c_pca10040_s132 Debug/Obj/app_util_platform.o
                0x0000000000025a20                privilege_level_get
 *fill*         0x0000000000025a5a        0x2 
 .text.nrf_balloc_idx2block
                0x0000000000025a5c       0x38 Output/ble_ehsb_c_pca10040_s132 Debug/Obj/nrf_balloc.o
 .text.nrf_balloc_block2idx
                0x0000000000025a94       0x34 Output/ble_ehsb_c_pca10040_s132 Debug/Obj/nrf_balloc.o
 .text.nrf_balloc_init
                0x0000000000025ac8       0xb0 Output/ble_ehsb_c_pca10040_s132 Debug/Obj/nrf_balloc.o
                0x0000000000025ac8                nrf_balloc_init
 .text.nrf_balloc_alloc
                0x0000000000025b78       0x90 Output/ble_ehsb_c_pca10040_s132 Debug/Obj/nrf_balloc.o
                0x0000000000025b78                nrf_balloc_alloc
 .text.nrf_balloc_free
                0x0000000000025c08       0x68 Output/ble_ehsb_c_pca10040_s132 Debug/Obj/nrf_balloc.o
                0x0000000000025c08                nrf_balloc_free
 .text.nrf_fprintf_buffer_flush
                0x0000000000025c70       0x44 Output/ble_ehsb_c_pca10040_s132 Debug/Obj/nrf_fprintf.o
                0x0000000000025c70                nrf_fprintf_buffer_flush
 .text.nrf_fprintf
                0x0000000000025cb4       0x74 Output/ble_ehsb_c_pca10040_s132 Debug/Obj/nrf_fprintf.o
                0x0000000000025cb4                nrf_fprintf
 .text.buffer_add
                0x0000000000025d28       0x3c Output/ble_ehsb_c_pca10040_s132 Debug/Obj/nrf_fprintf_format.o
 .text.string_print
                0x0000000000025d64       0xc2 Output/ble_ehsb_c_pca10040_s132 Debug/Obj/nrf_fprintf_format.o
 *fill*         0x0000000000025e26        0x2 
 .text.unsigned_print
                0x0000000000025e28      0x130 Output/ble_ehsb_c_pca10040_s132 Debug/Obj/nrf_fprintf_format.o
 .text.int_print
                0x0000000000025f58      0x11c Output/ble_ehsb_c_pca10040_s132 Debug/Obj/nrf_fprintf_format.o
 .text.nrf_fprintf_fmt
                0x0000000000026074      0x43c Output/ble_ehsb_c_pca10040_s132 Debug/Obj/nrf_fprintf_format.o
                0x0000000000026074                nrf_fprintf_fmt
 .text.nrf_atomic_u32_add
                0x00000000000264b0       0x30 Output/ble_ehsb_c_pca10040_s132 Debug/Obj/nrf_memobj.o
 .text.nrf_atomic_u32_sub
                0x00000000000264e0       0x30 Output/ble_ehsb_c_pca10040_s132 Debug/Obj/nrf_memobj.o
 .text.nrf_memobj_pool_init
                0x0000000000026510       0x16 Output/ble_ehsb_c_pca10040_s132 Debug/Obj/nrf_memobj.o
                0x0000000000026510                nrf_memobj_pool_init
 .text.nrf_memobj_alloc
                0x0000000000026526       0xae Output/ble_ehsb_c_pca10040_s132 Debug/Obj/nrf_memobj.o
                0x0000000000026526                nrf_memobj_alloc
 .text.nrf_memobj_free
                0x00000000000265d4       0x72 Output/ble_ehsb_c_pca10040_s132 Debug/Obj/nrf_memobj.o
                0x00000000000265d4                nrf_memobj_free
 .text.nrf_memobj_get
                0x0000000000026646       0x1e Output/ble_ehsb_c_pca10040_s132 Debug/Obj/nrf_memobj.o
                0x0000000000026646                nrf_memobj_get
 .text.nrf_memobj_put
                0x0000000000026664       0x34 Output/ble_ehsb_c_pca10040_s132 Debug/Obj/nrf_memobj.o
                0x0000000000026664                nrf_memobj_put
 .text.memobj_op
                0x0000000000026698      0x100 Output/ble_ehsb_c_pca10040_s132 Debug/Obj/nrf_memobj.o
 .text.nrf_memobj_write
                0x0000000000026798       0x24 Output/ble_ehsb_c_pca10040_s132 Debug/Obj/nrf_memobj.o
                0x0000000000026798                nrf_memobj_write
 .text.nrf_memobj_read
                0x00000000000267bc       0x24 Output/ble_ehsb_c_pca10040_s132 Debug/Obj/nrf_memobj.o
                0x00000000000267bc                nrf_memobj_read
 .text.NVIC_ClearPendingIRQ
                0x00000000000267e0       0x30 Output/ble_ehsb_c_pca10040_s132 Debug/Obj/nrf_pwr_mgmt.o
 .text.nrf_mtx_init
                0x0000000000026810       0x2c Output/ble_ehsb_c_pca10040_s132 Debug/Obj/nrf_pwr_mgmt.o
 .text.sd_app_evt_wait
                0x000000000002683c        0x8 Output/ble_ehsb_c_pca10040_s132 Debug/Obj/nrf_pwr_mgmt.o
 .text.pwr_mgmt_fpu_sleep_prepare
                0x0000000000026844       0x60 Output/ble_ehsb_c_pca10040_s132 Debug/Obj/nrf_pwr_mgmt.o
 .text.nrf_pwr_mgmt_init
                0x00000000000268a4       0x2c Output/ble_ehsb_c_pca10040_s132 Debug/Obj/nrf_pwr_mgmt.o
                0x00000000000268a4                nrf_pwr_mgmt_init
 .text.nrf_pwr_mgmt_run
                0x00000000000268d0       0x44 Output/ble_ehsb_c_pca10040_s132 Debug/Obj/nrf_pwr_mgmt.o
                0x00000000000268d0                nrf_pwr_mgmt_run
 .text.nrf_section_iter_init
                0x0000000000026914       0x54 Output/ble_ehsb_c_pca10040_s132 Debug/Obj/nrf_section_iter.o
                0x0000000000026914                nrf_section_iter_init
 .text.nrf_section_iter_next
                0x0000000000026968       0x64 Output/ble_ehsb_c_pca10040_s132 Debug/Obj/nrf_section_iter.o
                0x0000000000026968                nrf_section_iter_next
 .text.nrf_strerror_get
                0x00000000000269cc       0x28 Output/ble_ehsb_c_pca10040_s132 Debug/Obj/nrf_strerror.o
                0x00000000000269cc                nrf_strerror_get
 .text.nrf_strerror_find
                0x00000000000269f4       0x68 Output/ble_ehsb_c_pca10040_s132 Debug/Obj/nrf_strerror.o
                0x00000000000269f4                nrf_strerror_find
 .text.__putchar
                0x0000000000026a5c       0x1c Output/ble_ehsb_c_pca10040_s132 Debug/Obj/retarget.o
                0x0000000000026a5c                __putchar
 .text.nrf_gpio_pin_port_decode
                0x0000000000026a78       0x28 Output/ble_ehsb_c_pca10040_s132 Debug/Obj/boards.o
 .text.nrf_gpio_pin_set
                0x0000000000026aa0       0x28 Output/ble_ehsb_c_pca10040_s132 Debug/Obj/boards.o
 .text.nrf_gpio_pin_clear
                0x0000000000026ac8       0x28 Output/ble_ehsb_c_pca10040_s132 Debug/Obj/boards.o
 .text.nrf_gpio_pin_toggle
                0x0000000000026af0       0x44 Output/ble_ehsb_c_pca10040_s132 Debug/Obj/boards.o
 .text.nrf_gpio_pin_write
                0x0000000000026b34       0x24 Output/ble_ehsb_c_pca10040_s132 Debug/Obj/boards.o
 .text.nrf_gpio_pin_out_read
                0x0000000000026b58       0x2a Output/ble_ehsb_c_pca10040_s132 Debug/Obj/boards.o
 .text.nrf_gpio_port_out_read
                0x0000000000026b82       0x10 Output/ble_ehsb_c_pca10040_s132 Debug/Obj/boards.o
 .text.nrf_gpio_port_out_set
                0x0000000000026b92       0x14 Output/ble_ehsb_c_pca10040_s132 Debug/Obj/boards.o
 .text.nrf_gpio_port_out_clear
                0x0000000000026ba6       0x14 Output/ble_ehsb_c_pca10040_s132 Debug/Obj/boards.o
 *fill*         0x0000000000026bba        0x2 
 .text.bsp_board_led_state_get
                0x0000000000026bbc       0x5c Output/ble_ehsb_c_pca10040_s132 Debug/Obj/boards.o
                0x0000000000026bbc                bsp_board_led_state_get
 .text.bsp_board_led_on
                0x0000000000026c18       0x34 Output/ble_ehsb_c_pca10040_s132 Debug/Obj/boards.o
                0x0000000000026c18                bsp_board_led_on
 .text.bsp_board_led_off
                0x0000000000026c4c       0x34 Output/ble_ehsb_c_pca10040_s132 Debug/Obj/boards.o
                0x0000000000026c4c                bsp_board_led_off
 .text.bsp_board_leds_off
                0x0000000000026c80       0x24 Output/ble_ehsb_c_pca10040_s132 Debug/Obj/boards.o
                0x0000000000026c80                bsp_board_leds_off
 .text.bsp_board_leds_on
                0x0000000000026ca4       0x24 Output/ble_ehsb_c_pca10040_s132 Debug/Obj/boards.o
                0x0000000000026ca4                bsp_board_leds_on
 .text.bsp_board_led_invert
                0x0000000000026cc8       0x34 Output/ble_ehsb_c_pca10040_s132 Debug/Obj/boards.o
                0x0000000000026cc8                bsp_board_led_invert
 .text.bsp_board_button_idx_to_pin
                0x0000000000026cfc       0x2c Output/ble_ehsb_c_pca10040_s132 Debug/Obj/boards.o
                0x0000000000026cfc                bsp_board_button_idx_to_pin
 .text.NVIC_DisableIRQ
                0x0000000000026d28       0x30 Output/ble_ehsb_c_pca10040_s132 Debug/Obj/nrf_drv_clock.o
 .text.nrf_clock_int_disable
                0x0000000000026d58       0x14 Output/ble_ehsb_c_pca10040_s132 Debug/Obj/nrf_drv_clock.o
 .text.nrf_clock_task_trigger
                0x0000000000026d6c       0x1a Output/ble_ehsb_c_pca10040_s132 Debug/Obj/nrf_drv_clock.o
 .text.nrf_clock_event_clear
                0x0000000000026d86       0x28 Output/ble_ehsb_c_pca10040_s132 Debug/Obj/nrf_drv_clock.o
 .text.nrf_clock_event_check
                0x0000000000026dae       0x22 Output/ble_ehsb_c_pca10040_s132 Debug/Obj/nrf_drv_clock.o
 .text.nrf_clock_lf_src_set
                0x0000000000026dd0       0x1e Output/ble_ehsb_c_pca10040_s132 Debug/Obj/nrf_drv_clock.o
 .text.nrf_clock_lf_is_running
                0x0000000000026dee       0x1c Output/ble_ehsb_c_pca10040_s132 Debug/Obj/nrf_drv_clock.o
 *fill*         0x0000000000026e0a        0x2 
 .text.nrf_drv_common_irq_enable_check
                0x0000000000026e0c       0x38 Output/ble_ehsb_c_pca10040_s132 Debug/Obj/nrf_drv_clock.o
 .text.nrf_drv_common_power_clock_irq_init
                0x0000000000026e44       0x20 Output/ble_ehsb_c_pca10040_s132 Debug/Obj/nrf_drv_clock.o
 .text.lfclk_stop
                0x0000000000026e64       0x40 Output/ble_ehsb_c_pca10040_s132 Debug/Obj/nrf_drv_clock.o
 .text.nrf_drv_clock_init
                0x0000000000026ea4       0x5c Output/ble_ehsb_c_pca10040_s132 Debug/Obj/nrf_drv_clock.o
                0x0000000000026ea4                nrf_drv_clock_init
 .text.item_dequeue
                0x0000000000026f00       0x20 Output/ble_ehsb_c_pca10040_s132 Debug/Obj/nrf_drv_clock.o
 .text.nrf_drv_clock_lfclk_release
                0x0000000000026f20       0x68 Output/ble_ehsb_c_pca10040_s132 Debug/Obj/nrf_drv_clock.o
                0x0000000000026f20                nrf_drv_clock_lfclk_release
 .text.clock_clk_started_notify
                0x0000000000026f88       0x4c Output/ble_ehsb_c_pca10040_s132 Debug/Obj/nrf_drv_clock.o
 .text.POWER_CLOCK_IRQHandler
                0x0000000000026fd4       0x5c Output/ble_ehsb_c_pca10040_s132 Debug/Obj/nrf_drv_clock.o
                0x0000000000026fd4                POWER_CLOCK_IRQHandler
 .text.soc_evt_handler
                0x0000000000027030       0x1c Output/ble_ehsb_c_pca10040_s132 Debug/Obj/nrf_drv_clock.o
 .text.sd_state_evt_handler
                0x000000000002704c       0x94 Output/ble_ehsb_c_pca10040_s132 Debug/Obj/nrf_drv_clock.o
 .text.NVIC_EnableIRQ
                0x00000000000270e0       0x2c Output/ble_ehsb_c_pca10040_s132 Debug/Obj/nrf_drv_common.o
 .text.NVIC_ClearPendingIRQ
                0x000000000002710c       0x30 Output/ble_ehsb_c_pca10040_s132 Debug/Obj/nrf_drv_common.o
 .text.NVIC_SetPriority
                0x000000000002713c       0x50 Output/ble_ehsb_c_pca10040_s132 Debug/Obj/nrf_drv_common.o
 .text.nrf_drv_common_irq_enable
                0x000000000002718c       0x6c Output/ble_ehsb_c_pca10040_s132 Debug/Obj/nrf_drv_common.o
                0x000000000002718c                nrf_drv_common_irq_enable
 .text.nrf_gpiote_event_is_set
                0x00000000000271f8       0x2a Output/ble_ehsb_c_pca10040_s132 Debug/Obj/nrf_drv_gpiote.o
 .text.nrf_gpiote_event_clear
                0x0000000000027222       0x36 Output/ble_ehsb_c_pca10040_s132 Debug/Obj/nrf_drv_gpiote.o
 .text.nrf_gpiote_event_addr_get
                0x0000000000027258       0x1a Output/ble_ehsb_c_pca10040_s132 Debug/Obj/nrf_drv_gpiote.o
 *fill*         0x0000000000027272        0x2 
 .text.nrf_gpiote_int_enable
                0x0000000000027274       0x18 Output/ble_ehsb_c_pca10040_s132 Debug/Obj/nrf_drv_gpiote.o
 .text.nrf_gpiote_int_is_enabled
                0x000000000002728c       0x18 Output/ble_ehsb_c_pca10040_s132 Debug/Obj/nrf_drv_gpiote.o
 .text.nrf_gpiote_event_enable
                0x00000000000272a4       0x2c Output/ble_ehsb_c_pca10040_s132 Debug/Obj/nrf_drv_gpiote.o
 .text.nrf_gpiote_event_configure
                0x00000000000272d0       0x64 Output/ble_ehsb_c_pca10040_s132 Debug/Obj/nrf_drv_gpiote.o
 .text.nrf_gpiote_event_pin_get
                0x0000000000027334       0x20 Output/ble_ehsb_c_pca10040_s132 Debug/Obj/nrf_drv_gpiote.o
 .text.nrf_gpiote_event_polarity_get
                0x0000000000027354       0x24 Output/ble_ehsb_c_pca10040_s132 Debug/Obj/nrf_drv_gpiote.o
 .text.nrf_gpio_pin_port_decode
                0x0000000000027378       0x28 Output/ble_ehsb_c_pca10040_s132 Debug/Obj/nrf_drv_gpiote.o
 .text.nrf_gpio_cfg
                0x00000000000273a0       0x60 Output/ble_ehsb_c_pca10040_s132 Debug/Obj/nrf_drv_gpiote.o
 .text.nrf_gpio_cfg_input
                0x0000000000027400       0x2c Output/ble_ehsb_c_pca10040_s132 Debug/Obj/nrf_drv_gpiote.o
 .text.nrf_gpio_cfg_watcher
                0x000000000002742c       0x38 Output/ble_ehsb_c_pca10040_s132 Debug/Obj/nrf_drv_gpiote.o
 .text.nrf_gpio_cfg_sense_set
                0x0000000000027464       0x5a Output/ble_ehsb_c_pca10040_s132 Debug/Obj/nrf_drv_gpiote.o
 .text.nrf_gpio_pin_read
                0x00000000000274be       0x2a Output/ble_ehsb_c_pca10040_s132 Debug/Obj/nrf_drv_gpiote.o
 .text.nrf_gpio_pin_sense_get
                0x00000000000274e8       0x2c Output/ble_ehsb_c_pca10040_s132 Debug/Obj/nrf_drv_gpiote.o
 .text.nrf_gpio_port_in_read
                0x0000000000027514       0x10 Output/ble_ehsb_c_pca10040_s132 Debug/Obj/nrf_drv_gpiote.o
 .text.nrf_gpio_ports_read
                0x0000000000027524       0x68 Output/ble_ehsb_c_pca10040_s132 Debug/Obj/nrf_drv_gpiote.o
 .text.nrf_bitmask_bit_is_set
                0x000000000002758c       0x30 Output/ble_ehsb_c_pca10040_s132 Debug/Obj/nrf_drv_gpiote.o
 .text.nrf_bitmask_bit_set
                0x00000000000275bc       0x40 Output/ble_ehsb_c_pca10040_s132 Debug/Obj/nrf_drv_gpiote.o
 .text.pin_in_use_by_te
                0x00000000000275fc       0x3c Output/ble_ehsb_c_pca10040_s132 Debug/Obj/nrf_drv_gpiote.o
 .text.pin_in_use_by_port
                0x0000000000027638       0x24 Output/ble_ehsb_c_pca10040_s132 Debug/Obj/nrf_drv_gpiote.o
 .text.pin_in_use_by_gpiote
                0x000000000002765c       0x24 Output/ble_ehsb_c_pca10040_s132 Debug/Obj/nrf_drv_gpiote.o
 .text.pin_in_use_by_te_set
                0x0000000000027680       0x50 Output/ble_ehsb_c_pca10040_s132 Debug/Obj/nrf_drv_gpiote.o
 .text.pin_in_use_clear
                0x00000000000276d0       0x1c Output/ble_ehsb_c_pca10040_s132 Debug/Obj/nrf_drv_gpiote.o
 .text.channel_port_get
                0x00000000000276ec       0x1c Output/ble_ehsb_c_pca10040_s132 Debug/Obj/nrf_drv_gpiote.o
 .text.channel_handler_get
                0x0000000000027708       0x18 Output/ble_ehsb_c_pca10040_s132 Debug/Obj/nrf_drv_gpiote.o
 .text.channel_port_alloc
                0x0000000000027720       0x7c Output/ble_ehsb_c_pca10040_s132 Debug/Obj/nrf_drv_gpiote.o
 .text.channel_free
                0x000000000002779c       0x38 Output/ble_ehsb_c_pca10040_s132 Debug/Obj/nrf_drv_gpiote.o
 .text.nrf_drv_gpiote_init
                0x00000000000277d4       0x90 Output/ble_ehsb_c_pca10040_s132 Debug/Obj/nrf_drv_gpiote.o
                0x00000000000277d4                nrf_drv_gpiote_init
 .text.nrf_drv_gpiote_is_init
                0x0000000000027864       0x18 Output/ble_ehsb_c_pca10040_s132 Debug/Obj/nrf_drv_gpiote.o
                0x0000000000027864                nrf_drv_gpiote_is_init
 .text.nrf_drv_gpiote_in_init
                0x000000000002787c       0xc8 Output/ble_ehsb_c_pca10040_s132 Debug/Obj/nrf_drv_gpiote.o
                0x000000000002787c                nrf_drv_gpiote_in_init
 .text.nrf_drv_gpiote_in_event_enable
                0x0000000000027944      0x110 Output/ble_ehsb_c_pca10040_s132 Debug/Obj/nrf_drv_gpiote.o
                0x0000000000027944                nrf_drv_gpiote_in_event_enable
 .text.nrf_drv_gpiote_in_is_set
                0x0000000000027a54       0x34 Output/ble_ehsb_c_pca10040_s132 Debug/Obj/nrf_drv_gpiote.o
                0x0000000000027a54                nrf_drv_gpiote_in_is_set
 .text.GPIOTE_IRQHandler
                0x0000000000027a88      0x2e0 Output/ble_ehsb_c_pca10040_s132 Debug/Obj/nrf_drv_gpiote.o
                0x0000000000027a88                GPIOTE_IRQHandler
 .text.nrf_uart_event_clear
                0x0000000000027d68       0x2a Output/ble_ehsb_c_pca10040_s132 Debug/Obj/nrf_drv_uart.o
 .text.nrf_uart_event_check
                0x0000000000027d92       0x24 Output/ble_ehsb_c_pca10040_s132 Debug/Obj/nrf_drv_uart.o
 .text.nrf_uart_int_enable
                0x0000000000027db6       0x14 Output/ble_ehsb_c_pca10040_s132 Debug/Obj/nrf_drv_uart.o
 .text.nrf_uart_int_enable_check
                0x0000000000027dca       0x20 Output/ble_ehsb_c_pca10040_s132 Debug/Obj/nrf_drv_uart.o
 .text.nrf_uart_int_disable
                0x0000000000027dea       0x14 Output/ble_ehsb_c_pca10040_s132 Debug/Obj/nrf_drv_uart.o
 .text.nrf_uart_errorsrc_get_and_clear
                0x0000000000027dfe       0x1c Output/ble_ehsb_c_pca10040_s132 Debug/Obj/nrf_drv_uart.o
 .text.nrf_uart_enable
                0x0000000000027e1a       0x12 Output/ble_ehsb_c_pca10040_s132 Debug/Obj/nrf_drv_uart.o
 .text.nrf_uart_txrx_pins_set
                0x0000000000027e2c       0x1e Output/ble_ehsb_c_pca10040_s132 Debug/Obj/nrf_drv_uart.o
 .text.nrf_uart_hwfc_pins_set
                0x0000000000027e4a       0x1e Output/ble_ehsb_c_pca10040_s132 Debug/Obj/nrf_drv_uart.o
 .text.nrf_uart_rxd_get
                0x0000000000027e68       0x12 Output/ble_ehsb_c_pca10040_s132 Debug/Obj/nrf_drv_uart.o
 .text.nrf_uart_txd_set
                0x0000000000027e7a       0x1a Output/ble_ehsb_c_pca10040_s132 Debug/Obj/nrf_drv_uart.o
 .text.nrf_uart_task_trigger
                0x0000000000027e94       0x1c Output/ble_ehsb_c_pca10040_s132 Debug/Obj/nrf_drv_uart.o
 .text.nrf_uart_configure
                0x0000000000027eb0       0x2a Output/ble_ehsb_c_pca10040_s132 Debug/Obj/nrf_drv_uart.o
 .text.nrf_uart_baudrate_set
                0x0000000000027eda       0x14 Output/ble_ehsb_c_pca10040_s132 Debug/Obj/nrf_drv_uart.o
 .text.nrf_uarte_event_clear
                0x0000000000027eee       0x2a Output/ble_ehsb_c_pca10040_s132 Debug/Obj/nrf_drv_uart.o
 .text.nrf_uarte_event_check
                0x0000000000027f18       0x24 Output/ble_ehsb_c_pca10040_s132 Debug/Obj/nrf_drv_uart.o
 .text.nrf_uarte_shorts_enable
                0x0000000000027f3c       0x1c Output/ble_ehsb_c_pca10040_s132 Debug/Obj/nrf_drv_uart.o
 .text.nrf_uarte_shorts_disable
                0x0000000000027f58       0x1e Output/ble_ehsb_c_pca10040_s132 Debug/Obj/nrf_drv_uart.o
 .text.nrf_uarte_int_enable
                0x0000000000027f76       0x14 Output/ble_ehsb_c_pca10040_s132 Debug/Obj/nrf_drv_uart.o
 .text.nrf_uarte_int_disable
                0x0000000000027f8a       0x14 Output/ble_ehsb_c_pca10040_s132 Debug/Obj/nrf_drv_uart.o
 .text.nrf_uarte_errorsrc_get_and_clear
                0x0000000000027f9e       0x1c Output/ble_ehsb_c_pca10040_s132 Debug/Obj/nrf_drv_uart.o
 .text.nrf_uarte_enable
                0x0000000000027fba       0x12 Output/ble_ehsb_c_pca10040_s132 Debug/Obj/nrf_drv_uart.o
 .text.nrf_uarte_txrx_pins_set
                0x0000000000027fcc       0x1e Output/ble_ehsb_c_pca10040_s132 Debug/Obj/nrf_drv_uart.o
 .text.nrf_uarte_hwfc_pins_set
                0x0000000000027fea       0x1e Output/ble_ehsb_c_pca10040_s132 Debug/Obj/nrf_drv_uart.o
 .text.nrf_uarte_task_trigger
                0x0000000000028008       0x1c Output/ble_ehsb_c_pca10040_s132 Debug/Obj/nrf_drv_uart.o
 .text.nrf_uarte_configure
                0x0000000000028024       0x2a Output/ble_ehsb_c_pca10040_s132 Debug/Obj/nrf_drv_uart.o
 .text.nrf_uarte_baudrate_set
                0x000000000002804e       0x14 Output/ble_ehsb_c_pca10040_s132 Debug/Obj/nrf_drv_uart.o
 .text.nrf_uarte_tx_buffer_set
                0x0000000000028062       0x24 Output/ble_ehsb_c_pca10040_s132 Debug/Obj/nrf_drv_uart.o
 .text.nrf_uarte_tx_amount_get
                0x0000000000028086       0x10 Output/ble_ehsb_c_pca10040_s132 Debug/Obj/nrf_drv_uart.o
 .text.nrf_uarte_rx_buffer_set
                0x0000000000028096       0x24 Output/ble_ehsb_c_pca10040_s132 Debug/Obj/nrf_drv_uart.o
 .text.nrf_uarte_rx_amount_get
                0x00000000000280ba       0x10 Output/ble_ehsb_c_pca10040_s132 Debug/Obj/nrf_drv_uart.o
 .text.nrf_drv_get_IRQn
                0x00000000000280ca       0x16 Output/ble_ehsb_c_pca10040_s132 Debug/Obj/nrf_drv_uart.o
 .text.nrf_drv_is_in_RAM
                0x00000000000280e0       0x1c Output/ble_ehsb_c_pca10040_s132 Debug/Obj/nrf_drv_uart.o
 .text.nrf_gpio_pin_port_decode
                0x00000000000280fc       0x28 Output/ble_ehsb_c_pca10040_s132 Debug/Obj/nrf_drv_uart.o
 .text.nrf_gpio_cfg
                0x0000000000028124       0x60 Output/ble_ehsb_c_pca10040_s132 Debug/Obj/nrf_drv_uart.o
 .text.nrf_gpio_cfg_output
                0x0000000000028184       0x22 Output/ble_ehsb_c_pca10040_s132 Debug/Obj/nrf_drv_uart.o
 .text.nrf_gpio_cfg_input
                0x00000000000281a6       0x2c Output/ble_ehsb_c_pca10040_s132 Debug/Obj/nrf_drv_uart.o
 .text.nrf_gpio_pin_set
                0x00000000000281d2       0x28 Output/ble_ehsb_c_pca10040_s132 Debug/Obj/nrf_drv_uart.o
 .text.nrf_gpio_port_out_set
                0x00000000000281fa       0x14 Output/ble_ehsb_c_pca10040_s132 Debug/Obj/nrf_drv_uart.o
 *fill*         0x000000000002820e        0x2 
 .text.apply_config
                0x0000000000028210      0x160 Output/ble_ehsb_c_pca10040_s132 Debug/Obj/nrf_drv_uart.o
 .text.interrupts_enable
                0x0000000000028370       0xd4 Output/ble_ehsb_c_pca10040_s132 Debug/Obj/nrf_drv_uart.o
 .text.uart_enable
                0x0000000000028444       0x3c Output/ble_ehsb_c_pca10040_s132 Debug/Obj/nrf_drv_uart.o
 .text.nrf_drv_uart_init
                0x0000000000028480       0xa4 Output/ble_ehsb_c_pca10040_s132 Debug/Obj/nrf_drv_uart.o
                0x0000000000028480                nrf_drv_uart_init
 .text.tx_byte  0x0000000000028524       0x46 Output/ble_ehsb_c_pca10040_s132 Debug/Obj/nrf_drv_uart.o
 *fill*         0x000000000002856a        0x2 
 .text.nrf_drv_uart_tx_for_uart
                0x000000000002856c       0xe4 Output/ble_ehsb_c_pca10040_s132 Debug/Obj/nrf_drv_uart.o
 .text.nrf_drv_uart_tx_for_uarte
                0x0000000000028650       0xbc Output/ble_ehsb_c_pca10040_s132 Debug/Obj/nrf_drv_uart.o
 .text.nrf_drv_uart_tx
                0x000000000002870c       0xd8 Output/ble_ehsb_c_pca10040_s132 Debug/Obj/nrf_drv_uart.o
                0x000000000002870c                nrf_drv_uart_tx
 .text.nrf_drv_uart_tx_in_progress
                0x00000000000287e4       0x28 Output/ble_ehsb_c_pca10040_s132 Debug/Obj/nrf_drv_uart.o
                0x00000000000287e4                nrf_drv_uart_tx_in_progress
 .text.rx_enable
                0x000000000002880c       0x36 Output/ble_ehsb_c_pca10040_s132 Debug/Obj/nrf_drv_uart.o
 .text.rx_byte  0x0000000000028842       0x54 Output/ble_ehsb_c_pca10040_s132 Debug/Obj/nrf_drv_uart.o
 *fill*         0x0000000000028896        0x2 
 .text.nrf_drv_uart_rx_for_uart
                0x0000000000028898      0x158 Output/ble_ehsb_c_pca10040_s132 Debug/Obj/nrf_drv_uart.o
 .text.nrf_drv_uart_rx_for_uarte
                0x00000000000289f0      0x130 Output/ble_ehsb_c_pca10040_s132 Debug/Obj/nrf_drv_uart.o
 .text.nrf_drv_uart_rx
                0x0000000000028b20      0x188 Output/ble_ehsb_c_pca10040_s132 Debug/Obj/nrf_drv_uart.o
                0x0000000000028b20                nrf_drv_uart_rx
 .text.nrf_drv_uart_rx_enable
                0x0000000000028ca8       0x64 Output/ble_ehsb_c_pca10040_s132 Debug/Obj/nrf_drv_uart.o
                0x0000000000028ca8                nrf_drv_uart_rx_enable
 .text.rx_done_event
                0x0000000000028d0c       0x36 Output/ble_ehsb_c_pca10040_s132 Debug/Obj/nrf_drv_uart.o
 .text.tx_done_event
                0x0000000000028d42       0x3c Output/ble_ehsb_c_pca10040_s132 Debug/Obj/nrf_drv_uart.o
 .text.uart_irq_handler
                0x0000000000028d7e      0x1d4 Output/ble_ehsb_c_pca10040_s132 Debug/Obj/nrf_drv_uart.o
 .text.uarte_irq_handler
                0x0000000000028f52      0x160 Output/ble_ehsb_c_pca10040_s132 Debug/Obj/nrf_drv_uart.o
 *fill*         0x00000000000290b2        0x2 
 .text.UARTE0_UART0_IRQHandler
                0x00000000000290b4       0x28 Output/ble_ehsb_c_pca10040_s132 Debug/Obj/nrf_drv_uart.o
                0x00000000000290b4                UARTE0_UART0_IRQHandler
 .text.nrf_gpio_pin_port_decode
                0x00000000000290dc       0x28 Output/ble_ehsb_c_pca10040_s132 Debug/Obj/bsp.o
 .text.nrf_gpio_cfg_sense_set
                0x0000000000029104       0x5a Output/ble_ehsb_c_pca10040_s132 Debug/Obj/bsp.o
 *fill*         0x000000000002915e        0x2 
 .text.leds_off
                0x0000000000029160       0x3c Output/ble_ehsb_c_pca10040_s132 Debug/Obj/bsp.o
 .text.bsp_led_indication
                0x000000000002919c      0x46c Output/ble_ehsb_c_pca10040_s132 Debug/Obj/bsp.o
 .text.bsp_indication_set
                0x0000000000029608       0x34 Output/ble_ehsb_c_pca10040_s132 Debug/Obj/bsp.o
                0x0000000000029608                bsp_indication_set
 .text.bsp_event_to_button_action_assign
                0x000000000002963c       0xa4 Output/ble_ehsb_c_pca10040_s132 Debug/Obj/bsp.o
                0x000000000002963c                bsp_event_to_button_action_assign
 .text.bsp_wakeup_button_enable
                0x00000000000296e0       0x20 Output/ble_ehsb_c_pca10040_s132 Debug/Obj/bsp.o
                0x00000000000296e0                bsp_wakeup_button_enable
 .text.connection_buttons_configure
                0x0000000000029700       0x62 Output/ble_ehsb_c_pca10040_s132 Debug/Obj/bsp_btn_ble.o
 .text.advertising_buttons_configure
                0x0000000000029762       0x62 Output/ble_ehsb_c_pca10040_s132 Debug/Obj/bsp_btn_ble.o
 .text.bsp_btn_ble_sleep_mode_prepare
                0x00000000000297c4       0x3e Output/ble_ehsb_c_pca10040_s132 Debug/Obj/bsp_btn_ble.o
                0x00000000000297c4                bsp_btn_ble_sleep_mode_prepare
 *fill*         0x0000000000029802        0x2 
 .text.ble_evt_handler
                0x0000000000029804       0x88 Output/ble_ehsb_c_pca10040_s132 Debug/Obj/bsp_btn_ble.o
 .text.sd_ble_gap_conn_param_update
                0x000000000002988c        0x8 Output/ble_ehsb_c_pca10040_s132 Debug/Obj/main.o
 .text.sd_ble_gap_disconnect
                0x0000000000029894        0x8 Output/ble_ehsb_c_pca10040_s132 Debug/Obj/main.o
 .text.sd_ble_gap_sec_params_reply
                0x000000000002989c        0x8 Output/ble_ehsb_c_pca10040_s132 Debug/Obj/main.o
 .text.sd_ble_gap_scan_start
                0x00000000000298a4        0x8 Output/ble_ehsb_c_pca10040_s132 Debug/Obj/main.o
 .text.sd_ble_gap_scan_stop
                0x00000000000298ac        0x8 Output/ble_ehsb_c_pca10040_s132 Debug/Obj/main.o
 .text.sd_ble_gap_connect
                0x00000000000298b4        0x8 Output/ble_ehsb_c_pca10040_s132 Debug/Obj/main.o
 .text.sd_ble_gap_phy_update
                0x00000000000298bc        0x8 Output/ble_ehsb_c_pca10040_s132 Debug/Obj/main.o
 .text.sd_ble_uuid_decode
                0x00000000000298c4        0x8 Output/ble_ehsb_c_pca10040_s132 Debug/Obj/main.o
 .text.nrf_gpio_pin_port_decode
                0x00000000000298cc       0x28 Output/ble_ehsb_c_pca10040_s132 Debug/Obj/main.o
 .text.nrf_gpio_cfg
                0x00000000000298f4       0x60 Output/ble_ehsb_c_pca10040_s132 Debug/Obj/main.o
 .text.nrf_gpio_cfg_output
                0x0000000000029954       0x22 Output/ble_ehsb_c_pca10040_s132 Debug/Obj/main.o
 .text.nrf_gpio_pin_set
                0x0000000000029976       0x28 Output/ble_ehsb_c_pca10040_s132 Debug/Obj/main.o
 .text.nrf_gpio_pin_clear
                0x000000000002999e       0x28 Output/ble_ehsb_c_pca10040_s132 Debug/Obj/main.o
 .text.nrf_gpio_pin_toggle
                0x00000000000299c6       0x44 Output/ble_ehsb_c_pca10040_s132 Debug/Obj/main.o
 .text.nrf_gpio_port_out_set
                0x0000000000029a0a       0x14 Output/ble_ehsb_c_pca10040_s132 Debug/Obj/main.o
 .text.nrf_gpio_port_out_clear
                0x0000000000029a1e       0x14 Output/ble_ehsb_c_pca10040_s132 Debug/Obj/main.o
 *fill*         0x0000000000029a32        0x2 
 .text.assert_nrf_callback
                0x0000000000029a34       0x28 Output/ble_ehsb_c_pca10040_s132 Debug/Obj/main.o
                0x0000000000029a34                assert_nrf_callback
 .text.led_timeout_handler
                0x0000000000029a5c       0x14 Output/ble_ehsb_c_pca10040_s132 Debug/Obj/main.o
 .text.scan_start
                0x0000000000029a70       0x50 Output/ble_ehsb_c_pca10040_s132 Debug/Obj/main.o
 .text.scan_stop
                0x0000000000029ac0       0x28 Output/ble_ehsb_c_pca10040_s132 Debug/Obj/main.o
 .text.db_disc_handler
                0x0000000000029ae8       0x1c Output/ble_ehsb_c_pca10040_s132 Debug/Obj/main.o
 .text.ble_nus_chars_received_uart_print
                0x0000000000029b04       0xa0 Output/ble_ehsb_c_pca10040_s132 Debug/Obj/main.o
 .text.uart_event_handle
                0x0000000000029ba4      0x100 Output/ble_ehsb_c_pca10040_s132 Debug/Obj/main.o
                0x0000000000029ba4                uart_event_handle
 .text.ble_nus_c_evt_handler
                0x0000000000029ca4      0x108 Output/ble_ehsb_c_pca10040_s132 Debug/Obj/main.o
 .text.shutdown_handler
                0x0000000000029dac       0x60 Output/ble_ehsb_c_pca10040_s132 Debug/Obj/main.o
 .text.is_uuid_present
                0x0000000000029e0c      0x17a Output/ble_ehsb_c_pca10040_s132 Debug/Obj/main.o
 *fill*         0x0000000000029f86        0x2 
 .text.ble_evt_handler
                0x0000000000029f88      0x394 Output/ble_ehsb_c_pca10040_s132 Debug/Obj/main.o
 .text.ble_stack_init
                0x000000000002a31c       0x74 Output/ble_ehsb_c_pca10040_s132 Debug/Obj/main.o
 .text.gatt_evt_handler
                0x000000000002a390       0x64 Output/ble_ehsb_c_pca10040_s132 Debug/Obj/main.o
                0x000000000002a390                gatt_evt_handler
 .text.gatt_init
                0x000000000002a3f4       0x58 Output/ble_ehsb_c_pca10040_s132 Debug/Obj/main.o
                0x000000000002a3f4                gatt_init
 .text.uart_init
                0x000000000002a44c       0x68 Output/ble_ehsb_c_pca10040_s132 Debug/Obj/main.o
 .text.nus_c_init
                0x000000000002a4b4       0x40 Output/ble_ehsb_c_pca10040_s132 Debug/Obj/main.o
 .text.button_handler
                0x000000000002a4f4       0xc0 Output/ble_ehsb_c_pca10040_s132 Debug/Obj/main.o
                0x000000000002a4f4                button_handler
 .text.buttons_init
                0x000000000002a5b4       0x54 Output/ble_ehsb_c_pca10040_s132 Debug/Obj/main.o
 .text.timer_init
                0x000000000002a608       0x2c Output/ble_ehsb_c_pca10040_s132 Debug/Obj/main.o
 .text.application_timer_init
                0x000000000002a634       0x58 Output/ble_ehsb_c_pca10040_s132 Debug/Obj/main.o
 .text.log_init
                0x000000000002a68c       0x34 Output/ble_ehsb_c_pca10040_s132 Debug/Obj/main.o
 .text.power_init
                0x000000000002a6c0       0x2c Output/ble_ehsb_c_pca10040_s132 Debug/Obj/main.o
 .text.db_discovery_init
                0x000000000002a6ec       0x34 Output/ble_ehsb_c_pca10040_s132 Debug/Obj/main.o
 .text.leds_init
                0x000000000002a720       0x2e Output/ble_ehsb_c_pca10040_s132 Debug/Obj/main.o
 *fill*         0x000000000002a74e        0x2 
 .text.main     0x000000000002a750       0x6c Output/ble_ehsb_c_pca10040_s132 Debug/Obj/main.o
                0x000000000002a750                main
 .text._DoInit  0x000000000002a7bc       0x9c Output/ble_ehsb_c_pca10040_s132 Debug/Obj/SEGGER_RTT.o
 .text._WriteBlocking
                0x000000000002a858       0xb2 Output/ble_ehsb_c_pca10040_s132 Debug/Obj/SEGGER_RTT.o
 .text._WriteNoCheck
                0x000000000002a90a       0x7e Output/ble_ehsb_c_pca10040_s132 Debug/Obj/SEGGER_RTT.o
 .text._GetAvailWriteSpace
                0x000000000002a988       0x3c Output/ble_ehsb_c_pca10040_s132 Debug/Obj/SEGGER_RTT.o
 .text.SEGGER_RTT_WriteNoLock
                0x000000000002a9c4       0x9c Output/ble_ehsb_c_pca10040_s132 Debug/Obj/SEGGER_RTT.o
                0x000000000002a9c4                SEGGER_RTT_WriteNoLock
 .text.SEGGER_RTT_Init
                0x000000000002aa60        0xa Output/ble_ehsb_c_pca10040_s132 Debug/Obj/SEGGER_RTT.o
                0x000000000002aa60                SEGGER_RTT_Init
 .text.sd_ble_gattc_primary_services_discover
                0x000000000002aa6a        0x8 Output/ble_ehsb_c_pca10040_s132 Debug/Obj/ble_db_discovery.o
 .text.sd_ble_gattc_characteristics_discover
                0x000000000002aa72        0x8 Output/ble_ehsb_c_pca10040_s132 Debug/Obj/ble_db_discovery.o
 .text.sd_ble_gattc_descriptors_discover
                0x000000000002aa7a        0x8 Output/ble_ehsb_c_pca10040_s132 Debug/Obj/ble_db_discovery.o
 *fill*         0x000000000002aa82        0x2 
 .text.registered_handler_get
                0x000000000002aa84       0x58 Output/ble_ehsb_c_pca10040_s132 Debug/Obj/ble_db_discovery.o
 .text.registered_handler_set
                0x000000000002aadc       0x54 Output/ble_ehsb_c_pca10040_s132 Debug/Obj/ble_db_discovery.o
 .text.pending_user_evts_send
                0x000000000002ab30       0x4c Output/ble_ehsb_c_pca10040_s132 Debug/Obj/ble_db_discovery.o
 .text.discovery_error_evt_trigger
                0x000000000002ab7c       0x60 Output/ble_ehsb_c_pca10040_s132 Debug/Obj/ble_db_discovery.o
 .text.discovery_complete_evt_trigger
                0x000000000002abdc       0xcc Output/ble_ehsb_c_pca10040_s132 Debug/Obj/ble_db_discovery.o
 .text.on_srv_disc_completion
                0x000000000002aca8       0xd4 Output/ble_ehsb_c_pca10040_s132 Debug/Obj/ble_db_discovery.o
 .text.is_char_discovery_reqd
                0x000000000002ad7c       0x30 Output/ble_ehsb_c_pca10040_s132 Debug/Obj/ble_db_discovery.o
 .text.is_desc_discovery_reqd
                0x000000000002adac       0x8e Output/ble_ehsb_c_pca10040_s132 Debug/Obj/ble_db_discovery.o
 .text.characteristics_discover
                0x000000000002ae3a       0x96 Output/ble_ehsb_c_pca10040_s132 Debug/Obj/ble_db_discovery.o
 .text.descriptors_discover
                0x000000000002aed0      0x118 Output/ble_ehsb_c_pca10040_s132 Debug/Obj/ble_db_discovery.o
 .text.on_primary_srv_discovery_rsp
                0x000000000002afe8       0xb0 Output/ble_ehsb_c_pca10040_s132 Debug/Obj/ble_db_discovery.o
 .text.on_characteristic_discovery_rsp
                0x000000000002b098      0x220 Output/ble_ehsb_c_pca10040_s132 Debug/Obj/ble_db_discovery.o
 .text.on_descriptor_discovery_rsp
                0x000000000002b2b8      0x1d4 Output/ble_ehsb_c_pca10040_s132 Debug/Obj/ble_db_discovery.o
 .text.ble_db_discovery_init
                0x000000000002b48c       0x44 Output/ble_ehsb_c_pca10040_s132 Debug/Obj/ble_db_discovery.o
                0x000000000002b48c                ble_db_discovery_init
 .text.ble_db_discovery_evt_register
                0x000000000002b4d0       0x40 Output/ble_ehsb_c_pca10040_s132 Debug/Obj/ble_db_discovery.o
                0x000000000002b4d0                ble_db_discovery_evt_register
 .text.discovery_start
                0x000000000002b510       0xbc Output/ble_ehsb_c_pca10040_s132 Debug/Obj/ble_db_discovery.o
 .text.ble_db_discovery_start
                0x000000000002b5cc       0x60 Output/ble_ehsb_c_pca10040_s132 Debug/Obj/ble_db_discovery.o
                0x000000000002b5cc                ble_db_discovery_start
 .text.on_disconnected
                0x000000000002b62c       0x34 Output/ble_ehsb_c_pca10040_s132 Debug/Obj/ble_db_discovery.o
 .text.ble_db_discovery_on_ble_evt
                0x000000000002b660      0x150 Output/ble_ehsb_c_pca10040_s132 Debug/Obj/ble_db_discovery.o
                0x000000000002b660                ble_db_discovery_on_ble_evt
 .text.sd_ble_gap_data_length_update
                0x000000000002b7b0        0x8 Output/ble_ehsb_c_pca10040_s132 Debug/Obj/nrf_ble_gatt.o
 .text.sd_ble_gattc_exchange_mtu_request
                0x000000000002b7b8        0x8 Output/ble_ehsb_c_pca10040_s132 Debug/Obj/nrf_ble_gatt.o
 .text.sd_ble_gatts_exchange_mtu_reply
                0x000000000002b7c0        0x8 Output/ble_ehsb_c_pca10040_s132 Debug/Obj/nrf_ble_gatt.o
 .text.link_init
                0x000000000002b7c8       0x2e Output/ble_ehsb_c_pca10040_s132 Debug/Obj/nrf_ble_gatt.o
 *fill*         0x000000000002b7f6        0x2 
 .text.data_length_update
                0x000000000002b7f8       0x78 Output/ble_ehsb_c_pca10040_s132 Debug/Obj/nrf_ble_gatt.o
 .text.on_connected_evt
                0x000000000002b870       0xc0 Output/ble_ehsb_c_pca10040_s132 Debug/Obj/nrf_ble_gatt.o
 .text.on_disconnected_evt
                0x000000000002b930       0x22 Output/ble_ehsb_c_pca10040_s132 Debug/Obj/nrf_ble_gatt.o
 .text.on_exchange_mtu_rsp_evt
                0x000000000002b952       0x92 Output/ble_ehsb_c_pca10040_s132 Debug/Obj/nrf_ble_gatt.o
 .text.on_exchange_mtu_request_evt
                0x000000000002b9e4       0xc0 Output/ble_ehsb_c_pca10040_s132 Debug/Obj/nrf_ble_gatt.o
 .text.on_data_length_update_evt
                0x000000000002baa4       0x7c Output/ble_ehsb_c_pca10040_s132 Debug/Obj/nrf_ble_gatt.o
 .text.on_data_length_update_request_evt
                0x000000000002bb20       0x8c Output/ble_ehsb_c_pca10040_s132 Debug/Obj/nrf_ble_gatt.o
 .text.nrf_ble_gatt_init
                0x000000000002bbac       0x56 Output/ble_ehsb_c_pca10040_s132 Debug/Obj/nrf_ble_gatt.o
                0x000000000002bbac                nrf_ble_gatt_init
 .text.nrf_ble_gatt_att_mtu_central_set
                0x000000000002bc02       0x38 Output/ble_ehsb_c_pca10040_s132 Debug/Obj/nrf_ble_gatt.o
                0x000000000002bc02                nrf_ble_gatt_att_mtu_central_set
 *fill*         0x000000000002bc3a        0x2 
 .text.nrf_ble_gatt_on_ble_evt
                0x000000000002bc3c       0xf8 Output/ble_ehsb_c_pca10040_s132 Debug/Obj/nrf_ble_gatt.o
                0x000000000002bc3c                nrf_ble_gatt_on_ble_evt
 .text.NVIC_SystemReset
                0x000000000002bd34       0x24 Output/ble_ehsb_c_pca10040_s132 Debug/Obj/system_nrf52.o
 .text.SystemCoreClockUpdate
                0x000000000002bd58       0x14 Output/ble_ehsb_c_pca10040_s132 Debug/Obj/system_nrf52.o
                0x000000000002bd58                SystemCoreClockUpdate
 .text.SystemInit
                0x000000000002bd6c      0x2bc Output/ble_ehsb_c_pca10040_s132 Debug/Obj/system_nrf52.o
                0x000000000002bd6c                SystemInit
 .text.errata_12
                0x000000000002c028       0x58 Output/ble_ehsb_c_pca10040_s132 Debug/Obj/system_nrf52.o
 .text.errata_16
                0x000000000002c080       0x38 Output/ble_ehsb_c_pca10040_s132 Debug/Obj/system_nrf52.o
 .text.errata_31
                0x000000000002c0b8       0x58 Output/ble_ehsb_c_pca10040_s132 Debug/Obj/system_nrf52.o
 .text.errata_32
                0x000000000002c110       0x38 Output/ble_ehsb_c_pca10040_s132 Debug/Obj/system_nrf52.o
 .text.errata_36
                0x000000000002c148       0x58 Output/ble_ehsb_c_pca10040_s132 Debug/Obj/system_nrf52.o
 .text.errata_37
                0x000000000002c1a0       0x38 Output/ble_ehsb_c_pca10040_s132 Debug/Obj/system_nrf52.o
 .text.errata_57
                0x000000000002c1d8       0x38 Output/ble_ehsb_c_pca10040_s132 Debug/Obj/system_nrf52.o
 .text.errata_66
                0x000000000002c210       0x38 Output/ble_ehsb_c_pca10040_s132 Debug/Obj/system_nrf52.o
 .text.errata_108
                0x000000000002c248       0x58 Output/ble_ehsb_c_pca10040_s132 Debug/Obj/system_nrf52.o
 .text.errata_136
                0x000000000002c2a0       0x58 Output/ble_ehsb_c_pca10040_s132 Debug/Obj/system_nrf52.o
 .text.sd_ble_gattc_write
                0x000000000002c2f8        0x8 Output/ble_ehsb_c_pca10040_s132 Debug/Obj/ble_nus_c.o
 .text.sd_ble_uuid_vs_add
                0x000000000002c300        0x8 Output/ble_ehsb_c_pca10040_s132 Debug/Obj/ble_nus_c.o
 .text.ble_nus_c_on_db_disc_evt
                0x000000000002c308       0xdc Output/ble_ehsb_c_pca10040_s132 Debug/Obj/ble_nus_c.o
                0x000000000002c308                ble_nus_c_on_db_disc_evt
 .text.on_hvx   0x000000000002c3e4       0x4e Output/ble_ehsb_c_pca10040_s132 Debug/Obj/ble_nus_c.o
 *fill*         0x000000000002c432        0x2 
 .text.ble_nus_c_init
                0x000000000002c434       0x80 Output/ble_ehsb_c_pca10040_s132 Debug/Obj/ble_nus_c.o
                0x000000000002c434                ble_nus_c_init
 .text.ble_nus_c_on_ble_evt
                0x000000000002c4b4       0x88 Output/ble_ehsb_c_pca10040_s132 Debug/Obj/ble_nus_c.o
                0x000000000002c4b4                ble_nus_c_on_ble_evt
 .text.cccd_configure
                0x000000000002c53c       0x60 Output/ble_ehsb_c_pca10040_s132 Debug/Obj/ble_nus_c.o
 .text.ble_nus_c_tx_notif_enable
                0x000000000002c59c       0x42 Output/ble_ehsb_c_pca10040_s132 Debug/Obj/ble_nus_c.o
                0x000000000002c59c                ble_nus_c_tx_notif_enable
 *fill*         0x000000000002c5de        0x2 
 .text.ble_nus_c_string_send
                0x000000000002c5e0       0xa4 Output/ble_ehsb_c_pca10040_s132 Debug/Obj/ble_nus_c.o
                0x000000000002c5e0                ble_nus_c_string_send
 .text.ble_nus_c_handles_assign
                0x000000000002c684       0x44 Output/ble_ehsb_c_pca10040_s132 Debug/Obj/ble_nus_c.o
                0x000000000002c684                ble_nus_c_handles_assign
 .text.NVIC_EnableIRQ
                0x000000000002c6c8       0x2c Output/ble_ehsb_c_pca10040_s132 Debug/Obj/nrf_sdh.o
 .text.NVIC_SetPriority
                0x000000000002c6f4       0x50 Output/ble_ehsb_c_pca10040_s132 Debug/Obj/nrf_sdh.o
 .text.NVIC_GetPriority
                0x000000000002c744       0x48 Output/ble_ehsb_c_pca10040_s132 Debug/Obj/nrf_sdh.o
 .text.nrf_section_iter_get
                0x000000000002c78c       0x24 Output/ble_ehsb_c_pca10040_s132 Debug/Obj/nrf_sdh.o
 .text.sd_softdevice_enable
                0x000000000002c7b0        0x8 Output/ble_ehsb_c_pca10040_s132 Debug/Obj/nrf_sdh.o
 .text.__sd_nvic_app_accessible_irq
                0x000000000002c7b8       0x58 Output/ble_ehsb_c_pca10040_s132 Debug/Obj/nrf_sdh.o
 .text.__sd_nvic_is_app_accessible_priority
                0x000000000002c810       0x2c Output/ble_ehsb_c_pca10040_s132 Debug/Obj/nrf_sdh.o
 .text.sd_nvic_EnableIRQ
                0x000000000002c83c       0x88 Output/ble_ehsb_c_pca10040_s132 Debug/Obj/nrf_sdh.o
 .text.sd_nvic_SetPriority
                0x000000000002c8c4       0x4a Output/ble_ehsb_c_pca10040_s132 Debug/Obj/nrf_sdh.o
 *fill*         0x000000000002c90e        0x2 
 .text.sdh_request_observer_notify
                0x000000000002c910       0x64 Output/ble_ehsb_c_pca10040_s132 Debug/Obj/nrf_sdh.o
 .text.sdh_state_observer_notify
                0x000000000002c974       0x58 Output/ble_ehsb_c_pca10040_s132 Debug/Obj/nrf_sdh.o
 .text.softdevices_evt_irq_enable
                0x000000000002c9cc       0x2c Output/ble_ehsb_c_pca10040_s132 Debug/Obj/nrf_sdh.o
 .text.swi_interrupt_priority_workaround
                0x000000000002c9f8       0x4c Output/ble_ehsb_c_pca10040_s132 Debug/Obj/nrf_sdh.o
 .text.nrf_sdh_enable_request
                0x000000000002ca44       0x88 Output/ble_ehsb_c_pca10040_s132 Debug/Obj/nrf_sdh.o
                0x000000000002ca44                nrf_sdh_enable_request
 .text.nrf_sdh_is_enabled
                0x000000000002cacc        0xc Output/ble_ehsb_c_pca10040_s132 Debug/Obj/nrf_sdh.o
                0x000000000002cacc                nrf_sdh_is_enabled
 .text.nrf_sdh_evts_poll
                0x000000000002cad8       0x4c Output/ble_ehsb_c_pca10040_s132 Debug/Obj/nrf_sdh.o
                0x000000000002cad8                nrf_sdh_evts_poll
 .text.SWI2_EGU2_IRQHandler
                0x000000000002cb24        0xa Output/ble_ehsb_c_pca10040_s132 Debug/Obj/nrf_sdh.o
                0x000000000002cb24                SWI2_EGU2_IRQHandler
 .text.sd_ble_enable
                0x000000000002cb2e        0x8 Output/ble_ehsb_c_pca10040_s132 Debug/Obj/nrf_sdh_ble.o
 .text.sd_ble_cfg_set
                0x000000000002cb36        0x8 Output/ble_ehsb_c_pca10040_s132 Debug/Obj/nrf_sdh_ble.o
 .text.sd_ble_evt_get
                0x000000000002cb3e        0x8 Output/ble_ehsb_c_pca10040_s132 Debug/Obj/nrf_sdh_ble.o
 *fill*         0x000000000002cb46        0x2 
 .text.nrf_section_iter_get
                0x000000000002cb48       0x24 Output/ble_ehsb_c_pca10040_s132 Debug/Obj/nrf_sdh_ble.o
 .text.nrf_sdh_ble_app_ram_start_get
                0x000000000002cb6c       0x24 Output/ble_ehsb_c_pca10040_s132 Debug/Obj/nrf_sdh_ble.o
                0x000000000002cb6c                nrf_sdh_ble_app_ram_start_get
 .text.nrf_sdh_ble_default_cfg_set
                0x000000000002cb90      0x204 Output/ble_ehsb_c_pca10040_s132 Debug/Obj/nrf_sdh_ble.o
                0x000000000002cb90                nrf_sdh_ble_default_cfg_set
 .text.ram_end_address_get
                0x000000000002cd94       0x1a Output/ble_ehsb_c_pca10040_s132 Debug/Obj/nrf_sdh_ble.o
 *fill*         0x000000000002cdae        0x2 
 .text.nrf_sdh_ble_enable
                0x000000000002cdb0       0x90 Output/ble_ehsb_c_pca10040_s132 Debug/Obj/nrf_sdh_ble.o
                0x000000000002cdb0                nrf_sdh_ble_enable
 .text.nrf_sdh_ble_evts_poll
                0x000000000002ce40       0x90 Output/ble_ehsb_c_pca10040_s132 Debug/Obj/nrf_sdh_ble.o
 .text.nrf_section_iter_get
                0x000000000002ced0       0x24 Output/ble_ehsb_c_pca10040_s132 Debug/Obj/nrf_sdh_soc.o
 .text.sd_evt_get
                0x000000000002cef4        0x8 Output/ble_ehsb_c_pca10040_s132 Debug/Obj/nrf_sdh_soc.o
 .text.nrf_sdh_soc_evts_poll
                0x000000000002cefc       0x78 Output/ble_ehsb_c_pca10040_s132 Debug/Obj/nrf_sdh_soc.o
 .text.libc.__int64_udivmod
                0x000000000002cf74       0xd0 C:/Program Files/SEGGER/SEGGER Embedded Studio for ARM 3.34/lib/libc_v7em_fpv4_sp_d16_hard_t_le_eabi.a(libc_asm.o)
                0x000000000002cf74                __aeabi_uldivmod
                0x000000000002cf74                __int64_udiv
                0x000000000002cf74                __udivdi3
                0x000000000002cf74                __int64_udivmod
 .text.libc.__RAL_ascii_isctype
                0x000000000002d044       0x1c C:/Program Files/SEGGER/SEGGER Embedded Studio for ARM 3.34/lib/libc_v7em_fpv4_sp_d16_hard_t_le_eabi.a(libc2.o)
 .text.libc.__RAL_ascii_toupper
                0x000000000002d060        0xc C:/Program Files/SEGGER/SEGGER Embedded Studio for ARM 3.34/lib/libc_v7em_fpv4_sp_d16_hard_t_le_eabi.a(libc2.o)
 .text.libc.__RAL_ascii_tolower
                0x000000000002d06c        0xc C:/Program Files/SEGGER/SEGGER Embedded Studio for ARM 3.34/lib/libc_v7em_fpv4_sp_d16_hard_t_le_eabi.a(libc2.o)
 .text.libc.__RAL_ascii_iswctype
                0x000000000002d078       0x1c C:/Program Files/SEGGER/SEGGER Embedded Studio for ARM 3.34/lib/libc_v7em_fpv4_sp_d16_hard_t_le_eabi.a(libc2.o)
 .text.libc.__RAL_ascii_towupper
                0x000000000002d094        0xc C:/Program Files/SEGGER/SEGGER Embedded Studio for ARM 3.34/lib/libc_v7em_fpv4_sp_d16_hard_t_le_eabi.a(libc2.o)
 .text.libc.__RAL_ascii_towlower
                0x000000000002d0a0        0xc C:/Program Files/SEGGER/SEGGER Embedded Studio for ARM 3.34/lib/libc_v7em_fpv4_sp_d16_hard_t_le_eabi.a(libc2.o)
 .text.libc.__RAL_ascii_wctomb
                0x000000000002d0ac        0xe C:/Program Files/SEGGER/SEGGER Embedded Studio for ARM 3.34/lib/libc_v7em_fpv4_sp_d16_hard_t_le_eabi.a(libc2.o)
                0x000000000002d0ac                __RAL_ascii_wctomb
 .text.libc.__RAL_ascii_mbtowc
                0x000000000002d0ba       0x24 C:/Program Files/SEGGER/SEGGER Embedded Studio for ARM 3.34/lib/libc_v7em_fpv4_sp_d16_hard_t_le_eabi.a(libc2.o)
                0x000000000002d0ba                __RAL_ascii_mbtowc
 .text.libc.__putc
                0x000000000002d0de       0x34 C:/Program Files/SEGGER/SEGGER Embedded Studio for ARM 3.34/lib/libc_v7em_fpv4_sp_d16_hard_t_le_eabi.a(libc2.o)
                0x000000000002d0de                __putc
 .text.libc.__RAL_print_padding
                0x000000000002d112       0x1c C:/Program Files/SEGGER/SEGGER Embedded Studio for ARM 3.34/lib/libc_v7em_fpv4_sp_d16_hard_t_le_eabi.a(libc2.o)
                0x000000000002d112                __RAL_print_padding
 .text.libc.__RAL_pre_padding
                0x000000000002d12e       0x1c C:/Program Files/SEGGER/SEGGER Embedded Studio for ARM 3.34/lib/libc_v7em_fpv4_sp_d16_hard_t_le_eabi.a(libc2.o)
                0x000000000002d12e                __RAL_pre_padding
 *fill*         0x000000000002d14a        0x2 
 .text.libc.__RAL_isctype
                0x000000000002d14c       0x14 C:/Program Files/SEGGER/SEGGER Embedded Studio for ARM 3.34/lib/libc_v7em_fpv4_sp_d16_hard_t_le_eabi.a(libc2.o)
                0x000000000002d14c                __RAL_isctype
 .text.libc.isprint
                0x000000000002d160        0xa C:/Program Files/SEGGER/SEGGER Embedded Studio for ARM 3.34/lib/libc_v7em_fpv4_sp_d16_hard_t_le_eabi.a(libc2.o)
                0x000000000002d160                isprint
 *fill*         0x000000000002d16a        0x2 
 .text.libc.printf
                0x000000000002d16c       0x40 C:/Program Files/SEGGER/SEGGER Embedded Studio for ARM 3.34/lib/libc_v7em_fpv4_sp_d16_hard_t_le_eabi.a(libc2.o)
                0x000000000002d16c                printf
 .text.libc.strnlen
                0x000000000002d1ac       0x20 C:/Program Files/SEGGER/SEGGER Embedded Studio for ARM 3.34/lib/libc_v7em_fpv4_sp_d16_hard_t_le_eabi.a(libc2.o)
                0x000000000002d1ac                strnlen
 .text.libc.memcpy
                0x000000000002d1cc       0x54 C:/Program Files/SEGGER/SEGGER Embedded Studio for ARM 3.34/lib/libc_v7em_fpv4_sp_d16_hard_t_le_eabi.a(libc2_asm.o)
                0x000000000002d1cc                __aeabi_memcpy
                0x000000000002d1cc                memcpy
                0x000000000002d1d8                __aeabi_memcpy8
                0x000000000002d1d8                __aeabi_memcpy4
 .text.libc.memset
                0x000000000002d220       0x68 C:/Program Files/SEGGER/SEGGER Embedded Studio for ARM 3.34/lib/libc_v7em_fpv4_sp_d16_hard_t_le_eabi.a(libc2_asm.o)
                0x000000000002d220                memset
 .text.libc.strcpy
                0x000000000002d288       0x44 C:/Program Files/SEGGER/SEGGER Embedded Studio for ARM 3.34/lib/libc_v7em_fpv4_sp_d16_hard_t_le_eabi.a(libc2_asm.o)
                0x000000000002d288                strcpy
 .text.libc.strlen
                0x000000000002d2cc       0x60 C:/Program Files/SEGGER/SEGGER Embedded Studio for ARM 3.34/lib/libc_v7em_fpv4_sp_d16_hard_t_le_eabi.a(libc2_asm.o)
                0x000000000002d2cc                strlen
 .text.libc.__vfprintf_long
                0x000000000002d32c      0x71c C:/Program Files/SEGGER/SEGGER Embedded Studio for ARM 3.34/lib/libvfprintf_v7em_fpv4_sp_d16_hard_t_le_eabi.o
                0x000000000002d32c                __vfprintf_long
                0x000000000002da48                __text_end__ = (__text_start__ + SIZEOF (.text))
                0x000000000000a754                __text_size__ = SIZEOF (.text)
                0x000000000002da48                __text_load_end__ = __text_end__

.vfp11_veneer   0x0000000100000000        0x0
 .vfp11_veneer  0x0000000100000000        0x0 linker stubs

.v4_bx          0x0000000100000000        0x0
 .v4_bx         0x0000000100000000        0x0 linker stubs

.iplt           0x0000000100000000        0x0
 .iplt          0x0000000100000000        0x0 Output/ble_ehsb_c_pca10040_s132 Debug/Obj/thumb_crt0.o
                0x0000000000000001                . = ASSERT (((__text_start__ == __text_end__) || ((__text_end__ >= __FLASH_segment_start__) && (__text_end__ <= __FLASH_segment_end__))), error: .text is too large to fit in FLASH memory segment)
                0x000000000002da48                __sdh_soc_observers_load_start__ = ALIGN (__text_end__, 0x4)

.sdh_soc_observers
                0x000000000002da48        0x8
                0x000000000002da48                __sdh_soc_observers_start__ = .
                0x000000000002da48                __start_sdh_soc_observers = __sdh_soc_observers_start__
 *(SORT(.sdh_soc_observers*))
 .sdh_soc_observers0
                0x000000000002da48        0x8 Output/ble_ehsb_c_pca10040_s132 Debug/Obj/nrf_drv_clock.o
                0x000000000002da50                __sdh_soc_observers_end__ = (__sdh_soc_observers_start__ + SIZEOF (.sdh_soc_observers))
                0x0000000000000008                __sdh_soc_observers_size__ = SIZEOF (.sdh_soc_observers)
                0x000000000002da50                __stop_sdh_soc_observers = __sdh_soc_observers_end__
                0x000000000002da50                __sdh_soc_observers_load_end__ = __sdh_soc_observers_end__
                0x0000000000000001                . = ASSERT (((__sdh_soc_observers_start__ == __sdh_soc_observers_end__) || ((__sdh_soc_observers_end__ >= __FLASH_segment_start__) && (__sdh_soc_observers_end__ <= __FLASH_segment_end__))), error: .sdh_soc_observers is too large to fit in FLASH memory segment)
                0x000000000002da50                __pwr_mgmt_data_load_start__ = ALIGN (__sdh_soc_observers_end__, 0x4)

.pwr_mgmt_data  0x000000000002da50        0x4
                0x000000000002da50                __pwr_mgmt_data_start__ = .
                0x000000000002da50                __start_pwr_mgmt_data = __pwr_mgmt_data_start__
 *(SORT(.pwr_mgmt_data*))
 .pwr_mgmt_data1
                0x000000000002da50        0x4 Output/ble_ehsb_c_pca10040_s132 Debug/Obj/main.o
                0x000000000002da54                __pwr_mgmt_data_end__ = (__pwr_mgmt_data_start__ + SIZEOF (.pwr_mgmt_data))
                0x0000000000000004                __pwr_mgmt_data_size__ = SIZEOF (.pwr_mgmt_data)
                0x000000000002da54                __stop_pwr_mgmt_data = __pwr_mgmt_data_end__
                0x000000000002da54                __pwr_mgmt_data_load_end__ = __pwr_mgmt_data_end__
                0x0000000000000001                . = ASSERT (((__pwr_mgmt_data_start__ == __pwr_mgmt_data_end__) || ((__pwr_mgmt_data_end__ >= __FLASH_segment_start__) && (__pwr_mgmt_data_end__ <= __FLASH_segment_end__))), error: .pwr_mgmt_data is too large to fit in FLASH memory segment)
                0x000000000002da54                __log_const_data_load_start__ = ALIGN (__pwr_mgmt_data_end__, 0x4)

.log_const_data
                0x000000000002da54       0x60
                0x000000000002da54                __log_const_data_start__ = .
                0x000000000002da54                __start_log_const_data = __log_const_data_start__
 *(SORT(.log_const_data*))
 .log_const_data_app
                0x000000000002da54        0x8 Output/ble_ehsb_c_pca10040_s132 Debug/Obj/nrf_log_frontend.o
                0x000000000002da54                m_nrf_log_app_logs_data_const
 .log_const_data_balloc
                0x000000000002da5c        0x8 Output/ble_ehsb_c_pca10040_s132 Debug/Obj/nrf_balloc.o
                0x000000000002da5c                m_nrf_log_balloc_logs_data_const
 .log_const_data_ble_db_disc
                0x000000000002da64        0x8 Output/ble_ehsb_c_pca10040_s132 Debug/Obj/ble_db_discovery.o
                0x000000000002da64                m_nrf_log_ble_db_disc_logs_data_const
 .log_const_data_ble_gatt
                0x000000000002da6c        0x8 Output/ble_ehsb_c_pca10040_s132 Debug/Obj/nrf_ble_gatt.o
                0x000000000002da6c                m_nrf_log_ble_gatt_logs_data_const
 .log_const_data_ble_nus
                0x000000000002da74        0x8 Output/ble_ehsb_c_pca10040_s132 Debug/Obj/ble_nus_c.o
                0x000000000002da74                m_nrf_log_ble_nus_logs_data_const
 .log_const_data_clock
                0x000000000002da7c        0x8 Output/ble_ehsb_c_pca10040_s132 Debug/Obj/nrf_drv_clock.o
                0x000000000002da7c                m_nrf_log_clock_logs_data_const
 .log_const_data_gpiote
                0x000000000002da84        0x8 Output/ble_ehsb_c_pca10040_s132 Debug/Obj/nrf_drv_gpiote.o
                0x000000000002da84                m_nrf_log_gpiote_logs_data_const
 .log_const_data_nrf_sdh
                0x000000000002da8c        0x8 Output/ble_ehsb_c_pca10040_s132 Debug/Obj/nrf_sdh.o
                0x000000000002da8c                m_nrf_log_nrf_sdh_logs_data_const
 .log_const_data_nrf_sdh_ble
                0x000000000002da94        0x8 Output/ble_ehsb_c_pca10040_s132 Debug/Obj/nrf_sdh_ble.o
                0x000000000002da94                m_nrf_log_nrf_sdh_ble_logs_data_const
 .log_const_data_nrf_sdh_soc
                0x000000000002da9c        0x8 Output/ble_ehsb_c_pca10040_s132 Debug/Obj/nrf_sdh_soc.o
                0x000000000002da9c                m_nrf_log_nrf_sdh_soc_logs_data_const
 .log_const_data_pwr_mgmt
                0x000000000002daa4        0x8 Output/ble_ehsb_c_pca10040_s132 Debug/Obj/nrf_pwr_mgmt.o
                0x000000000002daa4                m_nrf_log_pwr_mgmt_logs_data_const
 .log_const_data_uart
                0x000000000002daac        0x8 Output/ble_ehsb_c_pca10040_s132 Debug/Obj/nrf_drv_uart.o
                0x000000000002daac                m_nrf_log_uart_logs_data_const
                0x000000000002dab4                __log_const_data_end__ = (__log_const_data_start__ + SIZEOF (.log_const_data))
                0x0000000000000060                __log_const_data_size__ = SIZEOF (.log_const_data)
                0x000000000002dab4                __stop_log_const_data = __log_const_data_end__
                0x000000000002dab4                __log_const_data_load_end__ = __log_const_data_end__
                0x0000000000000001                . = ASSERT (((__log_const_data_start__ == __log_const_data_end__) || ((__log_const_data_end__ >= __FLASH_segment_start__) && (__log_const_data_end__ <= __FLASH_segment_end__))), error: .log_const_data is too large to fit in FLASH memory segment)
                0x000000000002dab4                __sdh_req_observers_load_start__ = ALIGN (__log_const_data_end__, 0x4)

.sdh_req_observers
                0x000000000002dab4        0x0
                0x000000000002dab4                __sdh_req_observers_start__ = .
                0x000000000002dab4                __start_sdh_req_observers = __sdh_req_observers_start__
 *(SORT(.sdh_req_observers*))
                0x000000000002dab4                __sdh_req_observers_end__ = (__sdh_req_observers_start__ + SIZEOF (.sdh_req_observers))
                0x0000000000000000                __sdh_req_observers_size__ = SIZEOF (.sdh_req_observers)
                0x000000000002dab4                __stop_sdh_req_observers = __sdh_req_observers_end__
                0x000000000002dab4                __sdh_req_observers_load_end__ = __sdh_req_observers_end__
                0x0000000000000001                . = ASSERT (((__sdh_req_observers_start__ == __sdh_req_observers_end__) || ((__sdh_req_observers_end__ >= __FLASH_segment_start__) && (__sdh_req_observers_end__ <= __FLASH_segment_end__))), error: .sdh_req_observers is too large to fit in FLASH memory segment)
                0x000000000002dab4                __sdh_state_observers_load_start__ = ALIGN (__sdh_req_observers_end__, 0x4)

.sdh_state_observers
                0x000000000002dab4        0x8
                0x000000000002dab4                __sdh_state_observers_start__ = .
                0x000000000002dab4                __start_sdh_state_observers = __sdh_state_observers_start__
 *(SORT(.sdh_state_observers*))
 .sdh_state_observers0
                0x000000000002dab4        0x8 Output/ble_ehsb_c_pca10040_s132 Debug/Obj/nrf_drv_clock.o
                0x000000000002dabc                __sdh_state_observers_end__ = (__sdh_state_observers_start__ + SIZEOF (.sdh_state_observers))
                0x0000000000000008                __sdh_state_observers_size__ = SIZEOF (.sdh_state_observers)
                0x000000000002dabc                __stop_sdh_state_observers = __sdh_state_observers_end__
                0x000000000002dabc                __sdh_state_observers_load_end__ = __sdh_state_observers_end__
                0x0000000000000001                . = ASSERT (((__sdh_state_observers_start__ == __sdh_state_observers_end__) || ((__sdh_state_observers_end__ >= __FLASH_segment_start__) && (__sdh_state_observers_end__ <= __FLASH_segment_end__))), error: .sdh_state_observers is too large to fit in FLASH memory segment)
                0x000000000002dabc                __sdh_stack_observers_load_start__ = ALIGN (__sdh_state_observers_end__, 0x4)

.sdh_stack_observers
                0x000000000002dabc       0x10
                0x000000000002dabc                __sdh_stack_observers_start__ = .
                0x000000000002dabc                __start_sdh_stack_observers = __sdh_stack_observers_start__
 *(SORT(.sdh_stack_observers*))
 .sdh_stack_observers0
                0x000000000002dabc        0x8 Output/ble_ehsb_c_pca10040_s132 Debug/Obj/nrf_sdh_ble.o
 .sdh_stack_observers0
                0x000000000002dac4        0x8 Output/ble_ehsb_c_pca10040_s132 Debug/Obj/nrf_sdh_soc.o
                0x000000000002dacc                __sdh_stack_observers_end__ = (__sdh_stack_observers_start__ + SIZEOF (.sdh_stack_observers))
                0x0000000000000010                __sdh_stack_observers_size__ = SIZEOF (.sdh_stack_observers)
                0x000000000002dacc                __stop_sdh_stack_observers = __sdh_stack_observers_end__
                0x000000000002dacc                __sdh_stack_observers_load_end__ = __sdh_stack_observers_end__
                0x0000000000000001                . = ASSERT (((__sdh_stack_observers_start__ == __sdh_stack_observers_end__) || ((__sdh_stack_observers_end__ >= __FLASH_segment_start__) && (__sdh_stack_observers_end__ <= __FLASH_segment_end__))), error: .sdh_stack_observers is too large to fit in FLASH memory segment)
                0x000000000002dacc                __cli_command_load_start__ = ALIGN (__sdh_stack_observers_end__, 0x4)

.cli_command    0x000000000002dacc        0x0
                0x000000000002dacc                __cli_command_start__ = .
                0x000000000002dacc                __start_cli_command = __cli_command_start__
 *(.cli_command*)
                0x000000000002dacc                __cli_command_end__ = (__cli_command_start__ + SIZEOF (.cli_command))
                0x0000000000000000                __cli_command_size__ = SIZEOF (.cli_command)
                0x000000000002dacc                __stop_cli_command = __cli_command_end__
                0x000000000002dacc                __cli_command_load_end__ = __cli_command_end__
                0x0000000000000001                . = ASSERT (((__cli_command_start__ == __cli_command_end__) || ((__cli_command_end__ >= __FLASH_segment_start__) && (__cli_command_end__ <= __FLASH_segment_end__))), error: .cli_command is too large to fit in FLASH memory segment)
                0x000000000002dacc                __sdh_ble_observers_load_start__ = ALIGN (__cli_command_end__, 0x4)

.sdh_ble_observers
                0x000000000002dacc       0x28
                0x000000000002dacc                __sdh_ble_observers_start__ = .
                0x000000000002dacc                __start_sdh_ble_observers = __sdh_ble_observers_start__
 *(SORT(.sdh_ble_observers*))
 .sdh_ble_observers1
                0x000000000002dacc        0x8 Output/ble_ehsb_c_pca10040_s132 Debug/Obj/bsp_btn_ble.o
 .sdh_ble_observers1
                0x000000000002dad4       0x10 Output/ble_ehsb_c_pca10040_s132 Debug/Obj/main.o
 .sdh_ble_observers2
                0x000000000002dae4        0x8 Output/ble_ehsb_c_pca10040_s132 Debug/Obj/main.o
 .sdh_ble_observers3
                0x000000000002daec        0x8 Output/ble_ehsb_c_pca10040_s132 Debug/Obj/main.o
                0x000000000002daf4                __sdh_ble_observers_end__ = (__sdh_ble_observers_start__ + SIZEOF (.sdh_ble_observers))
                0x0000000000000028                __sdh_ble_observers_size__ = SIZEOF (.sdh_ble_observers)
                0x000000000002daf4                __stop_sdh_ble_observers = __sdh_ble_observers_end__
                0x000000000002daf4                __sdh_ble_observers_load_end__ = __sdh_ble_observers_end__
                0x0000000000000001                . = ASSERT (((__sdh_ble_observers_start__ == __sdh_ble_observers_end__) || ((__sdh_ble_observers_end__ >= __FLASH_segment_start__) && (__sdh_ble_observers_end__ <= __FLASH_segment_end__))), error: .sdh_ble_observers is too large to fit in FLASH memory segment)
                0x000000000002daf4                __nrf_sections_load_start__ = ALIGN (__sdh_ble_observers_end__, 0x4)

.nrf_sections   0x000000000002daf4        0x0
                0x000000000002daf4                __nrf_sections_start__ = .
                0x000000000002daf4                __start_nrf_sections = __nrf_sections_start__
 *(.nrf_sections .nrf_sections.*)
                0x000000000002daf4                __nrf_sections_end__ = (__nrf_sections_start__ + SIZEOF (.nrf_sections))
                0x0000000000000000                __nrf_sections_size__ = SIZEOF (.nrf_sections)
                0x000000000002daf4                __nrf_sections_load_end__ = __nrf_sections_end__
                0x0000000000000001                . = ASSERT (((__nrf_sections_start__ == __nrf_sections_end__) || ((__nrf_sections_end__ >= __FLASH_segment_start__) && (__nrf_sections_end__ <= __FLASH_segment_end__))), error: .nrf_sections is too large to fit in FLASH memory segment)